<html>
<body>
<pre>
<h1>µVision Build Log</h1>
<h2>Tool Versions:</h2>
IDE-Version: ¦ÌVision V5.38.0.0
Copyright (C) 2022 ARM Ltd and ARM Germany GmbH. All rights reserved.
License Information: ssddf fdfd, dfsdsf, LIC=DSNXV-PRYST-4A0DE-513ZG-AMN3H-D398E
 
Tool Versions:
Toolchain:       MDK-ARM Professional  Version: 5.34.0.0
Toolchain Path:  C:\Keil_v5\ARM\ARMCLANG\Bin
C Compiler:      ArmClang.exe V6.16
Assembler:       Armasm.exe V6.16
Linker/Locator:  ArmLink.exe V6.16
Library Manager: ArmAr.exe V6.16
Hex Converter:   FromElf.exe V6.16
CPU DLL:         SARMCM3.DLL V5.34.0.0
Dialog DLL:      DCM.DLL V1.17.3.0
Target DLL:      UL2CM3.DLL V1.163.9.0
Dialog DLL:      TCM.DLL V1.48.0.0
 
<h2>Project:</h2>
E:\work\learn\learn_project\at23_learn_projects\at32_work_bench_projects\at32f437ZGT7_LCD_ST7789\bsp\st7789\project\stm32f407\MDK\stm32f407.uvprojx
Project File Date:  09/30/2024

<h2>Output:</h2>
*** Using Compiler 'V6.16', folder: 'C:\Keil_v5\ARM\ARMCLANG\Bin'
Build target 'stm32f407'
compiling shell.c...
compiling stm32f4xx_it.c...
compiling system_stm32f4xx.c...
compiling stm32f4xx_hal_msp.c...
compiling getopt.c...
compiling driver_st7789_basic.c...
compiling main.c...
compiling clock.c...
compiling stm32f407_driver_st7789_interface.c...
compiling delay.c...
compiling wire.c...
compiling driver_st7789_display_test.c...
compiling spi.c...
compiling uart.c...
compiling stm32f4xx_hal.c...
compiling stm32f4xx_hal_adc_ex.c...
compiling stm32f4xx_hal_cec.c...
compiling stm32f4xx_hal_adc.c...
compiling stm32f4xx_hal_cortex.c...
compiling stm32f4xx_hal_can.c...
compiling stm32f4xx_hal_crc.c...
compiling driver_st7789.c...
compiling stm32f4xx_hal_cryp.c...
compiling stm32f4xx_hal_cryp_ex.c...
compiling stm32f4xx_hal_dac_ex.c...
compiling stm32f4xx_hal_dac.c...
compiling stm32f4xx_hal_dcmi_ex.c...
compiling stm32f4xx_hal_dcmi.c...
compiling stm32f4xx_hal_dfsdm.c...
compiling stm32f4xx_hal_dma2d.c...
compiling stm32f4xx_hal_dma_ex.c...
compiling stm32f4xx_hal_dma.c...
compiling stm32f4xx_hal_dsi.c...
compiling stm32f4xx_hal_eth.c...
compiling stm32f4xx_hal_exti.c...
compiling stm32f4xx_hal_flash_ex.c...
compiling stm32f4xx_hal_flash.c...
compiling stm32f4xx_hal_flash_ramfunc.c...
compiling stm32f4xx_hal_fmpi2c.c...
compiling stm32f4xx_hal_fmpi2c_ex.c...
compiling stm32f4xx_hal_fmpsmbus.c...
compiling stm32f4xx_hal_fmpsmbus_ex.c...
compiling stm32f4xx_hal_gpio.c...
compiling stm32f4xx_hal_hash.c...
compiling stm32f4xx_hal_hash_ex.c...
compiling stm32f4xx_hal_i2c_ex.c...
compiling stm32f4xx_hal_hcd.c...
compiling stm32f4xx_hal_i2s.c...
compiling stm32f4xx_hal_i2s_ex.c...
compiling stm32f4xx_hal_iwdg.c...
compiling stm32f4xx_hal_lptim.c...
compiling stm32f4xx_hal_irda.c...
compiling stm32f4xx_hal_ltdc.c...
compiling stm32f4xx_hal_ltdc_ex.c...
compiling stm32f4xx_hal_mmc.c...
compiling stm32f4xx_hal_i2c.c...
compiling stm32f4xx_hal_pccard.c...
compiling stm32f4xx_hal_nor.c...
compiling stm32f4xx_hal_nand.c...
compiling stm32f4xx_hal_pcd_ex.c...
compiling stm32f4xx_hal_pwr.c...
compiling stm32f4xx_hal_qspi.c...
compiling stm32f4xx_hal_pcd.c...
compiling stm32f4xx_hal_pwr_ex.c...
compiling stm32f4xx_hal_rcc_ex.c...
compiling stm32f4xx_hal_rcc.c...
compiling stm32f4xx_hal_rng.c...
compiling stm32f4xx_hal_sai.c...
compiling stm32f4xx_hal_rtc.c...
compiling stm32f4xx_hal_rtc_ex.c...
compiling stm32f4xx_hal_sai_ex.c...
compiling stm32f4xx_hal_sdram.c...
compiling stm32f4xx_hal_smbus.c...
compiling stm32f4xx_hal_smartcard.c...
compiling stm32f4xx_hal_spdifrx.c...
compiling stm32f4xx_hal_sd.c...
compiling stm32f4xx_hal_sram.c...
compiling stm32f4xx_hal_spi.c...
compiling stm32f4xx_ll_adc.c...
compiling stm32f4xx_hal_tim_ex.c...
compiling stm32f4xx_hal_wwdg.c...
compiling stm32f4xx_ll_crc.c...
compiling stm32f4xx_hal_tim.c...
compiling stm32f4xx_ll_dac.c...
compiling stm32f4xx_hal_uart.c...
compiling stm32f4xx_ll_dma2d.c...
compiling stm32f4xx_ll_dma.c...
compiling stm32f4xx_hal_usart.c...
compiling stm32f4xx_ll_exti.c...
compiling stm32f4xx_ll_fmc.c...
compiling stm32f4xx_ll_gpio.c...
compiling stm32f4xx_ll_fmpi2c.c...
compiling stm32f4xx_ll_i2c.c...
compiling stm32f4xx_ll_lptim.c...
compiling stm32f4xx_ll_fsmc.c...
compiling stm32f4xx_ll_pwr.c...
compiling stm32f4xx_ll_rng.c...
compiling stm32f4xx_ll_rcc.c...
compiling stm32f4xx_ll_rtc.c...
compiling stm32f4xx_ll_spi.c...
compiling stm32f4xx_ll_tim.c...
compiling stm32f4xx_ll_usart.c...
compiling stm32f4xx_ll_sdmmc.c...
assembling startup_stm32f407xx_mdk.s...
compiling stm32f4xx_ll_utils.c...
compiling stm32f4xx_ll_usb.c...
linking...
Program Size: Code=40904 RO-data=166616 RW-data=12 ZI-data=13012  
FromELF: creating hex file...
"..\output\mdk\st7789.axf" - 0 Error(s), 0 Warning(s).

<h2>Software Packages used:</h2>

Package Vendor: Keil
                https://www.keil.com/pack/Keil.STM32F4xx_DFP.2.17.1.pack
                Keil.STM32F4xx_DFP.2.17.1
                STMicroelectronics STM32F4 Series Device Support, Drivers and Examples

<h2>Collection of Component include folders:</h2>
  E:/Arm/Packs/Keil/STM32F4xx_DFP/2.17.1/Drivers/CMSIS/Device/ST/STM32F4xx/Include

<h2>Collection of Component Files used:</h2>
Build Time Elapsed:  00:00:21
</pre>
</body>
</html>
