Component: ARM Compiler 6.16 Tool: armlink [5dfeaa00]

==============================================================================

Section Cross References

    at32f435_437_int.o(.ARM.exidx.text.NMI_Handler) refers to at32f435_437_int.o(.text.NMI_Handler) for [Anonymous Symbol]
    at32f435_437_int.o(.ARM.exidx.text.HardFault_Handler) refers to at32f435_437_int.o(.text.HardFault_Handler) for [Anonymous Symbol]
    at32f435_437_int.o(.ARM.exidx.text.MemManage_Handler) refers to at32f435_437_int.o(.text.MemManage_Handler) for [Anonymous Symbol]
    at32f435_437_int.o(.ARM.exidx.text.BusFault_Handler) refers to at32f435_437_int.o(.text.BusFault_Handler) for [Anonymous Symbol]
    at32f435_437_int.o(.ARM.exidx.text.UsageFault_Handler) refers to at32f435_437_int.o(.text.UsageFault_Handler) for [Anonymous Symbol]
    at32f435_437_int.o(.ARM.exidx.text.SVC_Handler) refers to at32f435_437_int.o(.text.SVC_Handler) for [Anonymous Symbol]
    at32f435_437_int.o(.ARM.exidx.text.DebugMon_Handler) refers to at32f435_437_int.o(.text.DebugMon_Handler) for [Anonymous Symbol]
    at32f435_437_int.o(.ARM.exidx.text.PendSV_Handler) refers to at32f435_437_int.o(.text.PendSV_Handler) for [Anonymous Symbol]
    at32f435_437_wk_config.o(.text.wk_system_clock_config) refers to at32f435_437_crm.o(.text.crm_reset) for crm_reset
    at32f435_437_wk_config.o(.text.wk_system_clock_config) refers to at32f435_437_crm.o(.text.crm_periph_clock_enable) for crm_periph_clock_enable
    at32f435_437_wk_config.o(.text.wk_system_clock_config) refers to at32f435_437_crm.o(.text.crm_clock_source_enable) for crm_clock_source_enable
    at32f435_437_wk_config.o(.text.wk_system_clock_config) refers to at32f435_437_crm.o(.text.crm_flag_get) for crm_flag_get
    at32f435_437_wk_config.o(.text.wk_system_clock_config) refers to at32f435_437_crm.o(.text.crm_hext_stable_wait) for crm_hext_stable_wait
    at32f435_437_wk_config.o(.text.wk_system_clock_config) refers to at32f435_437_crm.o(.text.crm_pll_config) for crm_pll_config
    at32f435_437_wk_config.o(.text.wk_system_clock_config) refers to at32f435_437_crm.o(.text.crm_ahb_div_set) for crm_ahb_div_set
    at32f435_437_wk_config.o(.text.wk_system_clock_config) refers to at32f435_437_crm.o(.text.crm_apb2_div_set) for crm_apb2_div_set
    at32f435_437_wk_config.o(.text.wk_system_clock_config) refers to at32f435_437_crm.o(.text.crm_apb1_div_set) for crm_apb1_div_set
    at32f435_437_wk_config.o(.text.wk_system_clock_config) refers to at32f435_437_crm.o(.text.crm_auto_step_mode_enable) for crm_auto_step_mode_enable
    at32f435_437_wk_config.o(.text.wk_system_clock_config) refers to at32f435_437_crm.o(.text.crm_sysclk_switch) for crm_sysclk_switch
    at32f435_437_wk_config.o(.text.wk_system_clock_config) refers to at32f435_437_crm.o(.text.crm_sysclk_switch_status_get) for crm_sysclk_switch_status_get
    at32f435_437_wk_config.o(.text.wk_system_clock_config) refers to system_at32f435_437.o(.text.system_core_clock_update) for system_core_clock_update
    at32f435_437_wk_config.o(.ARM.exidx.text.wk_system_clock_config) refers to at32f435_437_wk_config.o(.text.wk_system_clock_config) for [Anonymous Symbol]
    at32f435_437_wk_config.o(.text.wk_periph_clock_config) refers to at32f435_437_crm.o(.text.crm_periph_clock_enable) for crm_periph_clock_enable
    at32f435_437_wk_config.o(.ARM.exidx.text.wk_periph_clock_config) refers to at32f435_437_wk_config.o(.text.wk_periph_clock_config) for [Anonymous Symbol]
    at32f435_437_wk_config.o(.text.wk_nvic_config) refers to at32f435_437_misc.o(.text.nvic_priority_group_config) for nvic_priority_group_config
    at32f435_437_wk_config.o(.ARM.exidx.text.wk_nvic_config) refers to at32f435_437_wk_config.o(.text.wk_nvic_config) for [Anonymous Symbol]
    at32f435_437_wk_config.o(.text.wk_gpio_config) refers to at32f435_437_gpio.o(.text.gpio_default_para_init) for gpio_default_para_init
    at32f435_437_wk_config.o(.text.wk_gpio_config) refers to at32f435_437_gpio.o(.text.gpio_init) for gpio_init
    at32f435_437_wk_config.o(.text.wk_gpio_config) refers to at32f435_437_gpio.o(.text.gpio_bits_reset) for gpio_bits_reset
    at32f435_437_wk_config.o(.text.wk_gpio_config) refers to at32f435_437_gpio.o(.text.gpio_bits_set) for gpio_bits_set
    at32f435_437_wk_config.o(.ARM.exidx.text.wk_gpio_config) refers to at32f435_437_wk_config.o(.text.wk_gpio_config) for [Anonymous Symbol]
    at32f435_437_wk_config.o(.text.wk_spi1_init) refers to at32f435_437_gpio.o(.text.gpio_default_para_init) for gpio_default_para_init
    at32f435_437_wk_config.o(.text.wk_spi1_init) refers to at32f435_437_spi.o(.text.spi_default_para_init) for spi_default_para_init
    at32f435_437_wk_config.o(.text.wk_spi1_init) refers to at32f435_437_gpio.o(.text.gpio_init) for gpio_init
    at32f435_437_wk_config.o(.text.wk_spi1_init) refers to at32f435_437_gpio.o(.text.gpio_pin_mux_config) for gpio_pin_mux_config
[...]
    Removing at32f435_437_spi.o(.ARM.exidx.text.spi_half_duplex_direction_set), (8 bytes).
    Removing at32f435_437_spi.o(.ARM.exidx.text.spi_enable), (8 bytes).
    Removing at32f435_437_spi.o(.text.i2s_default_para_init), (16 bytes).
    Removing at32f435_437_spi.o(.ARM.exidx.text.i2s_default_para_init), (8 bytes).
    Removing at32f435_437_spi.o(.text.i2s_init), (392 bytes).
    Removing at32f435_437_spi.o(.ARM.exidx.text.i2s_init), (8 bytes).
    Removing at32f435_437_spi.o(.text.i2s_enable), (18 bytes).
    Removing at32f435_437_spi.o(.ARM.exidx.text.i2s_enable), (8 bytes).
    Removing at32f435_437_spi.o(.text.spi_i2s_interrupt_enable), (16 bytes).
    Removing at32f435_437_spi.o(.ARM.exidx.text.spi_i2s_interrupt_enable), (8 bytes).
    Removing at32f435_437_spi.o(.ARM.exidx.text.spi_i2s_dma_transmitter_enable), (8 bytes).
    Removing at32f435_437_spi.o(.text.spi_i2s_dma_receiver_enable), (10 bytes).
    Removing at32f435_437_spi.o(.ARM.exidx.text.spi_i2s_dma_receiver_enable), (8 bytes).
    Removing at32f435_437_spi.o(.text.spi_i2s_data_transmit), (4 bytes).
    Removing at32f435_437_spi.o(.ARM.exidx.text.spi_i2s_data_transmit), (8 bytes).
    Removing at32f435_437_spi.o(.text.spi_i2s_data_receive), (6 bytes).
    Removing at32f435_437_spi.o(.ARM.exidx.text.spi_i2s_data_receive), (8 bytes).
    Removing at32f435_437_spi.o(.text.spi_i2s_flag_get), (10 bytes).
    Removing at32f435_437_spi.o(.ARM.exidx.text.spi_i2s_flag_get), (8 bytes).
    Removing at32f435_437_spi.o(.text.spi_i2s_interrupt_flag_get), (162 bytes).
    Removing at32f435_437_spi.o(.ARM.exidx.text.spi_i2s_interrupt_flag_get), (8 bytes).
    Removing at32f435_437_spi.o(.text.spi_i2s_flag_clear), (92 bytes).
    Removing at32f435_437_spi.o(.ARM.exidx.text.spi_i2s_flag_clear), (8 bytes).
    Removing at32f435_437_dma.o(.text), (0 bytes).
    Removing at32f435_437_dma.o(.ARM.exidx.text.dma_reset), (8 bytes).
    Removing at32f435_437_dma.o(.text.dma_data_number_set), (4 bytes).
    Removing at32f435_437_dma.o(.ARM.exidx.text.dma_data_number_set), (8 bytes).
    Removing at32f435_437_dma.o(.text.dma_data_number_get), (6 bytes).
    Removing at32f435_437_dma.o(.ARM.exidx.text.dma_data_number_get), (8 bytes).
    Removing at32f435_437_dma.o(.text.dma_interrupt_enable), (16 bytes).
    Removing at32f435_437_dma.o(.ARM.exidx.text.dma_interrupt_enable), (8 bytes).
    Removing at32f435_437_dma.o(.text.dma_channel_enable), (10 bytes).
    Removing at32f435_437_dma.o(.ARM.exidx.text.dma_channel_enable), (8 bytes).
    Removing at32f435_437_dma.o(.text.dma_flag_get), (28 bytes).
    Removing at32f435_437_dma.o(.ARM.exidx.text.dma_flag_get), (8 bytes).
    Removing at32f435_437_dma.o(.text.dma_interrupt_flag_get), (28 bytes).
    Removing at32f435_437_dma.o(.ARM.exidx.text.dma_interrupt_flag_get), (8 bytes).
    Removing at32f435_437_dma.o(.text.dma_flag_clear), (26 bytes).
    Removing at32f435_437_dma.o(.ARM.exidx.text.dma_flag_clear), (8 bytes).
    Removing at32f435_437_dma.o(.ARM.exidx.text.dma_default_para_init), (8 bytes).
    Removing at32f435_437_dma.o(.ARM.exidx.text.dma_init), (8 bytes).
    Removing at32f435_437_dma.o(.text.dma_flexible_config), (22 bytes).
    Removing at32f435_437_dma.o(.ARM.exidx.text.dma_flexible_config), (8 bytes).
    Removing at32f435_437_dma.o(.ARM.exidx.text.dmamux_enable), (8 bytes).
    Removing at32f435_437_dma.o(.ARM.exidx.text.dmamux_init), (8 bytes).
    Removing at32f435_437_dma.o(.text.dmamux_sync_default_para_init), (12 bytes).
    Removing at32f435_437_dma.o(.ARM.exidx.text.dmamux_sync_default_para_init), (8 bytes).
    Removing at32f435_437_dma.o(.text.dmamux_sync_config), (88 bytes).
    Removing at32f435_437_dma.o(.ARM.exidx.text.dmamux_sync_config), (8 bytes).
    Removing at32f435_437_dma.o(.text.dmamux_generator_default_para_init), (10 bytes).
    Removing at32f435_437_dma.o(.ARM.exidx.text.dmamux_generator_default_para_init), (8 bytes).
    Removing at32f435_437_dma.o(.text.dmamux_generator_config), (70 bytes).
    Removing at32f435_437_dma.o(.ARM.exidx.text.dmamux_generator_config), (8 bytes).
    Removing at32f435_437_dma.o(.text.dmamux_sync_interrupt_enable), (18 bytes).
    Removing at32f435_437_dma.o(.ARM.exidx.text.dmamux_sync_interrupt_enable), (8 bytes).
    Removing at32f435_437_dma.o(.text.dmamux_generator_interrupt_enable), (18 bytes).
    Removing at32f435_437_dma.o(.ARM.exidx.text.dmamux_generator_interrupt_enable), (8 bytes).
    Removing at32f435_437_dma.o(.text.dmamux_sync_flag_get), (12 bytes).
    Removing at32f435_437_dma.o(.ARM.exidx.text.dmamux_sync_flag_get), (8 bytes).
    Removing at32f435_437_dma.o(.text.dmamux_sync_interrupt_flag_get), (80 bytes).
    Removing at32f435_437_dma.o(.ARM.exidx.text.dmamux_sync_interrupt_flag_get), (8 bytes).
    Removing at32f435_437_dma.o(.text.dmamux_sync_flag_clear), (6 bytes).
    Removing at32f435_437_dma.o(.ARM.exidx.text.dmamux_sync_flag_clear), (8 bytes).
    Removing at32f435_437_dma.o(.text.dmamux_generator_flag_get), (12 bytes).
    Removing at32f435_437_dma.o(.ARM.exidx.text.dmamux_generator_flag_get), (8 bytes).
    Removing at32f435_437_dma.o(.text.dmamux_generator_interrupt_flag_get), (80 bytes).
    Removing at32f435_437_dma.o(.ARM.exidx.text.dmamux_generator_interrupt_flag_get), (8 bytes).
    Removing at32f435_437_dma.o(.text.dmamux_generator_flag_clear), (6 bytes).
    Removing at32f435_437_dma.o(.ARM.exidx.text.dmamux_generator_flag_clear), (8 bytes).
    Removing system_at32f435_437.o(.text), (0 bytes).
    Removing system_at32f435_437.o(.ARM.exidx.text.SystemInit), (8 bytes).
    Removing system_at32f435_437.o(.ARM.exidx.text.system_core_clock_update), (8 bytes).
    Removing xtp_delay.o(.text), (0 bytes).
    Removing xtp_delay.o(.ARM.exidx.text._Z10delay_initv), (8 bytes).
    Removing xtp_delay.o(.ARM.exidx.text._Z8delay_ust), (8 bytes).
    Removing xtp_delay.o(.ARM.exidx.text._Z8delay_mst), (8 bytes).
    Removing buzzer.o(.text), (0 bytes).
    Removing buzzer.o(.ARM.exidx.text._ZN6BuzzerC2EP9gpio_typet), (8 bytes).
    Removing buzzer.o(.text._ZN6Buzzer3offEv), (10 bytes).
    Removing buzzer.o(.ARM.exidx.text._ZN6Buzzer3offEv), (8 bytes).
    Removing buzzer.o(.text._ZN6Buzzer2onEv), (10 bytes).
    Removing buzzer.o(.ARM.exidx.text._ZN6Buzzer2onEv), (8 bytes).
    Removing buzzer.o(.text._ZN6Buzzer2onEi), (36 bytes).
    Removing buzzer.o(.ARM.exidx.text._ZN6Buzzer2onEi), (8 bytes).
    Removing buzzer.o(.ARM.exidx.text._ZN6Buzzer2onEii), (8 bytes).
    Removing xtp_gpio.o(.text), (0 bytes).
    Removing xtp_gpio.o(.ARM.exidx.text._ZN7XTPGPioC2EP9gpio_typet), (8 bytes).
    Removing xtp_gpio.o(.ARM.exidx.text._ZNK7XTPGPio8setLevelE13confirm_state), (8 bytes).
    Removing driver_st7789.o(.text), (0 bytes).
    Removing driver_st7789.o(.text.st7789_nop), (54 bytes).
    Removing driver_st7789.o(.ARM.exidx.text.st7789_nop), (8 bytes).
    Removing driver_st7789.o(.text.a_st7789_write_byte), (44 bytes).
    Removing driver_st7789.o(.ARM.exidx.text.a_st7789_write_byte), (8 bytes).
    Removing driver_st7789.o(.text.st7789_software_reset), (60 bytes).
    Removing driver_st7789.o(.ARM.exidx.text.st7789_software_reset), (8 bytes).
    Removing driver_st7789.o(.text.st7789_sleep_in), (54 bytes).
    Removing driver_st7789.o(.ARM.exidx.text.st7789_sleep_in), (8 bytes).
    Removing driver_st7789.o(.text.st7789_sleep_out), (60 bytes).
    Removing driver_st7789.o(.ARM.exidx.text.st7789_sleep_out), (8 bytes).
    Removing driver_st7789.o(.text.st7789_partial_display_mode_on), (54 bytes).
    Removing driver_st7789.o(.ARM.exidx.text.st7789_partial_display_mode_on), (8 bytes).
    Removing driver_st7789.o(.text.st7789_normal_display_mode_on), (54 bytes).
    Removing driver_st7789.o(.ARM.exidx.text.st7789_normal_display_mode_on), (8 bytes).
    Removing driver_st7789.o(.text.st7789_display_inversion_off), (54 bytes).
    Removing driver_st7789.o(.ARM.exidx.text.st7789_display_inversion_off), (8 bytes).
    Removing driver_st7789.o(.text.st7789_display_inversion_on), (54 bytes).
    Removing driver_st7789.o(.ARM.exidx.text.st7789_display_inversion_on), (8 bytes).
    Removing driver_st7789.o(.text.st7789_set_gamma), (82 bytes).
    Removing driver_st7789.o(.ARM.exidx.text.st7789_set_gamma), (8 bytes).
    Removing driver_st7789.o(.text.st7789_display_off), (54 bytes).
    Removing driver_st7789.o(.ARM.exidx.text.st7789_display_off), (8 bytes).
    Removing driver_st7789.o(.text.st7789_display_on), (54 bytes).
    Removing driver_st7789.o(.ARM.exidx.text.st7789_display_on), (8 bytes).
    Removing driver_st7789.o(.text.st7789_set_column_address), (164 bytes).
    Removing driver_st7789.o(.ARM.exidx.text.st7789_set_column_address), (8 bytes).
    Removing driver_st7789.o(.text.a_st7789_write_bytes), (38 bytes).
    Removing driver_st7789.o(.ARM.exidx.text.a_st7789_write_bytes), (8 bytes).
    Removing driver_st7789.o(.text.st7789_set_row_address), (164 bytes).
    Removing driver_st7789.o(.ARM.exidx.text.st7789_set_row_address), (8 bytes).
    Removing driver_st7789.o(.text.st7789_memory_write), (82 bytes).
    Removing driver_st7789.o(.ARM.exidx.text.st7789_memory_write), (8 bytes).
    Removing driver_st7789.o(.text.st7789_set_partial_areas), (112 bytes).
    Removing driver_st7789.o(.ARM.exidx.text.st7789_set_partial_areas), (8 bytes).
    Removing driver_st7789.o(.text.st7789_set_vertical_scrolling), (126 bytes).
    Removing driver_st7789.o(.ARM.exidx.text.st7789_set_vertical_scrolling), (8 bytes).
    Removing driver_st7789.o(.text.st7789_tearing_effect_line_off), (54 bytes).
    Removing driver_st7789.o(.ARM.exidx.text.st7789_tearing_effect_line_off), (8 bytes).
    Removing driver_st7789.o(.text.st7789_tearing_effect_line_on), (80 bytes).
    Removing driver_st7789.o(.ARM.exidx.text.st7789_tearing_effect_line_on), (8 bytes).
    Removing driver_st7789.o(.text.st7789_set_memory_data_access_control), (80 bytes).
    Removing driver_st7789.o(.ARM.exidx.text.st7789_set_memory_data_access_control), (8 bytes).
    Removing driver_st7789.o(.text.st7789_set_vertical_scroll_start_address), (122 bytes).
    Removing driver_st7789.o(.ARM.exidx.text.st7789_set_vertical_scroll_start_address), (8 bytes).
    Removing driver_st7789.o(.text.st7789_idle_mode_off), (54 bytes).
    Removing driver_st7789.o(.ARM.exidx.text.st7789_idle_mode_off), (8 bytes).
    Removing driver_st7789.o(.text.st7789_idle_mode_on), (54 bytes).
    Removing driver_st7789.o(.ARM.exidx.text.st7789_idle_mode_on), (8 bytes).
    Removing driver_st7789.o(.text.st7789_set_interface_pixel_format), (90 bytes).
    Removing driver_st7789.o(.ARM.exidx.text.st7789_set_interface_pixel_format), (8 bytes).
    Removing driver_st7789.o(.text.st7789_memory_continue_write), (82 bytes).
    Removing driver_st7789.o(.ARM.exidx.text.st7789_memory_continue_write), (8 bytes).
    Removing driver_st7789.o(.text.st7789_set_tear_scanline), (98 bytes).
    Removing driver_st7789.o(.ARM.exidx.text.st7789_set_tear_scanline), (8 bytes).
    Removing driver_st7789.o(.text.st7789_set_display_brightness), (80 bytes).
    Removing driver_st7789.o(.ARM.exidx.text.st7789_set_display_brightness), (8 bytes).
    Removing driver_st7789.o(.text.st7789_set_display_control), (104 bytes).
    Removing driver_st7789.o(.ARM.exidx.text.st7789_set_display_control), (8 bytes).
    Removing driver_st7789.o(.text.st7789_set_brightness_control_and_color_enhancement), (102 bytes).
    Removing driver_st7789.o(.ARM.exidx.text.st7789_set_brightness_control_and_color_enhancement), (8 bytes).
    Removing driver_st7789.o(.text.st7789_set_cabc_minimum_brightness), (80 bytes).
    Removing driver_st7789.o(.ARM.exidx.text.st7789_set_cabc_minimum_brightness), (8 bytes).
    Removing driver_st7789.o(.text.st7789_set_ram_control), (126 bytes).
    Removing driver_st7789.o(.ARM.exidx.text.st7789_set_ram_control), (8 bytes).
    Removing driver_st7789.o(.text.st7789_set_rgb_interface_control), (252 bytes).
    Removing driver_st7789.o(.ARM.exidx.text.st7789_set_rgb_interface_control), (8 bytes).
    Removing driver_st7789.o(.text.st7789_set_porch), (436 bytes).
    Removing driver_st7789.o(.ARM.exidx.text.st7789_set_porch), (8 bytes).
    Removing driver_st7789.o(.text.st7789_set_frame_rate_control), (260 bytes).
    Removing driver_st7789.o(.ARM.exidx.text.st7789_set_frame_rate_control), (8 bytes).
    Removing driver_st7789.o(.text.st7789_set_partial_mode_control), (102 bytes).
    Removing driver_st7789.o(.ARM.exidx.text.st7789_set_partial_mode_control), (8 bytes).
    Removing driver_st7789.o(.text.st7789_set_gate_control), (86 bytes).
    Removing driver_st7789.o(.ARM.exidx.text.st7789_set_gate_control), (8 bytes).
    Removing driver_st7789.o(.text.st7789_set_gate_on_timing_adjustment), (308 bytes).
    Removing driver_st7789.o(.ARM.exidx.text.st7789_set_gate_on_timing_adjustment), (8 bytes).
    Removing driver_st7789.o(.text.st7789_set_digital_gamma), (82 bytes).
    Removing driver_st7789.o(.ARM.exidx.text.st7789_set_digital_gamma), (8 bytes).
    Removing driver_st7789.o(.text.st7789_set_vcoms), (120 bytes).
    Removing driver_st7789.o(.ARM.exidx.text.st7789_set_vcoms), (8 bytes).
    Removing driver_st7789.o(.text.st7789_vcom_convert_to_register), (60 bytes).
    Removing driver_st7789.o(.ARM.exidx.text.st7789_vcom_convert_to_register), (8 bytes).
    Removing driver_st7789.o(.text.st7789_vcom_convert_to_data), (68 bytes).
    Removing driver_st7789.o(.ARM.exidx.text.st7789_vcom_convert_to_data), (8 bytes).
    Removing driver_st7789.o(.text.st7789_set_lcm_control), (126 bytes).
    Removing driver_st7789.o(.ARM.exidx.text.st7789_set_lcm_control), (8 bytes).
    Removing driver_st7789.o(.text.st7789_set_id_code_setting), (80 bytes).
    Removing driver_st7789.o(.ARM.exidx.text.st7789_set_id_code_setting), (8 bytes).
    Removing driver_st7789.o(.text.st7789_set_vdv_vrh_from), (102 bytes).
    Removing driver_st7789.o(.ARM.exidx.text.st7789_set_vdv_vrh_from), (8 bytes).
    Removing driver_st7789.o(.text.st7789_set_vrhs), (120 bytes).
    Removing driver_st7789.o(.ARM.exidx.text.st7789_set_vrhs), (8 bytes).
    Removing driver_st7789.o(.text.st7789_vrhs_convert_to_register), (60 bytes).
    Removing driver_st7789.o(.ARM.exidx.text.st7789_vrhs_convert_to_register), (8 bytes).
    Removing driver_st7789.o(.text.st7789_vrhs_convert_to_data), (68 bytes).
    Removing driver_st7789.o(.ARM.exidx.text.st7789_vrhs_convert_to_data), (8 bytes).
    Removing driver_st7789.o(.text.st7789_set_vdv), (120 bytes).
    Removing driver_st7789.o(.ARM.exidx.text.st7789_set_vdv), (8 bytes).
    Removing driver_st7789.o(.text.st7789_vdv_convert_to_register), (60 bytes).
    Removing driver_st7789.o(.ARM.exidx.text.st7789_vdv_convert_to_register), (8 bytes).
    Removing driver_st7789.o(.text.st7789_vdv_convert_to_data), (68 bytes).
    Removing driver_st7789.o(.ARM.exidx.text.st7789_vdv_convert_to_data), (8 bytes).
    Removing driver_st7789.o(.text.st7789_set_vcoms_offset), (120 bytes).
    Removing driver_st7789.o(.ARM.exidx.text.st7789_set_vcoms_offset), (8 bytes).
    Removing driver_st7789.o(.text.st7789_vcoms_offset_convert_to_register), (60 bytes).
    Removing driver_st7789.o(.ARM.exidx.text.st7789_vcoms_offset_convert_to_register), (8 bytes).
    Removing driver_st7789.o(.text.st7789_vcoms_offset_convert_to_data), (68 bytes).
    Removing driver_st7789.o(.ARM.exidx.text.st7789_vcoms_offset_convert_to_data), (8 bytes).
    Removing driver_st7789.o(.text.st7789_set_frame_rate), (86 bytes).
    Removing driver_st7789.o(.ARM.exidx.text.st7789_set_frame_rate), (8 bytes).
    Removing driver_st7789.o(.text.st7789_set_cabc_control), (108 bytes).
    Removing driver_st7789.o(.ARM.exidx.text.st7789_set_cabc_control), (8 bytes).
    Removing driver_st7789.o(.text.st7789_set_pwm_frequency), (80 bytes).
    Removing driver_st7789.o(.ARM.exidx.text.st7789_set_pwm_frequency), (8 bytes).
    Removing driver_st7789.o(.text.st7789_set_power_control_1), (114 bytes).
    Removing driver_st7789.o(.ARM.exidx.text.st7789_set_power_control_1), (8 bytes).
    Removing driver_st7789.o(.text.st7789_enable_vap_van_signal_output), (78 bytes).
    Removing driver_st7789.o(.ARM.exidx.text.st7789_enable_vap_van_signal_output), (8 bytes).
    Removing driver_st7789.o(.text.st7789_set_command_2_enable), (108 bytes).
    Removing driver_st7789.o(.ARM.exidx.text.st7789_set_command_2_enable), (8 bytes).
    Removing driver_st7789.o(.text.st7789_set_positive_voltage_gamma_control), (80 bytes).
    Removing driver_st7789.o(.ARM.exidx.text.st7789_set_positive_voltage_gamma_control), (8 bytes).
    Removing driver_st7789.o(.text.st7789_set_negative_voltage_gamma_control), (80 bytes).
    Removing driver_st7789.o(.ARM.exidx.text.st7789_set_negative_voltage_gamma_control), (8 bytes).
    Removing driver_st7789.o(.text.st7789_set_digital_gamma_look_up_table_red), (80 bytes).
    Removing driver_st7789.o(.ARM.exidx.text.st7789_set_digital_gamma_look_up_table_red), (8 bytes).
    Removing driver_st7789.o(.text.st7789_set_digital_gamma_look_up_table_blue), (80 bytes).
    Removing driver_st7789.o(.ARM.exidx.text.st7789_set_digital_gamma_look_up_table_blue), (8 bytes).
    Removing driver_st7789.o(.text.st7789_set_gate), (228 bytes).
    Removing driver_st7789.o(.ARM.exidx.text.st7789_set_gate), (8 bytes).
    Removing driver_st7789.o(.text.st7789_gate_line_convert_to_register), (34 bytes).
    Removing driver_st7789.o(.ARM.exidx.text.st7789_gate_line_convert_to_register), (8 bytes).
    Removing driver_st7789.o(.text.st7789_gate_line_convert_to_data), (34 bytes).
    Removing driver_st7789.o(.ARM.exidx.text.st7789_gate_line_convert_to_data), (8 bytes).
    Removing driver_st7789.o(.text.st7789_set_spi2_enable), (86 bytes).
    Removing driver_st7789.o(.ARM.exidx.text.st7789_set_spi2_enable), (8 bytes).
    Removing driver_st7789.o(.text.st7789_set_power_control_2), (86 bytes).
    Removing driver_st7789.o(.ARM.exidx.text.st7789_set_power_control_2), (8 bytes).
    Removing driver_st7789.o(.text.st7789_set_equalize_time_control), (272 bytes).
    Removing driver_st7789.o(.ARM.exidx.text.st7789_set_equalize_time_control), (8 bytes).
    Removing driver_st7789.o(.text.st7789_set_program_mode_control), (78 bytes).
    Removing driver_st7789.o(.ARM.exidx.text.st7789_set_program_mode_control), (8 bytes).
    Removing driver_st7789.o(.text.st7789_set_program_mode_enable), (110 bytes).
    Removing driver_st7789.o(.ARM.exidx.text.st7789_set_program_mode_enable), (8 bytes).
    Removing driver_st7789.o(.text.st7789_set_nvm_setting), (102 bytes).
    Removing driver_st7789.o(.ARM.exidx.text.st7789_set_nvm_setting), (8 bytes).
    Removing driver_st7789.o(.text.st7789_set_program_action), (98 bytes).
    Removing driver_st7789.o(.ARM.exidx.text.st7789_set_program_action), (8 bytes).
    Removing driver_st7789.o(.text.st7789_init), (396 bytes).
    Removing driver_st7789.o(.ARM.exidx.text.st7789_init), (8 bytes).
    Removing driver_st7789.o(.text.st7789_deinit), (208 bytes).
    Removing driver_st7789.o(.ARM.exidx.text.st7789_deinit), (8 bytes).
    Removing driver_st7789.o(.text.st7789_set_column), (64 bytes).
    Removing driver_st7789.o(.ARM.exidx.text.st7789_set_column), (8 bytes).
    Removing driver_st7789.o(.text.st7789_set_row), (64 bytes).
    Removing driver_st7789.o(.ARM.exidx.text.st7789_set_row), (8 bytes).
    Removing driver_st7789.o(.text.st7789_clear), (420 bytes).
    Removing driver_st7789.o(.ARM.exidx.text.st7789_clear), (8 bytes).
    Removing driver_st7789.o(.text.st7789_fill_rect), (716 bytes).
    Removing driver_st7789.o(.ARM.exidx.text.st7789_fill_rect), (8 bytes).
    Removing driver_st7789.o(.text.st7789_draw_picture_12bits), (648 bytes).
    Removing driver_st7789.o(.ARM.exidx.text.st7789_draw_picture_12bits), (8 bytes).
    Removing driver_st7789.o(.text.st7789_draw_picture_16bits), (558 bytes).
    Removing driver_st7789.o(.ARM.exidx.text.st7789_draw_picture_16bits), (8 bytes).
    Removing driver_st7789.o(.text.st7789_draw_picture_18bits), (608 bytes).
    Removing driver_st7789.o(.ARM.exidx.text.st7789_draw_picture_18bits), (8 bytes).
    Removing driver_st7789.o(.text.st7789_write_string), (232 bytes).
    Removing driver_st7789.o(.ARM.exidx.text.st7789_write_string), (8 bytes).
    Removing driver_st7789.o(.text.a_st7789_show_char), (208 bytes).
    Removing driver_st7789.o(.ARM.exidx.text.a_st7789_show_char), (8 bytes).
    Removing driver_st7789.o(.text.st7789_draw_point), (120 bytes).
    Removing driver_st7789.o(.ARM.exidx.text.st7789_draw_point), (8 bytes).
    Removing driver_st7789.o(.text.a_st7789_draw_point), (264 bytes).
    Removing driver_st7789.o(.ARM.exidx.text.a_st7789_draw_point), (8 bytes).
    Removing driver_st7789.o(.text.st7789_write_cmd), (26 bytes).
    Removing driver_st7789.o(.ARM.exidx.text.st7789_write_cmd), (8 bytes).
    Removing driver_st7789.o(.text.st7789_write_data), (26 bytes).
    Removing driver_st7789.o(.ARM.exidx.text.st7789_write_data), (8 bytes).
    Removing driver_st7789.o(.text.st7789_info), (120 bytes).
    Removing driver_st7789.o(.ARM.exidx.text.st7789_info), (8 bytes).
    Removing driver_st7789.o(.rodata.str1.1), (731 bytes).
    Removing driver_st7789.o(.rodata.gsc_st7789_ascii_1206), (1140 bytes).
    Removing driver_st7789.o(.rodata.gsc_st7789_ascii_1608), (1520 bytes).
    Removing driver_st7789.o(.rodata.gsc_st7789_ascii_2412), (3420 bytes).
    Removing driver_st7789.o(.rodata..Lstr), (33 bytes).
    Removing driver_st7789.o(.rodata..Lstr.61), (33 bytes).

551 unused section(s) (total 27483 bytes) removed from the image.

==============================================================================

Image Symbol Table

    Local Symbols

    Symbol Name                              Value     Ov Type        Size  Object(Section)

    ../clib/angel/boardlib.s                 0x00000000   Number         0  boardinit1.o ABSOLUTE
    ../clib/angel/boardlib.s                 0x00000000   Number         0  boardinit2.o ABSOLUTE
    ../clib/angel/boardlib.s                 0x00000000   Number         0  boardinit3.o ABSOLUTE
    ../clib/angel/boardlib.s                 0x00000000   Number         0  boardshut.o ABSOLUTE
    ../clib/angel/handlers.s                 0x00000000   Number         0  __scatter_copy.o ABSOLUTE
    ../clib/angel/handlers.s                 0x00000000   Number         0  __scatter_zi.o ABSOLUTE
    ../clib/angel/kernel.s                   0x00000000   Number         0  __rtentry.o ABSOLUTE
    ../clib/angel/kernel.s                   0x00000000   Number         0  __rtentry2.o ABSOLUTE
    ../clib/angel/kernel.s                   0x00000000   Number         0  __rtentry4.o ABSOLUTE
    ../clib/angel/kernel.s                   0x00000000   Number         0  rtexit.o ABSOLUTE
    ../clib/angel/kernel.s                   0x00000000   Number         0  rtexit2.o ABSOLUTE
    ../clib/angel/rt.s                       0x00000000   Number         0  rt_raise.o ABSOLUTE
    ../clib/angel/scatter.s                  0x00000000   Number         0  __scatter.o ABSOLUTE
    ../clib/angel/startup.s                  0x00000000   Number         0  __main.o ABSOLUTE
    ../clib/angel/sys.s                      0x00000000   Number         0  sys_stackheap_outer.o ABSOLUTE
    ../clib/angel/sys.s                      0x00000000   Number         0  libspace.o ABSOLUTE
    ../clib/angel/sys.s                      0x00000000   Number         0  use_no_semi.o ABSOLUTE
    ../clib/angel/sys.s                      0x00000000   Number         0  indicate_semi.o ABSOLUTE
    ../clib/angel/sysapp.c                   0x00000000   Number         0  sys_command.o ABSOLUTE
    ../clib/angel/sysapp.c                   0x00000000   Number         0  sys_command_hlt.o ABSOLUTE
    ../clib/angel/sysapp.c                   0x00000000   Number         0  sys_exit.o ABSOLUTE
    ../clib/angel/sysapp.c                   0x00000000   Number         0  sys_exit_hlt.o ABSOLUTE
    ../clib/angel/sysapp.c                   0x00000000   Number         0  sys_wrch.o ABSOLUTE
    ../clib/angel/sysapp.c                   0x00000000   Number         0  sys_wrch_hlt.o ABSOLUTE
    ../clib/arm_runtime.c                    0x00000000   Number         0  init_aeabi.o ABSOLUTE
    ../clib/arm_runtime.c                    0x00000000   Number         0  init_aeabi.o ABSOLUTE
    ../clib/armsys.c                         0x00000000   Number         0  argv_veneer.o ABSOLUTE
    ../clib/armsys.c                         0x00000000   Number         0  argv_veneer.o ABSOLUTE
    ../clib/armsys.c                         0x00000000   Number         0  _get_argv_nomalloc.o ABSOLUTE
    ../clib/armsys.c                         0x00000000   Number         0  no_argv.o ABSOLUTE
    ../clib/heapalloc.c                      0x00000000   Number         0  hrguard.o ABSOLUTE
    ../clib/heapaux.c                        0x00000000   Number         0  heapauxi.o ABSOLUTE
    ../clib/libinit.s                        0x00000000   Number         0  libinit2.o ABSOLUTE
    ../clib/libinit.s                        0x00000000   Number         0  libinit.o ABSOLUTE
    ../clib/libinit.s                        0x00000000   Number         0  libshutdown.o ABSOLUTE
    ../clib/libinit.s                        0x00000000   Number         0  libshutdown2.o ABSOLUTE
    ../clib/memcpset.s                       0x00000000   Number         0  rt_memcpy_v6.o ABSOLUTE
    ../clib/memcpset.s                       0x00000000   Number         0  rt_memclr.o ABSOLUTE
    ../clib/memcpset.s                       0x00000000   Number         0  rt_memclr_w.o ABSOLUTE
    ../clib/memcpset.s                       0x00000000   Number         0  rt_memcpy_w.o ABSOLUTE
    ../clib/r_arm_target.c                   0x00000000   Number         0  __ARM_resolve_target1.o ABSOLUTE
    ../clib/r_arm_target.c                   0x00000000   Number         0  __ARM_resolve_target1_abs32.o ABSOLUTE
    ../clib/signal.c                         0x00000000   Number         0  defsig_rtmem_outer.o ABSOLUTE
    ../clib/signal.c                         0x00000000   Number         0  defsig_rtmem_formal.o ABSOLUTE
    ../clib/signal.c                         0x00000000   Number         0  defsig_exit.o ABSOLUTE
    ../clib/signal.c                         0x00000000   Number         0  defsig_rtmem_inner.o ABSOLUTE
    ../clib/signal.c                         0x00000000   Number         0  __raise.o ABSOLUTE
    ../clib/signal.c                         0x00000000   Number         0  defsig_general.o ABSOLUTE
    ../clib/signal.c                         0x00000000   Number         0  defsig_abrt_inner.o ABSOLUTE
    ../clib/signal.c                         0x00000000   Number         0  defsig_fpe_inner.o ABSOLUTE
    ../clib/signal.c                         0x00000000   Number         0  defsig_rtred_inner.o ABSOLUTE
    ../clib/signal.c                         0x00000000   Number         0  defsig_stak_inner.o ABSOLUTE
    ../clib/signal.c                         0x00000000   Number         0  defsig_pvfn_inner.o ABSOLUTE
    ../clib/signal.c                         0x00000000   Number         0  defsig_cppl_inner.o ABSOLUTE
    ../clib/signal.c                         0x00000000   Number         0  defsig_segv_inner.o ABSOLUTE
    ../clib/signal.c                         0x00000000   Number         0  defsig_other.o ABSOLUTE
    ../clib/signal.s                         0x00000000   Number         0  defsig.o ABSOLUTE
    ../clib/stdlib.c                         0x00000000   Number         0  exit.o ABSOLUTE
    ../fplib/fpinit.s                        0x00000000   Number         0  fpinit.o ABSOLUTE
    at32f435_437_crm.c                       0x00000000   Number         0  at32f435_437_crm.o ABSOLUTE
    at32f435_437_debug.c                     0x00000000   Number         0  at32f435_437_debug.o ABSOLUTE
    at32f435_437_dma.c                       0x00000000   Number         0  at32f435_437_dma.o ABSOLUTE
    at32f435_437_flash.c                     0x00000000   Number         0  at32f435_437_flash.o ABSOLUTE
    at32f435_437_gpio.c                      0x00000000   Number         0  at32f435_437_gpio.o ABSOLUTE
    at32f435_437_int.c                       0x00000000   Number         0  at32f435_437_int.o ABSOLUTE
    at32f435_437_misc.c                      0x00000000   Number         0  at32f435_437_misc.o ABSOLUTE
    at32f435_437_pwc.c                       0x00000000   Number         0  at32f435_437_pwc.o ABSOLUTE
    at32f435_437_spi.c                       0x00000000   Number         0  at32f435_437_spi.o ABSOLUTE
    at32f435_437_wk_config.c                 0x00000000   Number         0  at32f435_437_wk_config.o ABSOLUTE
    buzzer.cpp                               0x00000000   Number         0  buzzer.o ABSOLUTE
    dc.s                                     0x00000000   Number         0  dc.o ABSOLUTE
    driver_st7789.c                          0x00000000   Number         0  driver_st7789.o ABSOLUTE
    main.c                                   0x00000000   Number         0  main.o ABSOLUTE
    startup_at32f435_437.s                   0x00000000   Number         0  startup_at32f435_437.o ABSOLUTE
    system_at32f435_437.c                    0x00000000   Number         0  system_at32f435_437.o ABSOLUTE
    xtp_delay.cpp                            0x00000000   Number         0  xtp_delay.o ABSOLUTE
    xtp_gpio.cpp                             0x00000000   Number         0  xtp_gpio.o ABSOLUTE
    RESET                                    0x08000000   Section      524  startup_at32f435_437.o(RESET)
    !!!main                                  0x0800020c   Section        8  __main.o(!!!main)
    !!!scatter                               0x08000214   Section       52  __scatter.o(!!!scatter)
    !!handler_copy                           0x08000248   Section       26  __scatter_copy.o(!!handler_copy)
    !!handler_zi                             0x08000264   Section       28  __scatter_zi.o(!!handler_zi)
    .ARM.Collect$$libinit$$00000000          0x08000280   Section        2  libinit.o(.ARM.Collect$$libinit$$00000000)
    .ARM.Collect$$libinit$$00000001          0x08000282   Section        4  libinit2.o(.ARM.Collect$$libinit$$00000001)
    .ARM.Collect$$libinit$$00000004          0x08000286   Section        0  libinit2.o(.ARM.Collect$$libinit$$00000004)
    .ARM.Collect$$libinit$$0000000A          0x08000286   Section        0  libinit2.o(.ARM.Collect$$libinit$$0000000A)
    .ARM.Collect$$libinit$$0000000C          0x08000286   Section        0  libinit2.o(.ARM.Collect$$libinit$$0000000C)
    .ARM.Collect$$libinit$$0000000E          0x08000286   Section        0  libinit2.o(.ARM.Collect$$libinit$$0000000E)
    .ARM.Collect$$libinit$$00000011          0x08000286   Section        0  libinit2.o(.ARM.Collect$$libinit$$00000011)
    .ARM.Collect$$libinit$$00000013          0x08000286   Section        0  libinit2.o(.ARM.Collect$$libinit$$00000013)
    .ARM.Collect$$libinit$$00000015          0x08000286   Section        0  libinit2.o(.ARM.Collect$$libinit$$00000015)
    .ARM.Collect$$libinit$$00000017          0x08000286   Section        0  libinit2.o(.ARM.Collect$$libinit$$00000017)
    .ARM.Collect$$libinit$$00000019          0x08000286   Section        0  libinit2.o(.ARM.Collect$$libinit$$00000019)
    .ARM.Collect$$libinit$$0000001B          0x08000286   Section        0  libinit2.o(.ARM.Collect$$libinit$$0000001B)
    .ARM.Collect$$libinit$$0000001D          0x08000286   Section        0  libinit2.o(.ARM.Collect$$libinit$$0000001D)
    .ARM.Collect$$libinit$$0000001F          0x08000286   Section        0  libinit2.o(.ARM.Collect$$libinit$$0000001F)
    .ARM.Collect$$libinit$$00000021          0x08000286   Section        0  libinit2.o(.ARM.Collect$$libinit$$00000021)
    .ARM.Collect$$libinit$$00000023          0x08000286   Section        0  libinit2.o(.ARM.Collect$$libinit$$00000023)
    .ARM.Collect$$libinit$$00000025          0x08000286   Section        0  libinit2.o(.ARM.Collect$$libinit$$00000025)
    .ARM.Collect$$libinit$$0000002C          0x08000286   Section        0  libinit2.o(.ARM.Collect$$libinit$$0000002C)
    .ARM.Collect$$libinit$$0000002E          0x08000286   Section        0  libinit2.o(.ARM.Collect$$libinit$$0000002E)
    .ARM.Collect$$libinit$$00000030          0x08000286   Section        0  libinit2.o(.ARM.Collect$$libinit$$00000030)
    .ARM.Collect$$libinit$$00000031          0x08000286   Section        4  libinit2.o(.ARM.Collect$$libinit$$00000031)
    .ARM.Collect$$libinit$$00000032          0x0800028a   Section        0  libinit2.o(.ARM.Collect$$libinit$$00000032)
    .ARM.Collect$$libinit$$00000033          0x0800028a   Section        2  libinit2.o(.ARM.Collect$$libinit$$00000033)
    .ARM.Collect$$libshutdown$$00000000      0x0800028c   Section        2  libshutdown.o(.ARM.Collect$$libshutdown$$00000000)
    .ARM.Collect$$libshutdown$$00000002      0x0800028e   Section        0  libshutdown2.o(.ARM.Collect$$libshutdown$$00000002)
    .ARM.Collect$$libshutdown$$00000004      0x0800028e   Section        0  libshutdown2.o(.ARM.Collect$$libshutdown$$00000004)
    .ARM.Collect$$libshutdown$$00000007      0x0800028e   Section        0  libshutdown2.o(.ARM.Collect$$libshutdown$$00000007)
    .ARM.Collect$$libshutdown$$0000000A      0x0800028e   Section        0  libshutdown2.o(.ARM.Collect$$libshutdown$$0000000A)
    .ARM.Collect$$libshutdown$$0000000C      0x0800028e   Section        0  libshutdown2.o(.ARM.Collect$$libshutdown$$0000000C)
    .ARM.Collect$$libshutdown$$0000000F      0x0800028e   Section        0  libshutdown2.o(.ARM.Collect$$libshutdown$$0000000F)
    .ARM.Collect$$libshutdown$$00000010      0x0800028e   Section        2  libshutdown2.o(.ARM.Collect$$libshutdown$$00000010)
    .ARM.Collect$$rtentry$$00000000          0x08000290   Section        0  __rtentry.o(.ARM.Collect$$rtentry$$00000000)
    .ARM.Collect$$rtentry$$00000002          0x08000290   Section        0  __rtentry2.o(.ARM.Collect$$rtentry$$00000002)
    .ARM.Collect$$rtentry$$00000004          0x08000290   Section        6  __rtentry4.o(.ARM.Collect$$rtentry$$00000004)
    .ARM.Collect$$rtentry$$00000009          0x08000296   Section        0  __rtentry2.o(.ARM.Collect$$rtentry$$00000009)
    .ARM.Collect$$rtentry$$0000000A          0x08000296   Section        4  __rtentry2.o(.ARM.Collect$$rtentry$$0000000A)
    .ARM.Collect$$rtentry$$0000000C          0x0800029a   Section        0  __rtentry2.o(.ARM.Collect$$rtentry$$0000000C)
    .ARM.Collect$$rtentry$$0000000D          0x0800029a   Section        8  __rtentry2.o(.ARM.Collect$$rtentry$$0000000D)
    .ARM.Collect$$rtexit$$00000000           0x080002a2   Section        2  rtexit.o(.ARM.Collect$$rtexit$$00000000)
    .ARM.Collect$$rtexit$$00000002           0x080002a4   Section        0  rtexit2.o(.ARM.Collect$$rtexit$$00000002)
    .ARM.Collect$$rtexit$$00000003           0x080002a4   Section        4  rtexit2.o(.ARM.Collect$$rtexit$$00000003)
    .ARM.Collect$$rtexit$$00000004           0x080002a8   Section        6  rtexit2.o(.ARM.Collect$$rtexit$$00000004)
    $v0                                      0x080002b0   Number         0  startup_at32f435_437.o(.text)
    .text                                    0x080002b0   Section       64  startup_at32f435_437.o(.text)
    .text                                    0x080002f0   Section        0  heapauxi.o(.text)
    .text                                    0x080002f8   Section        0  init_aeabi.o(.text)
    .text                                    0x0800031c   Section       74  sys_stackheap_outer.o(.text)
    .text                                    0x08000366   Section        0  exit.o(.text)
    .text                                    0x08000378   Section        8  libspace.o(.text)
    .text                                    0x08000380   Section        2  use_no_semi.o(.text)
    .text                                    0x08000382   Section        0  indicate_semi.o(.text)
    .text                                    0x08000384   Section        0  sys_exit.o(.text)
    [Anonymous Symbol]                       0x08000390   Section        0  at32f435_437_int.o(.text.BusFault_Handler)
    [Anonymous Symbol]                       0x08000394   Section        0  at32f435_437_int.o(.text.DebugMon_Handler)
    [Anonymous Symbol]                       0x08000398   Section        0  at32f435_437_int.o(.text.HardFault_Handler)
    [Anonymous Symbol]                       0x0800039c   Section        0  at32f435_437_int.o(.text.MemManage_Handler)
    [Anonymous Symbol]                       0x080003a0   Section        0  at32f435_437_int.o(.text.NMI_Handler)
    [Anonymous Symbol]                       0x080003a4   Section        0  at32f435_437_int.o(.text.PendSV_Handler)
    [Anonymous Symbol]                       0x080003a8   Section        0  at32f435_437_int.o(.text.SVC_Handler)
    [Anonymous Symbol]                       0x080003ac   Section        0  system_at32f435_437.o(.text.SystemInit)
    [Anonymous Symbol]                       0x08000414   Section        0  at32f435_437_int.o(.text.UsageFault_Handler)
    _GLOBAL__sub_I_main.c                    0x08000419   Thumb Code     8  main.o(.text._GLOBAL__sub_I_main.c)
    [Anonymous Symbol]                       0x08000418   Section        0  main.o(.text._GLOBAL__sub_I_main.c)
    [Anonymous Symbol]                       0x08000420   Section        0  xtp_delay.o(.text._Z10delay_initv)
    [Anonymous Symbol]                       0x0800044c   Section        0  xtp_delay.o(.text._Z8delay_mst)
    [Anonymous Symbol]                       0x08000468   Section        0  xtp_delay.o(.text._Z8delay_ust)
    [Anonymous Symbol]                       0x080004a4   Section        0  buzzer.o(.text._ZN6Buzzer2onEii)
    [Anonymous Symbol]                       0x080004c8   Section        0  buzzer.o(.text._ZN6BuzzerC2EP9gpio_typet)
    [Anonymous Symbol]                       0x080004d0   Section        0  xtp_gpio.o(.text._ZN7XTPGPioC2EP9gpio_typet)
    [Anonymous Symbol]                       0x080004d8   Section        0  xtp_gpio.o(.text._ZNK7XTPGPio8setLevelE13confirm_state)
    __NVIC_SetPriorityGrouping               0x080004ed   Thumb Code    32  at32f435_437_misc.o(.text.__NVIC_SetPriorityGrouping)
    [Anonymous Symbol]                       0x080004ec   Section        0  at32f435_437_misc.o(.text.__NVIC_SetPriorityGrouping)
    __cxx_global_var_init                    0x0800050d   Thumb Code    26  main.o(.text.__cxx_global_var_init)
    [Anonymous Symbol]                       0x0800050c   Section        0  main.o(.text.__cxx_global_var_init)
    [Anonymous Symbol]                       0x08000528   Section        0  at32f435_437_crm.o(.text.crm_ahb_div_set)
    [Anonymous Symbol]                       0x08000544   Section        0  at32f435_437_crm.o(.text.crm_apb1_div_set)
    [Anonymous Symbol]                       0x08000560   Section        0  at32f435_437_crm.o(.text.crm_apb2_div_set)
    [Anonymous Symbol]                       0x0800057c   Section        0  at32f435_437_crm.o(.text.crm_auto_step_mode_enable)
    [Anonymous Symbol]                       0x08000594   Section        0  at32f435_437_crm.o(.text.crm_clock_source_enable)
    [Anonymous Symbol]                       0x08000610   Section        0  at32f435_437_crm.o(.text.crm_flag_get)
    [Anonymous Symbol]                       0x0800062c   Section        0  at32f435_437_crm.o(.text.crm_hext_stable_wait)
    [Anonymous Symbol]                       0x08000654   Section        0  at32f435_437_crm.o(.text.crm_periph_clock_enable)
    [Anonymous Symbol]                       0x0800067c   Section        0  at32f435_437_crm.o(.text.crm_pll_config)
    [Anonymous Symbol]                       0x080006d8   Section        0  at32f435_437_crm.o(.text.crm_reset)
    [Anonymous Symbol]                       0x08000728   Section        0  at32f435_437_crm.o(.text.crm_sysclk_switch)
    [Anonymous Symbol]                       0x08000764   Section        0  at32f435_437_crm.o(.text.crm_sysclk_switch_status_get)
    [Anonymous Symbol]                       0x08000774   Section        0  at32f435_437_dma.o(.text.dma_default_para_init)
    [Anonymous Symbol]                       0x08000784   Section        0  at32f435_437_dma.o(.text.dma_init)
    [Anonymous Symbol]                       0x08000810   Section        0  at32f435_437_dma.o(.text.dma_reset)
    [Anonymous Symbol]                       0x08000870   Section        0  at32f435_437_dma.o(.text.dmamux_enable)
    [Anonymous Symbol]                       0x08000880   Section        0  at32f435_437_dma.o(.text.dmamux_init)
    [Anonymous Symbol]                       0x0800088c   Section        0  at32f435_437_gpio.o(.text.gpio_bits_reset)
    [Anonymous Symbol]                       0x08000890   Section        0  at32f435_437_gpio.o(.text.gpio_bits_set)
    [Anonymous Symbol]                       0x08000894   Section        0  at32f435_437_gpio.o(.text.gpio_bits_write)
    [Anonymous Symbol]                       0x080008a0   Section        0  at32f435_437_gpio.o(.text.gpio_default_para_init)
    [Anonymous Symbol]                       0x080008b0   Section        0  at32f435_437_gpio.o(.text.gpio_init)
    [Anonymous Symbol]                       0x08000934   Section        0  at32f435_437_gpio.o(.text.gpio_pin_mux_config)
    [Anonymous Symbol]                       0x08000964   Section        0  main.o(.text.main)
    [Anonymous Symbol]                       0x080009a0   Section        0  at32f435_437_misc.o(.text.nvic_priority_group_config)
    [Anonymous Symbol]                       0x080009a8   Section        0  at32f435_437_spi.o(.text.spi_default_para_init)
    [Anonymous Symbol]                       0x080009b8   Section        0  at32f435_437_spi.o(.text.spi_enable)
    [Anonymous Symbol]                       0x080009cc   Section        0  at32f435_437_spi.o(.text.spi_i2s_dma_transmitter_enable)
    [Anonymous Symbol]                       0x080009e0   Section        0  at32f435_437_spi.o(.text.spi_init)
    [Anonymous Symbol]                       0x08000b04   Section        0  system_at32f435_437.o(.text.system_core_clock_update)
    system_core_clock_update.pll_fr_table    0x08000b78   Number         0  system_at32f435_437.o(.text.system_core_clock_update)
    system_core_clock_update.sys_ahb_div_table 0x08000b80   Number         0  system_at32f435_437.o(.text.system_core_clock_update)
    [Anonymous Symbol]                       0x08000b90   Section        0  at32f435_437_misc.o(.text.systick_clock_source_config)
    [Anonymous Symbol]                       0x08000ba8   Section        0  at32f435_437_wk_config.o(.text.wk_dma1_channel1_init)
    [Anonymous Symbol]                       0x08000bf4   Section        0  at32f435_437_wk_config.o(.text.wk_gpio_config)
    [Anonymous Symbol]                       0x08000c98   Section        0  at32f435_437_wk_config.o(.text.wk_nvic_config)
    [Anonymous Symbol]                       0x08000ca4   Section        0  at32f435_437_wk_config.o(.text.wk_periph_clock_config)
    [Anonymous Symbol]                       0x08000cf0   Section        0  at32f435_437_wk_config.o(.text.wk_spi1_init)
    [Anonymous Symbol]                       0x08000d80   Section        0  at32f435_437_wk_config.o(.text.wk_system_clock_config)
    $v0                                      0x08000e44   Number         0  fpinit.o(x$fpl$fpinit)
    x$fpl$fpinit                             0x08000e44   Section       26  fpinit.o(x$fpl$fpinit)
    .init_array                              0x08000e84   Section        0  init_aeabi.o(.init_array)
    .bss                                     0x20000008   Section       96  libspace.o(.bss)
    Heap_Mem                                 0x20000078   Data         512  startup_at32f435_437.o(HEAP)
    HEAP                                     0x20000078   Section      512  startup_at32f435_437.o(HEAP)
    Stack_Mem                                0x20000278   Data        1024  startup_at32f435_437.o(STACK)
    STACK                                    0x20000278   Section     1024  startup_at32f435_437.o(STACK)
    __initial_sp                             0x20000678   Data           0  startup_at32f435_437.o(STACK)

    Global Symbols

    Symbol Name                              Value     Ov Type        Size  Object(Section)

    BuildAttributes$$THM_ISAv4$E$P$D$K$B$S$7EM$VFPi3$EXTD16$VFPS$VFMA$PE$A:L22UL41UL21$X:L11$S22US41US21$IEEE1$IW$~IW$USESV6$~STKCKD$USESV7$~SHL$OTIME$ROPI$EBA8$UX$STANDARDLIB$REQ8$PRES8$EABIv2 0x00000000   Number         0  anon$$obj.o ABSOLUTE
    __ARM_exceptions_init                     - Undefined Weak Reference
    __alloca_initialize                       - Undefined Weak Reference
    __arm_preinit_                            - Undefined Weak Reference
    __cxa_finalize                            - Undefined Weak Reference
    __rt_locale                               - Undefined Weak Reference
    __sigvec_lookup                           - Undefined Weak Reference
    _atexit_init                              - Undefined Weak Reference
    _call_atexit_fns                          - Undefined Weak Reference
    _clock_init                               - Undefined Weak Reference
    _fp_trap_init                             - Undefined Weak Reference
    _fp_trap_shutdown                         - Undefined Weak Reference
    _get_lc_collate                           - Undefined Weak Reference
    _get_lc_ctype                             - Undefined Weak Reference
    _get_lc_monetary                          - Undefined Weak Reference
    _get_lc_numeric                           - Undefined Weak Reference
    _get_lc_time                              - Undefined Weak Reference
    _getenv_init                              - Undefined Weak Reference
    _handle_redirection                       - Undefined Weak Reference
    _init_alloc                               - Undefined Weak Reference
    _init_user_alloc                          - Undefined Weak Reference
    _initio                                   - Undefined Weak Reference
    _rand_init                                - Undefined Weak Reference
    _signal_finish                            - Undefined Weak Reference
    _signal_init                              - Undefined Weak Reference
    _terminate_alloc                          - Undefined Weak Reference
    _terminate_user_alloc                     - Undefined Weak Reference
    _terminateio                              - Undefined Weak Reference
    __Vectors_Size                           0x0000020c   Number         0  startup_at32f435_437.o ABSOLUTE
    __Vectors                                0x08000000   Data           4  startup_at32f435_437.o(RESET)
    __Vectors_End                            0x0800020c   Data           0  startup_at32f435_437.o(RESET)
    __main                                   0x0800020d   Thumb Code     8  __main.o(!!!main)
    __scatterload                            0x08000215   Thumb Code     0  __scatter.o(!!!scatter)
    __scatterload_rt2                        0x08000215   Thumb Code    44  __scatter.o(!!!scatter)
    __scatterload_rt2_thumb_only             0x08000215   Thumb Code     0  __scatter.o(!!!scatter)
    __scatterload_null                       0x08000223   Thumb Code     0  __scatter.o(!!!scatter)
    __scatterload_copy                       0x08000249   Thumb Code    26  __scatter_copy.o(!!handler_copy)
    __scatterload_zeroinit                   0x08000265   Thumb Code    28  __scatter_zi.o(!!handler_zi)
    __rt_lib_init                            0x08000281   Thumb Code     0  libinit.o(.ARM.Collect$$libinit$$00000000)
    __rt_lib_init_fp_1                       0x08000283   Thumb Code     0  libinit2.o(.ARM.Collect$$libinit$$00000001)
    __rt_lib_init_alloca_1                   0x08000287   Thumb Code     0  libinit2.o(.ARM.Collect$$libinit$$0000002E)
    __rt_lib_init_argv_1                     0x08000287   Thumb Code     0  libinit2.o(.ARM.Collect$$libinit$$0000002C)
    __rt_lib_init_atexit_1                   0x08000287   Thumb Code     0  libinit2.o(.ARM.Collect$$libinit$$0000001B)
    __rt_lib_init_clock_1                    0x08000287   Thumb Code     0  libinit2.o(.ARM.Collect$$libinit$$00000021)
    __rt_lib_init_cpp_2                      0x08000287   Thumb Code     0  libinit2.o(.ARM.Collect$$libinit$$00000031)
    __rt_lib_init_exceptions_1               0x08000287   Thumb Code     0  libinit2.o(.ARM.Collect$$libinit$$00000030)
    __rt_lib_init_fp_trap_1                  0x08000287   Thumb Code     0  libinit2.o(.ARM.Collect$$libinit$$0000001F)
    __rt_lib_init_getenv_1                   0x08000287   Thumb Code     0  libinit2.o(.ARM.Collect$$libinit$$00000023)
    __rt_lib_init_heap_1                     0x08000287   Thumb Code     0  libinit2.o(.ARM.Collect$$libinit$$0000000A)
    __rt_lib_init_lc_collate_1               0x08000287   Thumb Code     0  libinit2.o(.ARM.Collect$$libinit$$00000011)
    __rt_lib_init_lc_ctype_1                 0x08000287   Thumb Code     0  libinit2.o(.ARM.Collect$$libinit$$00000013)
    __rt_lib_init_lc_monetary_1              0x08000287   Thumb Code     0  libinit2.o(.ARM.Collect$$libinit$$00000015)
    __rt_lib_init_lc_numeric_1               0x08000287   Thumb Code     0  libinit2.o(.ARM.Collect$$libinit$$00000017)
    __rt_lib_init_lc_time_1                  0x08000287   Thumb Code     0  libinit2.o(.ARM.Collect$$libinit$$00000019)
    __rt_lib_init_preinit_1                  0x08000287   Thumb Code     0  libinit2.o(.ARM.Collect$$libinit$$00000004)
    __rt_lib_init_rand_1                     0x08000287   Thumb Code     0  libinit2.o(.ARM.Collect$$libinit$$0000000E)
    __rt_lib_init_signal_1                   0x08000287   Thumb Code     0  libinit2.o(.ARM.Collect$$libinit$$0000001D)
    __rt_lib_init_stdio_1                    0x08000287   Thumb Code     0  libinit2.o(.ARM.Collect$$libinit$$00000025)
    __rt_lib_init_user_alloc_1               0x08000287   Thumb Code     0  libinit2.o(.ARM.Collect$$libinit$$0000000C)
    __rt_lib_init_cpp_1                      0x0800028b   Thumb Code     0  libinit2.o(.ARM.Collect$$libinit$$00000032)
    __rt_lib_init_return                     0x0800028b   Thumb Code     0  libinit2.o(.ARM.Collect$$libinit$$00000033)
    __rt_lib_shutdown                        0x0800028d   Thumb Code     0  libshutdown.o(.ARM.Collect$$libshutdown$$00000000)
    __rt_lib_shutdown_cpp_1                  0x0800028f   Thumb Code     0  libshutdown2.o(.ARM.Collect$$libshutdown$$00000002)
    __rt_lib_shutdown_fp_trap_1              0x0800028f   Thumb Code     0  libshutdown2.o(.ARM.Collect$$libshutdown$$00000007)
    __rt_lib_shutdown_heap_1                 0x0800028f   Thumb Code     0  libshutdown2.o(.ARM.Collect$$libshutdown$$0000000F)
    __rt_lib_shutdown_return                 0x0800028f   Thumb Code     0  libshutdown2.o(.ARM.Collect$$libshutdown$$00000010)
    __rt_lib_shutdown_signal_1               0x0800028f   Thumb Code     0  libshutdown2.o(.ARM.Collect$$libshutdown$$0000000A)
    __rt_lib_shutdown_stdio_1                0x0800028f   Thumb Code     0  libshutdown2.o(.ARM.Collect$$libshutdown$$00000004)
    __rt_lib_shutdown_user_alloc_1           0x0800028f   Thumb Code     0  libshutdown2.o(.ARM.Collect$$libshutdown$$0000000C)
    __rt_entry                               0x08000291   Thumb Code     0  __rtentry.o(.ARM.Collect$$rtentry$$00000000)
    __rt_entry_presh_1                       0x08000291   Thumb Code     0  __rtentry2.o(.ARM.Collect$$rtentry$$00000002)
    __rt_entry_sh                            0x08000291   Thumb Code     0  __rtentry4.o(.ARM.Collect$$rtentry$$00000004)
    __rt_entry_li                            0x08000297   Thumb Code     0  __rtentry2.o(.ARM.Collect$$rtentry$$0000000A)
    __rt_entry_postsh_1                      0x08000297   Thumb Code     0  __rtentry2.o(.ARM.Collect$$rtentry$$00000009)
    __rt_entry_main                          0x0800029b   Thumb Code     0  __rtentry2.o(.ARM.Collect$$rtentry$$0000000D)
    __rt_entry_postli_1                      0x0800029b   Thumb Code     0  __rtentry2.o(.ARM.Collect$$rtentry$$0000000C)
    __rt_exit                                0x080002a3   Thumb Code     0  rtexit.o(.ARM.Collect$$rtexit$$00000000)
    __rt_exit_ls                             0x080002a5   Thumb Code     0  rtexit2.o(.ARM.Collect$$rtexit$$00000003)
    __rt_exit_prels_1                        0x080002a5   Thumb Code     0  rtexit2.o(.ARM.Collect$$rtexit$$00000002)
    __rt_exit_exit                           0x080002a9   Thumb Code     0  rtexit2.o(.ARM.Collect$$rtexit$$00000004)
    Reset_Handler                            0x080002b1   Thumb Code     8  startup_at32f435_437.o(.text)
    SysTick_Handler                          0x080002c9   Thumb Code     2  startup_at32f435_437.o(.text)
    ACC_IRQHandler                           0x080002cb   Thumb Code     0  startup_at32f435_437.o(.text)
    ADC1_2_3_IRQHandler                      0x080002cb   Thumb Code     0  startup_at32f435_437.o(.text)
    CAN1_RX0_IRQHandler                      0x080002cb   Thumb Code     0  startup_at32f435_437.o(.text)
    CAN1_RX1_IRQHandler                      0x080002cb   Thumb Code     0  startup_at32f435_437.o(.text)
    CAN1_SE_IRQHandler                       0x080002cb   Thumb Code     0  startup_at32f435_437.o(.text)
    CAN1_TX_IRQHandler                       0x080002cb   Thumb Code     0  startup_at32f435_437.o(.text)
    CAN2_RX0_IRQHandler                      0x080002cb   Thumb Code     0  startup_at32f435_437.o(.text)
    CAN2_RX1_IRQHandler                      0x080002cb   Thumb Code     0  startup_at32f435_437.o(.text)
    CAN2_SE_IRQHandler                       0x080002cb   Thumb Code     0  startup_at32f435_437.o(.text)
    CAN2_TX_IRQHandler                       0x080002cb   Thumb Code     0  startup_at32f435_437.o(.text)
    CRM_IRQHandler                           0x080002cb   Thumb Code     0  startup_at32f435_437.o(.text)
    DMA1_Channel1_IRQHandler                 0x080002cb   Thumb Code     0  startup_at32f435_437.o(.text)
    DMA1_Channel2_IRQHandler                 0x080002cb   Thumb Code     0  startup_at32f435_437.o(.text)
    DMA1_Channel3_IRQHandler                 0x080002cb   Thumb Code     0  startup_at32f435_437.o(.text)
    DMA1_Channel4_IRQHandler                 0x080002cb   Thumb Code     0  startup_at32f435_437.o(.text)
    DMA1_Channel5_IRQHandler                 0x080002cb   Thumb Code     0  startup_at32f435_437.o(.text)
    DMA1_Channel6_IRQHandler                 0x080002cb   Thumb Code     0  startup_at32f435_437.o(.text)
    DMA1_Channel7_IRQHandler                 0x080002cb   Thumb Code     0  startup_at32f435_437.o(.text)
    DMA2_Channel1_IRQHandler                 0x080002cb   Thumb Code     0  startup_at32f435_437.o(.text)
    DMA2_Channel2_IRQHandler                 0x080002cb   Thumb Code     0  startup_at32f435_437.o(.text)
    DMA2_Channel3_IRQHandler                 0x080002cb   Thumb Code     0  startup_at32f435_437.o(.text)
    DMA2_Channel4_IRQHandler                 0x080002cb   Thumb Code     0  startup_at32f435_437.o(.text)
    DMA2_Channel5_IRQHandler                 0x080002cb   Thumb Code     0  startup_at32f435_437.o(.text)
    DMA2_Channel6_IRQHandler                 0x080002cb   Thumb Code     0  startup_at32f435_437.o(.text)
    DMA2_Channel7_IRQHandler                 0x080002cb   Thumb Code     0  startup_at32f435_437.o(.text)
    DMAMUX_IRQHandler                        0x080002cb   Thumb Code     0  startup_at32f435_437.o(.text)
    DVP_IRQHandler                           0x080002cb   Thumb Code     0  startup_at32f435_437.o(.text)
    EDMA_Stream1_IRQHandler                  0x080002cb   Thumb Code     0  startup_at32f435_437.o(.text)
    EDMA_Stream2_IRQHandler                  0x080002cb   Thumb Code     0  startup_at32f435_437.o(.text)
    EDMA_Stream3_IRQHandler                  0x080002cb   Thumb Code     0  startup_at32f435_437.o(.text)
    EDMA_Stream4_IRQHandler                  0x080002cb   Thumb Code     0  startup_at32f435_437.o(.text)
    EDMA_Stream5_IRQHandler                  0x080002cb   Thumb Code     0  startup_at32f435_437.o(.text)
    EDMA_Stream6_IRQHandler                  0x080002cb   Thumb Code     0  startup_at32f435_437.o(.text)
    EDMA_Stream7_IRQHandler                  0x080002cb   Thumb Code     0  startup_at32f435_437.o(.text)
    EDMA_Stream8_IRQHandler                  0x080002cb   Thumb Code     0  startup_at32f435_437.o(.text)
    EMAC_IRQHandler                          0x080002cb   Thumb Code     0  startup_at32f435_437.o(.text)
    EMAC_WKUP_IRQHandler                     0x080002cb   Thumb Code     0  startup_at32f435_437.o(.text)
    ERTCAlarm_IRQHandler                     0x080002cb   Thumb Code     0  startup_at32f435_437.o(.text)
    ERTC_WKUP_IRQHandler                     0x080002cb   Thumb Code     0  startup_at32f435_437.o(.text)
    EXINT0_IRQHandler                        0x080002cb   Thumb Code     0  startup_at32f435_437.o(.text)
    EXINT15_10_IRQHandler                    0x080002cb   Thumb Code     0  startup_at32f435_437.o(.text)
    EXINT1_IRQHandler                        0x080002cb   Thumb Code     0  startup_at32f435_437.o(.text)
    EXINT2_IRQHandler                        0x080002cb   Thumb Code     0  startup_at32f435_437.o(.text)
    EXINT3_IRQHandler                        0x080002cb   Thumb Code     0  startup_at32f435_437.o(.text)
    EXINT4_IRQHandler                        0x080002cb   Thumb Code     0  startup_at32f435_437.o(.text)
    EXINT9_5_IRQHandler                      0x080002cb   Thumb Code     0  startup_at32f435_437.o(.text)
    FLASH_IRQHandler                         0x080002cb   Thumb Code     0  startup_at32f435_437.o(.text)
    FPU_IRQHandler                           0x080002cb   Thumb Code     0  startup_at32f435_437.o(.text)
    I2C1_ERR_IRQHandler                      0x080002cb   Thumb Code     0  startup_at32f435_437.o(.text)
    I2C1_EVT_IRQHandler                      0x080002cb   Thumb Code     0  startup_at32f435_437.o(.text)
    I2C2_ERR_IRQHandler                      0x080002cb   Thumb Code     0  startup_at32f435_437.o(.text)
    I2C2_EVT_IRQHandler                      0x080002cb   Thumb Code     0  startup_at32f435_437.o(.text)
    I2C3_ERR_IRQHandler                      0x080002cb   Thumb Code     0  startup_at32f435_437.o(.text)
    I2C3_EVT_IRQHandler                      0x080002cb   Thumb Code     0  startup_at32f435_437.o(.text)
    OTGFS1_IRQHandler                        0x080002cb   Thumb Code     0  startup_at32f435_437.o(.text)
    OTGFS1_WKUP_IRQHandler                   0x080002cb   Thumb Code     0  startup_at32f435_437.o(.text)
    OTGFS2_IRQHandler                        0x080002cb   Thumb Code     0  startup_at32f435_437.o(.text)
    OTGFS2_WKUP_IRQHandler                   0x080002cb   Thumb Code     0  startup_at32f435_437.o(.text)
    PVM_IRQHandler                           0x080002cb   Thumb Code     0  startup_at32f435_437.o(.text)
    QSPI1_IRQHandler                         0x080002cb   Thumb Code     0  startup_at32f435_437.o(.text)
    QSPI2_IRQHandler                         0x080002cb   Thumb Code     0  startup_at32f435_437.o(.text)
    SDIO1_IRQHandler                         0x080002cb   Thumb Code     0  startup_at32f435_437.o(.text)
    SDIO2_IRQHandler                         0x080002cb   Thumb Code     0  startup_at32f435_437.o(.text)
    SPI1_IRQHandler                          0x080002cb   Thumb Code     0  startup_at32f435_437.o(.text)
    SPI2_I2S2EXT_IRQHandler                  0x080002cb   Thumb Code     0  startup_at32f435_437.o(.text)
    SPI3_I2S3EXT_IRQHandler                  0x080002cb   Thumb Code     0  startup_at32f435_437.o(.text)
    SPI4_IRQHandler                          0x080002cb   Thumb Code     0  startup_at32f435_437.o(.text)
    TAMP_STAMP_IRQHandler                    0x080002cb   Thumb Code     0  startup_at32f435_437.o(.text)
    TMR1_BRK_TMR9_IRQHandler                 0x080002cb   Thumb Code     0  startup_at32f435_437.o(.text)
    TMR1_CH_IRQHandler                       0x080002cb   Thumb Code     0  startup_at32f435_437.o(.text)
    TMR1_OVF_TMR10_IRQHandler                0x080002cb   Thumb Code     0  startup_at32f435_437.o(.text)
    TMR1_TRG_HALL_TMR11_IRQHandler           0x080002cb   Thumb Code     0  startup_at32f435_437.o(.text)
    TMR20_BRK_IRQHandler                     0x080002cb   Thumb Code     0  startup_at32f435_437.o(.text)
    TMR20_CH_IRQHandler                      0x080002cb   Thumb Code     0  startup_at32f435_437.o(.text)
    TMR20_OVF_IRQHandler                     0x080002cb   Thumb Code     0  startup_at32f435_437.o(.text)
    TMR20_TRG_HALL_IRQHandler                0x080002cb   Thumb Code     0  startup_at32f435_437.o(.text)
    TMR2_GLOBAL_IRQHandler                   0x080002cb   Thumb Code     0  startup_at32f435_437.o(.text)
    TMR3_GLOBAL_IRQHandler                   0x080002cb   Thumb Code     0  startup_at32f435_437.o(.text)
    TMR4_GLOBAL_IRQHandler                   0x080002cb   Thumb Code     0  startup_at32f435_437.o(.text)
    TMR5_GLOBAL_IRQHandler                   0x080002cb   Thumb Code     0  startup_at32f435_437.o(.text)
    TMR6_DAC_GLOBAL_IRQHandler               0x080002cb   Thumb Code     0  startup_at32f435_437.o(.text)
    TMR7_GLOBAL_IRQHandler                   0x080002cb   Thumb Code     0  startup_at32f435_437.o(.text)
    TMR8_BRK_TMR12_IRQHandler                0x080002cb   Thumb Code     0  startup_at32f435_437.o(.text)
    TMR8_CH_IRQHandler                       0x080002cb   Thumb Code     0  startup_at32f435_437.o(.text)
    TMR8_OVF_TMR13_IRQHandler                0x080002cb   Thumb Code     0  startup_at32f435_437.o(.text)
    TMR8_TRG_HALL_TMR14_IRQHandler           0x080002cb   Thumb Code     0  startup_at32f435_437.o(.text)
    UART4_IRQHandler                         0x080002cb   Thumb Code     0  startup_at32f435_437.o(.text)
    UART5_IRQHandler                         0x080002cb   Thumb Code     0  startup_at32f435_437.o(.text)
    UART7_IRQHandler                         0x080002cb   Thumb Code     0  startup_at32f435_437.o(.text)
    UART8_IRQHandler                         0x080002cb   Thumb Code     0  startup_at32f435_437.o(.text)
    USART1_IRQHandler                        0x080002cb   Thumb Code     0  startup_at32f435_437.o(.text)
    USART2_IRQHandler                        0x080002cb   Thumb Code     0  startup_at32f435_437.o(.text)
    USART3_IRQHandler                        0x080002cb   Thumb Code     0  startup_at32f435_437.o(.text)
    USART6_IRQHandler                        0x080002cb   Thumb Code     0  startup_at32f435_437.o(.text)
    WWDT_IRQHandler                          0x080002cb   Thumb Code     0  startup_at32f435_437.o(.text)
    XMC_IRQHandler                           0x080002cb   Thumb Code     0  startup_at32f435_437.o(.text)
    __user_initial_stackheap                 0x080002cd   Thumb Code     0  startup_at32f435_437.o(.text)
    __use_two_region_memory                  0x080002f1   Thumb Code     2  heapauxi.o(.text)
    __rt_heap_escrow$2region                 0x080002f3   Thumb Code     2  heapauxi.o(.text)
    __rt_heap_expand$2region                 0x080002f5   Thumb Code     2  heapauxi.o(.text)
    __cpp_initialize__aeabi_                 0x080002f9   Thumb Code    28  init_aeabi.o(.text)
    __user_setup_stackheap                   0x0800031d   Thumb Code    74  sys_stackheap_outer.o(.text)
    exit                                     0x08000367   Thumb Code    18  exit.o(.text)
    __user_libspace                          0x08000379   Thumb Code     8  libspace.o(.text)
    __user_perproc_libspace                  0x08000379   Thumb Code     0  libspace.o(.text)
    __user_perthread_libspace                0x08000379   Thumb Code     0  libspace.o(.text)
    __I$use$semihosting                      0x08000381   Thumb Code     0  use_no_semi.o(.text)
    __use_no_semihosting_swi                 0x08000381   Thumb Code     2  use_no_semi.o(.text)
    __semihosting_library_function           0x08000383   Thumb Code     0  indicate_semi.o(.text)
    _sys_exit                                0x08000385   Thumb Code     8  sys_exit.o(.text)
    BusFault_Handler                         0x08000391   Thumb Code     2  at32f435_437_int.o(.text.BusFault_Handler)
    DebugMon_Handler                         0x08000395   Thumb Code     2  at32f435_437_int.o(.text.DebugMon_Handler)
    HardFault_Handler                        0x08000399   Thumb Code     2  at32f435_437_int.o(.text.HardFault_Handler)
    MemManage_Handler                        0x0800039d   Thumb Code     2  at32f435_437_int.o(.text.MemManage_Handler)
    NMI_Handler                              0x080003a1   Thumb Code     2  at32f435_437_int.o(.text.NMI_Handler)
    PendSV_Handler                           0x080003a5   Thumb Code     2  at32f435_437_int.o(.text.PendSV_Handler)
    SVC_Handler                              0x080003a9   Thumb Code     2  at32f435_437_int.o(.text.SVC_Handler)
    SystemInit                               0x080003ad   Thumb Code   104  system_at32f435_437.o(.text.SystemInit)
    UsageFault_Handler                       0x08000415   Thumb Code     2  at32f435_437_int.o(.text.UsageFault_Handler)
    delay_init()                             0x08000421   Thumb Code    44  xtp_delay.o(.text._Z10delay_initv)
    delay_ms(unsigned short)                 0x0800044d   Thumb Code    28  xtp_delay.o(.text._Z8delay_mst)
    delay_us(unsigned short)                 0x08000469   Thumb Code    60  xtp_delay.o(.text._Z8delay_ust)
    Buzzer::on(int, int)                     0x080004a5   Thumb Code    36  buzzer.o(.text._ZN6Buzzer2onEii)
    Buzzer::Buzzer(gpio_type*, unsigned short) 0x080004c9   Thumb Code     8  buzzer.o(.text._ZN6BuzzerC2EP9gpio_typet)
    Buzzer::Buzzer__sub_object(gpio_type*, unsigned short) 0x080004c9   Thumb Code     8  buzzer.o(.text._ZN6BuzzerC2EP9gpio_typet)
    XTPGPio::XTPGPio(gpio_type*, unsigned short) 0x080004d1   Thumb Code     6  xtp_gpio.o(.text._ZN7XTPGPioC2EP9gpio_typet)
    XTPGPio::XTPGPio__sub_object(gpio_type*, unsigned short) 0x080004d1   Thumb Code     6  xtp_gpio.o(.text._ZN7XTPGPioC2EP9gpio_typet)
    XTPGPio::setLevel(confirm_state) const   0x080004d9   Thumb Code    20  xtp_gpio.o(.text._ZNK7XTPGPio8setLevelE13confirm_state)
    crm_ahb_div_set                          0x08000529   Thumb Code    26  at32f435_437_crm.o(.text.crm_ahb_div_set)
    crm_apb1_div_set                         0x08000545   Thumb Code    26  at32f435_437_crm.o(.text.crm_apb1_div_set)
    crm_apb2_div_set                         0x08000561   Thumb Code    26  at32f435_437_crm.o(.text.crm_apb2_div_set)
    crm_auto_step_mode_enable                0x0800057d   Thumb Code    24  at32f435_437_crm.o(.text.crm_auto_step_mode_enable)
    crm_clock_source_enable                  0x08000595   Thumb Code   122  at32f435_437_crm.o(.text.crm_clock_source_enable)
    crm_flag_get                             0x08000611   Thumb Code    26  at32f435_437_crm.o(.text.crm_flag_get)
    crm_hext_stable_wait                     0x0800062d   Thumb Code    40  at32f435_437_crm.o(.text.crm_hext_stable_wait)
    crm_periph_clock_enable                  0x08000655   Thumb Code    40  at32f435_437_crm.o(.text.crm_periph_clock_enable)
    crm_pll_config                           0x0800067d   Thumb Code    90  at32f435_437_crm.o(.text.crm_pll_config)
    crm_reset                                0x080006d9   Thumb Code    80  at32f435_437_crm.o(.text.crm_reset)
    crm_sysclk_switch                        0x08000729   Thumb Code    58  at32f435_437_crm.o(.text.crm_sysclk_switch)
    crm_sysclk_switch_status_get             0x08000765   Thumb Code    16  at32f435_437_crm.o(.text.crm_sysclk_switch_status_get)
    dma_default_para_init                    0x08000775   Thumb Code    14  at32f435_437_dma.o(.text.dma_default_para_init)
    dma_init                                 0x08000785   Thumb Code   138  at32f435_437_dma.o(.text.dma_init)
    dma_reset                                0x08000811   Thumb Code    94  at32f435_437_dma.o(.text.dma_reset)
    dmamux_enable                            0x08000871   Thumb Code    14  at32f435_437_dma.o(.text.dmamux_enable)
    dmamux_init                              0x08000881   Thumb Code    10  at32f435_437_dma.o(.text.dmamux_init)
    gpio_bits_reset                          0x0800088d   Thumb Code     4  at32f435_437_gpio.o(.text.gpio_bits_reset)
    gpio_bits_set                            0x08000891   Thumb Code     4  at32f435_437_gpio.o(.text.gpio_bits_set)
    gpio_bits_write                          0x08000895   Thumb Code    12  at32f435_437_gpio.o(.text.gpio_bits_write)
    gpio_default_para_init                   0x080008a1   Thumb Code    14  at32f435_437_gpio.o(.text.gpio_default_para_init)
    gpio_init                                0x080008b1   Thumb Code   132  at32f435_437_gpio.o(.text.gpio_init)
    gpio_pin_mux_config                      0x08000935   Thumb Code    46  at32f435_437_gpio.o(.text.gpio_pin_mux_config)
    main                                     0x08000965   Thumb Code    58  main.o(.text.main)
    nvic_priority_group_config               0x080009a1   Thumb Code     8  at32f435_437_misc.o(.text.nvic_priority_group_config)
    spi_default_para_init                    0x080009a9   Thumb Code    14  at32f435_437_spi.o(.text.spi_default_para_init)
    spi_enable                               0x080009b9   Thumb Code    18  at32f435_437_spi.o(.text.spi_enable)
    spi_i2s_dma_transmitter_enable           0x080009cd   Thumb Code    18  at32f435_437_spi.o(.text.spi_i2s_dma_transmitter_enable)
    spi_init                                 0x080009e1   Thumb Code   292  at32f435_437_spi.o(.text.spi_init)
    system_core_clock_update                 0x08000b05   Thumb Code   116  system_at32f435_437.o(.text.system_core_clock_update)
    systick_clock_source_config              0x08000b91   Thumb Code    24  at32f435_437_misc.o(.text.systick_clock_source_config)
    wk_dma1_channel1_init                    0x08000ba9   Thumb Code    76  at32f435_437_wk_config.o(.text.wk_dma1_channel1_init)
    wk_gpio_config                           0x08000bf5   Thumb Code   162  at32f435_437_wk_config.o(.text.wk_gpio_config)
    wk_nvic_config                           0x08000c99   Thumb Code    10  at32f435_437_wk_config.o(.text.wk_nvic_config)
    wk_periph_clock_config                   0x08000ca5   Thumb Code    74  at32f435_437_wk_config.o(.text.wk_periph_clock_config)
    wk_spi1_init                             0x08000cf1   Thumb Code   144  at32f435_437_wk_config.o(.text.wk_spi1_init)
    wk_system_clock_config                   0x08000d81   Thumb Code   196  at32f435_437_wk_config.o(.text.wk_system_clock_config)
    _fp_init                                 0x08000e45   Thumb Code    26  fpinit.o(x$fpl$fpinit)
    __fplib_config_fpu_vfp                   0x08000e5d   Thumb Code     0  fpinit.o(x$fpl$fpinit)
    __fplib_config_pureend_doubles           0x08000e5d   Thumb Code     0  fpinit.o(x$fpl$fpinit)
    Region$$Table$$Base                      0x08000e60   Number         0  anon$$obj.o(Region$$Table)
    Region$$Table$$Limit                     0x08000e80   Number         0  anon$$obj.o(Region$$Table)
    SHT$$INIT_ARRAY$$Base                    0x08000e80   Number         0  main.o(.init_array)
    SHT$$INIT_ARRAY$$Limit                   0x08000e84   Number         0  init_aeabi.o(.init_array)
    system_core_clock                        0x20000000   Data           4  system_at32f435_437.o(.data.system_core_clock)
    __libspace_start                         0x20000008   Data          96  libspace.o(.bss)
    __temporary_stack_top$libspace           0x20000068   Data           0  libspace.o(.bss)
    buzzer                                   0x20000068   Data           8  main.o(.bss.buzzer)
    fac_us                                   0x20000070   Data           2  xtp_delay.o(.bss.fac_us)



==============================================================================

Memory Map of the image

  Image Entry point : 0x0800020d

  Load Region LR_IROM1 (Base: 0x08000000, Size: 0x00000e90, Max: 0x00100000, ABSOLUTE)

    Execution Region ER_IROM1 (Exec base: 0x08000000, Load base: 0x08000000, Size: 0x00000e84, Max: 0x00100000, ABSOLUTE)

    Exec Addr    Load Addr    Size         Type   Attr      Idx    E Section Name        Object

    0x08000000   0x08000000   0x0000020c   Data   RO          471    RESET               startup_at32f435_437.o
    0x0800020c   0x0800020c   0x00000008   Code   RO          740  * !!!main             c_w.l(__main.o)
    0x08000214   0x08000214   0x00000034   Code   RO          915    !!!scatter          c_w.l(__scatter.o)
    0x08000248   0x08000248   0x0000001a   Code   RO          917    !!handler_copy      c_w.l(__scatter_copy.o)
    0x08000262   0x08000262   0x00000002   PAD
    0x08000264   0x08000264   0x0000001c   Code   RO          919    !!handler_zi        c_w.l(__scatter_zi.o)
    0x08000280   0x08000280   0x00000002   Code   RO          832    .ARM.Collect$$libinit$$00000000  c_w.l(libinit.o)
    0x08000282   0x08000282   0x00000004   Code   RO          751    .ARM.Collect$$libinit$$00000001  c_w.l(libinit2.o)
    0x08000286   0x08000286   0x00000000   Code   RO          754    .ARM.Collect$$libinit$$00000004  c_w.l(libinit2.o)
    0x08000286   0x08000286   0x00000000   Code   RO          757    .ARM.Collect$$libinit$$0000000A  c_w.l(libinit2.o)
    0x08000286   0x08000286   0x00000000   Code   RO          759    .ARM.Collect$$libinit$$0000000C  c_w.l(libinit2.o)
    0x08000286   0x08000286   0x00000000   Code   RO          761    .ARM.Collect$$libinit$$0000000E  c_w.l(libinit2.o)
    0x08000286   0x08000286   0x00000000   Code   RO          764    .ARM.Collect$$libinit$$00000011  c_w.l(libinit2.o)
    0x08000286   0x08000286   0x00000000   Code   RO          766    .ARM.Collect$$libinit$$00000013  c_w.l(libinit2.o)
    0x08000286   0x08000286   0x00000000   Code   RO          768    .ARM.Collect$$libinit$$00000015  c_w.l(libinit2.o)
    0x08000286   0x08000286   0x00000000   Code   RO          770    .ARM.Collect$$libinit$$00000017  c_w.l(libinit2.o)
    0x08000286   0x08000286   0x00000000   Code   RO          772    .ARM.Collect$$libinit$$00000019  c_w.l(libinit2.o)
    0x08000286   0x08000286   0x00000000   Code   RO          774    .ARM.Collect$$libinit$$0000001B  c_w.l(libinit2.o)
    0x08000286   0x08000286   0x00000000   Code   RO          776    .ARM.Collect$$libinit$$0000001D  c_w.l(libinit2.o)
    0x08000286   0x08000286   0x00000000   Code   RO          778    .ARM.Collect$$libinit$$0000001F  c_w.l(libinit2.o)
    0x08000286   0x08000286   0x00000000   Code   RO          780    .ARM.Collect$$libinit$$00000021  c_w.l(libinit2.o)
    0x08000286   0x08000286   0x00000000   Code   RO          782    .ARM.Collect$$libinit$$00000023  c_w.l(libinit2.o)
    0x08000286   0x08000286   0x00000000   Code   RO          784    .ARM.Collect$$libinit$$00000025  c_w.l(libinit2.o)
    0x08000286   0x08000286   0x00000000   Code   RO          788    .ARM.Collect$$libinit$$0000002C  c_w.l(libinit2.o)
    0x08000286   0x08000286   0x00000000   Code   RO          790    .ARM.Collect$$libinit$$0000002E  c_w.l(libinit2.o)
    0x08000286   0x08000286   0x00000000   Code   RO          792    .ARM.Collect$$libinit$$00000030  c_w.l(libinit2.o)
    0x08000286   0x08000286   0x00000004   Code   RO          793    .ARM.Collect$$libinit$$00000031  c_w.l(libinit2.o)
    0x0800028a   0x0800028a   0x00000000   Code   RO          794    .ARM.Collect$$libinit$$00000032  c_w.l(libinit2.o)
    0x0800028a   0x0800028a   0x00000002   Code   RO          795    .ARM.Collect$$libinit$$00000033  c_w.l(libinit2.o)
    0x0800028c   0x0800028c   0x00000002   Code   RO          874    .ARM.Collect$$libshutdown$$00000000  c_w.l(libshutdown.o)
    0x0800028e   0x0800028e   0x00000000   Code   RO          882    .ARM.Collect$$libshutdown$$00000002  c_w.l(libshutdown2.o)
    0x0800028e   0x0800028e   0x00000000   Code   RO          884    .ARM.Collect$$libshutdown$$00000004  c_w.l(libshutdown2.o)
    0x0800028e   0x0800028e   0x00000000   Code   RO          887    .ARM.Collect$$libshutdown$$00000007  c_w.l(libshutdown2.o)
    0x0800028e   0x0800028e   0x00000000   Code   RO          890    .ARM.Collect$$libshutdown$$0000000A  c_w.l(libshutdown2.o)
    0x0800028e   0x0800028e   0x00000000   Code   RO          892    .ARM.Collect$$libshutdown$$0000000C  c_w.l(libshutdown2.o)
    0x0800028e   0x0800028e   0x00000000   Code   RO          895    .ARM.Collect$$libshutdown$$0000000F  c_w.l(libshutdown2.o)
    0x0800028e   0x0800028e   0x00000002   Code   RO          896    .ARM.Collect$$libshutdown$$00000010  c_w.l(libshutdown2.o)
    0x08000290   0x08000290   0x00000000   Code   RO          748    .ARM.Collect$$rtentry$$00000000  c_w.l(__rtentry.o)
    0x08000290   0x08000290   0x00000000   Code   RO          801    .ARM.Collect$$rtentry$$00000002  c_w.l(__rtentry2.o)
    0x08000290   0x08000290   0x00000006   Code   RO          813    .ARM.Collect$$rtentry$$00000004  c_w.l(__rtentry4.o)
    0x08000296   0x08000296   0x00000000   Code   RO          803    .ARM.Collect$$rtentry$$00000009  c_w.l(__rtentry2.o)
    0x08000296   0x08000296   0x00000004   Code   RO          804    .ARM.Collect$$rtentry$$0000000A  c_w.l(__rtentry2.o)
    0x0800029a   0x0800029a   0x00000000   Code   RO          806    .ARM.Collect$$rtentry$$0000000C  c_w.l(__rtentry2.o)
    0x0800029a   0x0800029a   0x00000008   Code   RO          807    .ARM.Collect$$rtentry$$0000000D  c_w.l(__rtentry2.o)
    0x080002a2   0x080002a2   0x00000002   Code   RO          840    .ARM.Collect$$rtexit$$00000000  c_w.l(rtexit.o)
    0x080002a4   0x080002a4   0x00000000   Code   RO          852    .ARM.Collect$$rtexit$$00000002  c_w.l(rtexit2.o)
    0x080002a4   0x080002a4   0x00000004   Code   RO          853    .ARM.Collect$$rtexit$$00000003  c_w.l(rtexit2.o)
    0x080002a8   0x080002a8   0x00000006   Code   RO          854    .ARM.Collect$$rtexit$$00000004  c_w.l(rtexit2.o)
    0x080002ae   0x080002ae   0x00000002   PAD
    0x080002b0   0x080002b0   0x00000040   Code   RO          472    .text               startup_at32f435_437.o
    0x080002f0   0x080002f0   0x00000006   Code   RO          738    .text               c_w.l(heapauxi.o)
    0x080002f6   0x080002f6   0x00000002   PAD
    0x080002f8   0x080002f8   0x00000024   Code   RO          745    .text               c_w.l(init_aeabi.o)
    0x0800031c   0x0800031c   0x0000004a   Code   RO          819    .text               c_w.l(sys_stackheap_outer.o)
    0x08000366   0x08000366   0x00000012   Code   RO          821    .text               c_w.l(exit.o)
    0x08000378   0x08000378   0x00000008   Code   RO          837    .text               c_w.l(libspace.o)
    0x08000380   0x08000380   0x00000002   Code   RO          848    .text               c_w.l(use_no_semi.o)
    0x08000382   0x08000382   0x00000000   Code   RO          850    .text               c_w.l(indicate_semi.o)
    0x08000382   0x08000382   0x00000002   PAD
    0x08000384   0x08000384   0x0000000c   Code   RO          864    .text               c_w.l(sys_exit.o)
    0x08000390   0x08000390   0x00000002   Code   RO            8    .text.BusFault_Handler  at32f435_437_int.o
    0x08000392   0x08000392   0x00000002   PAD
    0x08000394   0x08000394   0x00000002   Code   RO           14    .text.DebugMon_Handler  at32f435_437_int.o
    0x08000396   0x08000396   0x00000002   PAD
    0x08000398   0x08000398   0x00000002   Code   RO            4    .text.HardFault_Handler  at32f435_437_int.o
    0x0800039a   0x0800039a   0x00000002   PAD
    0x0800039c   0x0800039c   0x00000002   Code   RO            6    .text.MemManage_Handler  at32f435_437_int.o
    0x0800039e   0x0800039e   0x00000002   PAD
    0x080003a0   0x080003a0   0x00000002   Code   RO            2    .text.NMI_Handler   at32f435_437_int.o
    0x080003a2   0x080003a2   0x00000002   PAD
    0x080003a4   0x080003a4   0x00000002   Code   RO           16    .text.PendSV_Handler  at32f435_437_int.o
    0x080003a6   0x080003a6   0x00000002   PAD
    0x080003a8   0x080003a8   0x00000002   Code   RO           12    .text.SVC_Handler   at32f435_437_int.o
    0x080003aa   0x080003aa   0x00000002   PAD
    0x080003ac   0x080003ac   0x00000068   Code   RO          479    .text.SystemInit    system_at32f435_437.o
    0x08000414   0x08000414   0x00000002   Code   RO           10    .text.UsageFault_Handler  at32f435_437_int.o
    0x08000416   0x08000416   0x00000002   PAD
    0x08000418   0x08000418   0x00000008   Code   RO           50    .text._GLOBAL__sub_I_main.c  main.o
    0x08000420   0x08000420   0x0000002c   Code   RO          492    .text._Z10delay_initv  xtp_delay.o
    0x0800044c   0x0800044c   0x0000001c   Code   RO          496    .text._Z8delay_mst  xtp_delay.o
    0x08000468   0x08000468   0x0000003c   Code   RO          494    .text._Z8delay_ust  xtp_delay.o
    0x080004a4   0x080004a4   0x00000024   Code   RO          515    .text._ZN6Buzzer2onEii  buzzer.o
    0x080004c8   0x080004c8   0x00000008   Code   RO          507    .text._ZN6BuzzerC2EP9gpio_typet  buzzer.o
    0x080004d0   0x080004d0   0x00000006   Code   RO          525    .text._ZN7XTPGPioC2EP9gpio_typet  xtp_gpio.o
    0x080004d6   0x080004d6   0x00000002   PAD
    0x080004d8   0x080004d8   0x00000014   Code   RO          527    .text._ZNK7XTPGPio8setLevelE13confirm_state  xtp_gpio.o
    0x080004ec   0x080004ec   0x00000020   Code   RO          308    .text.__NVIC_SetPriorityGrouping  at32f435_437_misc.o
    0x0800050c   0x0800050c   0x0000001a   Code   RO           46    .text.__cxx_global_var_init  main.o
    0x08000526   0x08000526   0x00000002   PAD
    0x08000528   0x08000528   0x0000001a   Code   RO           94    .text.crm_ahb_div_set  at32f435_437_crm.o
    0x08000542   0x08000542   0x00000002   PAD
    0x08000544   0x08000544   0x0000001a   Code   RO           96    .text.crm_apb1_div_set  at32f435_437_crm.o
    0x0800055e   0x0800055e   0x00000002   PAD
    0x08000560   0x08000560   0x0000001a   Code   RO           98    .text.crm_apb2_div_set  at32f435_437_crm.o
    0x0800057a   0x0800057a   0x00000002   PAD
    0x0800057c   0x0800057c   0x00000018   Code   RO          106    .text.crm_auto_step_mode_enable  at32f435_437_crm.o
    0x08000594   0x08000594   0x0000007a   Code   RO           86    .text.crm_clock_source_enable  at32f435_437_crm.o
    0x0800060e   0x0800060e   0x00000002   PAD
    0x08000610   0x08000610   0x0000001a   Code   RO           70    .text.crm_flag_get  at32f435_437_crm.o
    0x0800062a   0x0800062a   0x00000002   PAD
    0x0800062c   0x0800062c   0x00000028   Code   RO           74    .text.crm_hext_stable_wait  at32f435_437_crm.o
    0x08000654   0x08000654   0x00000028   Code   RO           80    .text.crm_periph_clock_enable  at32f435_437_crm.o
    0x0800067c   0x0800067c   0x0000005a   Code   RO          116    .text.crm_pll_config  at32f435_437_crm.o
    0x080006d6   0x080006d6   0x00000002   PAD
    0x080006d8   0x080006d8   0x00000050   Code   RO           64    .text.crm_reset     at32f435_437_crm.o
    0x08000728   0x08000728   0x0000003a   Code   RO          118    .text.crm_sysclk_switch  at32f435_437_crm.o
    0x08000762   0x08000762   0x00000002   PAD
    0x08000764   0x08000764   0x00000010   Code   RO          120    .text.crm_sysclk_switch_status_get  at32f435_437_crm.o
    0x08000774   0x08000774   0x0000000e   Code   RO          428    .text.dma_default_para_init  at32f435_437_dma.o
    0x08000782   0x08000782   0x00000002   PAD
    0x08000784   0x08000784   0x0000008a   Code   RO          430    .text.dma_init      at32f435_437_dma.o
    0x0800080e   0x0800080e   0x00000002   PAD
    0x08000810   0x08000810   0x0000005e   Code   RO          412    .text.dma_reset     at32f435_437_dma.o
    0x0800086e   0x0800086e   0x00000002   PAD
    0x08000870   0x08000870   0x0000000e   Code   RO          434    .text.dmamux_enable  at32f435_437_dma.o
    0x0800087e   0x0800087e   0x00000002   PAD
    0x08000880   0x08000880   0x0000000a   Code   RO          436    .text.dmamux_init   at32f435_437_dma.o
    0x0800088a   0x0800088a   0x00000002   PAD
    0x0800088c   0x0800088c   0x00000004   Code   RO          268    .text.gpio_bits_reset  at32f435_437_gpio.o
    0x08000890   0x08000890   0x00000004   Code   RO          266    .text.gpio_bits_set  at32f435_437_gpio.o
    0x08000894   0x08000894   0x0000000c   Code   RO          270    .text.gpio_bits_write  at32f435_437_gpio.o
    0x080008a0   0x080008a0   0x0000000e   Code   RO          256    .text.gpio_default_para_init  at32f435_437_gpio.o
    0x080008ae   0x080008ae   0x00000002   PAD
    0x080008b0   0x080008b0   0x00000084   Code   RO          254    .text.gpio_init     at32f435_437_gpio.o
    0x08000934   0x08000934   0x0000002e   Code   RO          278    .text.gpio_pin_mux_config  at32f435_437_gpio.o
    0x08000962   0x08000962   0x00000002   PAD
    0x08000964   0x08000964   0x0000003a   Code   RO           48    .text.main          main.o
    0x0800099e   0x0800099e   0x00000002   PAD
    0x080009a0   0x080009a0   0x00000008   Code   RO          306    .text.nvic_priority_group_config  at32f435_437_misc.o
    0x080009a8   0x080009a8   0x0000000e   Code   RO          356    .text.spi_default_para_init  at32f435_437_spi.o
    0x080009b6   0x080009b6   0x00000002   PAD
    0x080009b8   0x080009b8   0x00000012   Code   RO          380    .text.spi_enable    at32f435_437_spi.o
    0x080009ca   0x080009ca   0x00000002   PAD
    0x080009cc   0x080009cc   0x00000012   Code   RO          390    .text.spi_i2s_dma_transmitter_enable  at32f435_437_spi.o
    0x080009de   0x080009de   0x00000002   PAD
    0x080009e0   0x080009e0   0x00000124   Code   RO          358    .text.spi_init      at32f435_437_spi.o
    0x08000b04   0x08000b04   0x0000008c   Code   RO          481    .text.system_core_clock_update  system_at32f435_437.o
    0x08000b90   0x08000b90   0x00000018   Code   RO          314    .text.systick_clock_source_config  at32f435_437_misc.o
    0x08000ba8   0x08000ba8   0x0000004c   Code   RO           35    .text.wk_dma1_channel1_init  at32f435_437_wk_config.o
    0x08000bf4   0x08000bf4   0x000000a2   Code   RO           31    .text.wk_gpio_config  at32f435_437_wk_config.o
    0x08000c96   0x08000c96   0x00000002   PAD
    0x08000c98   0x08000c98   0x0000000a   Code   RO           29    .text.wk_nvic_config  at32f435_437_wk_config.o
    0x08000ca2   0x08000ca2   0x00000002   PAD
    0x08000ca4   0x08000ca4   0x0000004a   Code   RO           27    .text.wk_periph_clock_config  at32f435_437_wk_config.o
    0x08000cee   0x08000cee   0x00000002   PAD
    0x08000cf0   0x08000cf0   0x00000090   Code   RO           33    .text.wk_spi1_init  at32f435_437_wk_config.o
    0x08000d80   0x08000d80   0x000000c4   Code   RO           25    .text.wk_system_clock_config  at32f435_437_wk_config.o
    0x08000e44   0x08000e44   0x0000001a   Code   RO          817    x$fpl$fpinit        fz_wm.l(fpinit.o)
    0x08000e5e   0x08000e5e   0x00000002   PAD
    0x08000e60   0x08000e60   0x00000020   Data   RO          914    Region$$Table       anon$$obj.o
    0x08000e80   0x08000e80   0x00000004   Data   RO           55    .init_array         main.o
    0x08000e84   0x08000e80   0x00000000   Data   RO          743    .init_array         c_w.l(init_aeabi.o)


    Execution Region RW_IRAM1 (Exec base: 0x20000000, Load base: 0x08000e88, Size: 0x00000678, Max: 0x00060000, ABSOLUTE)

    Exec Addr    Load Addr    Size         Type   Attr      Idx    E Section Name        Object

    0x20000000   0x08000e88   0x00000004   Data   RW          483    .data.system_core_clock  system_at32f435_437.o
    0x20000004   0x08000e8c   0x00000004   PAD
    0x20000008        -       0x00000060   Zero   RW          838    .bss                c_w.l(libspace.o)
    0x20000068        -       0x00000008   Zero   RW           54    .bss.buzzer         main.o
    0x20000070        -       0x00000002   Zero   RW          498    .bss.fac_us         xtp_delay.o
    0x20000072   0x08000e8c   0x00000006   PAD
    0x20000078        -       0x00000200   Zero   RW          470    HEAP                startup_at32f435_437.o
    0x20000278        -       0x00000400   Zero   RW          469    STACK               startup_at32f435_437.o


==============================================================================

Image component sizes


      Code (inc. data)   RO Data    RW Data    ZI Data      Debug   Object Name

       574          6          0          0          0      29597   at32f435_437_crm.o
       270          0          0          0          0      15750   at32f435_437_dma.o
       212          0          0          0          0      12189   at32f435_437_gpio.o
        16          0          0          0          0        979   at32f435_437_int.o
        64          0          0          0          0       7834   at32f435_437_misc.o
       342          4          0          0          0      13396   at32f435_437_spi.o
       662          0          0          0          0      26425   at32f435_437_wk_config.o
        44          0          0          0          0       3331   buzzer.o
        92          0          4          0          8       5281   main.o
        64         26        524          0       1536        892   startup_at32f435_437.o
       244         24          0          4          0      11992   system_at32f435_437.o
       132          0          0          0          2       2578   xtp_delay.o
        26          0          0          0          0       2426   xtp_gpio.o

    ----------------------------------------------------------------------
      2804         60        560          4       1556     132670   Object Totals
         0          0         32          0          0          0   (incl. Generated)
        62          0          0          0         10          0   (incl. Padding)

    ----------------------------------------------------------------------

      Code (inc. data)   RO Data    RW Data    ZI Data      Debug   Library Member Name

         8          0          0          0          0         68   __main.o
         0          0          0          0          0          0   __rtentry.o
        12          0          0          0          0          0   __rtentry2.o
         6          0          0          0          0          0   __rtentry4.o
        52          8          0          0          0          0   __scatter.o
        26          0          0          0          0          0   __scatter_copy.o
        28          0          0          0          0          0   __scatter_zi.o
        18          0          0          0          0         80   exit.o
         6          0          0          0          0        152   heapauxi.o
         0          0          0          0          0          0   indicate_semi.o
        36          8          0          0          0         80   init_aeabi.o
         2          0          0          0          0          0   libinit.o
        10          0          0          0          0          0   libinit2.o
         2          0          0          0          0          0   libshutdown.o
         2          0          0          0          0          0   libshutdown2.o
         8          4          0          0         96         68   libspace.o
         2          0          0          0          0          0   rtexit.o
        10          0          0          0          0          0   rtexit2.o
        12          4          0          0          0         68   sys_exit.o
        74          0          0          0          0         80   sys_stackheap_outer.o
         2          0          0          0          0         68   use_no_semi.o
        26          0          0          0          0        116   fpinit.o

    ----------------------------------------------------------------------
       352         24          0          0         96        780   Library Totals
        10          0          0          0          0          0   (incl. Padding)

    ----------------------------------------------------------------------

      Code (inc. data)   RO Data    RW Data    ZI Data      Debug   Library Name

       316         24          0          0         96        664   c_w.l
        26          0          0          0          0        116   fz_wm.l

    ----------------------------------------------------------------------
       352         24          0          0         96        780   Library Totals

    ----------------------------------------------------------------------

==============================================================================


      Code (inc. data)   RO Data    RW Data    ZI Data      Debug   

      3156         84        560          4       1652     133022   Grand Totals
      3156         84        560          4       1652     133022   ELF Image Totals
      3156         84        560          4          0          0   ROM Totals

==============================================================================

    Total RO  Size (Code + RO Data)                 3716 (   3.63kB)
    Total RW  Size (RW Data + ZI Data)              1656 (   1.62kB)
    Total ROM Size (Code + RO Data + RW Data)       3720 (   3.63kB)

==============================================================================

