Component: ARM Compiler 6.16 Tool: armlink [5dfeaa00]

==============================================================================

Section Cross References

    at32f435_437_int.o(.ARM.exidx.text.NMI_Handler) refers to at32f435_437_int.o(.text.NMI_Handler) for [Anonymous Symbol]
    at32f435_437_int.o(.ARM.exidx.text.HardFault_Handler) refers to at32f435_437_int.o(.text.HardFault_Handler) for [Anonymous Symbol]
    at32f435_437_int.o(.ARM.exidx.text.MemManage_Handler) refers to at32f435_437_int.o(.text.MemManage_Handler) for [Anonymous Symbol]
    at32f435_437_int.o(.ARM.exidx.text.BusFault_Handler) refers to at32f435_437_int.o(.text.BusFault_Handler) for [Anonymous Symbol]
    at32f435_437_int.o(.ARM.exidx.text.UsageFault_Handler) refers to at32f435_437_int.o(.text.UsageFault_Handler) for [Anonymous Symbol]
    at32f435_437_int.o(.ARM.exidx.text.SVC_Handler) refers to at32f435_437_int.o(.text.SVC_Handler) for [Anonymous Symbol]
    at32f435_437_int.o(.ARM.exidx.text.DebugMon_Handler) refers to at32f435_437_int.o(.text.DebugMon_Handler) for [Anonymous Symbol]
    at32f435_437_int.o(.ARM.exidx.text.PendSV_Handler) refers to at32f435_437_int.o(.text.PendSV_Handler) for [Anonymous Symbol]
    at32f435_437_wk_config.o(.text.wk_system_clock_config) refers to at32f435_437_crm.o(.text.crm_reset) for crm_reset
    at32f435_437_wk_config.o(.text.wk_system_clock_config) refers to at32f435_437_crm.o(.text.crm_periph_clock_enable) for crm_periph_clock_enable
    at32f435_437_wk_config.o(.text.wk_system_clock_config) refers to at32f435_437_crm.o(.text.crm_clock_source_enable) for crm_clock_source_enable
    at32f435_437_wk_config.o(.text.wk_system_clock_config) refers to at32f435_437_crm.o(.text.crm_flag_get) for crm_flag_get
    at32f435_437_wk_config.o(.text.wk_system_clock_config) refers to at32f435_437_crm.o(.text.crm_hext_stable_wait) for crm_hext_stable_wait
    at32f435_437_wk_config.o(.text.wk_system_clock_config) refers to at32f435_437_crm.o(.text.crm_pll_config) for crm_pll_config
    at32f435_437_wk_config.o(.text.wk_system_clock_config) refers to at32f435_437_crm.o(.text.crm_ahb_div_set) for crm_ahb_div_set
    at32f435_437_wk_config.o(.text.wk_system_clock_config) refers to at32f435_437_crm.o(.text.crm_apb2_div_set) for crm_apb2_div_set
    at32f435_437_wk_config.o(.text.wk_system_clock_config) refers to at32f435_437_crm.o(.text.crm_apb1_div_set) for crm_apb1_div_set
    at32f435_437_wk_config.o(.text.wk_system_clock_config) refers to at32f435_437_crm.o(.text.crm_auto_step_mode_enable) for crm_auto_step_mode_enable
    at32f435_437_wk_config.o(.text.wk_system_clock_config) refers to at32f435_437_crm.o(.text.crm_sysclk_switch) for crm_sysclk_switch
    at32f435_437_wk_config.o(.text.wk_system_clock_config) refers to at32f435_437_crm.o(.text.crm_sysclk_switch_status_get) for crm_sysclk_switch_status_get
    at32f435_437_wk_config.o(.text.wk_system_clock_config) refers to system_at32f435_437.o(.text.system_core_clock_update) for system_core_clock_update
    at32f435_437_wk_config.o(.ARM.exidx.text.wk_system_clock_config) refers to at32f435_437_wk_config.o(.text.wk_system_clock_config) for [Anonymous Symbol]
    at32f435_437_wk_config.o(.text.wk_periph_clock_config) refers to at32f435_437_crm.o(.text.crm_periph_clock_enable) for crm_periph_clock_enable
    at32f435_437_wk_config.o(.ARM.exidx.text.wk_periph_clock_config) refers to at32f435_437_wk_config.o(.text.wk_periph_clock_config) for [Anonymous Symbol]
    at32f435_437_wk_config.o(.text.wk_nvic_config) refers to at32f435_437_misc.o(.text.nvic_priority_group_config) for nvic_priority_group_config
    at32f435_437_wk_config.o(.ARM.exidx.text.wk_nvic_config) refers to at32f435_437_wk_config.o(.text.wk_nvic_config) for [Anonymous Symbol]
    at32f435_437_wk_config.o(.text.wk_gpio_config) refers to at32f435_437_gpio.o(.text.gpio_default_para_init) for gpio_default_para_init
    at32f435_437_wk_config.o(.text.wk_gpio_config) refers to at32f435_437_gpio.o(.text.gpio_init) for gpio_init
    at32f435_437_wk_config.o(.text.wk_gpio_config) refers to at32f435_437_gpio.o(.text.gpio_bits_reset) for gpio_bits_reset
    at32f435_437_wk_config.o(.text.wk_gpio_config) refers to at32f435_437_gpio.o(.text.gpio_bits_set) for gpio_bits_set
    at32f435_437_wk_config.o(.ARM.exidx.text.wk_gpio_config) refers to at32f435_437_wk_config.o(.text.wk_gpio_config) for [Anonymous Symbol]
    at32f435_437_wk_config.o(.text.wk_spi1_init) refers to at32f435_437_gpio.o(.text.gpio_default_para_init) for gpio_default_para_init
    at32f435_437_wk_config.o(.text.wk_spi1_init) refers to at32f435_437_spi.o(.text.spi_default_para_init) for spi_default_para_init
    at32f435_437_wk_config.o(.text.wk_spi1_init) refers to at32f435_437_gpio.o(.text.gpio_init) for gpio_init
    at32f435_437_wk_config.o(.text.wk_spi1_init) refers to at32f435_437_gpio.o(.text.gpio_pin_mux_config) for gpio_pin_mux_config
[...]
    !!handler_copy                           0x08000248   Section       26  __scatter_copy.o(!!handler_copy)
    !!handler_zi                             0x08000264   Section       28  __scatter_zi.o(!!handler_zi)
    .ARM.Collect$$_printf_percent$$00000000  0x08000280   Section        0  _printf_percent.o(.ARM.Collect$$_printf_percent$$00000000)
    .ARM.Collect$$_printf_percent$$00000003  0x08000280   Section        6  _printf_f.o(.ARM.Collect$$_printf_percent$$00000003)
    .ARM.Collect$$_printf_percent$$00000009  0x08000286   Section        6  _printf_d.o(.ARM.Collect$$_printf_percent$$00000009)
    .ARM.Collect$$_printf_percent$$00000017  0x0800028c   Section        4  _printf_percent_end.o(.ARM.Collect$$_printf_percent$$00000017)
    .ARM.Collect$$libinit$$00000000          0x08000290   Section        2  libinit.o(.ARM.Collect$$libinit$$00000000)
    .ARM.Collect$$libinit$$00000001          0x08000292   Section        4  libinit2.o(.ARM.Collect$$libinit$$00000001)
    .ARM.Collect$$libinit$$00000004          0x08000296   Section        0  libinit2.o(.ARM.Collect$$libinit$$00000004)
    .ARM.Collect$$libinit$$0000000A          0x08000296   Section        0  libinit2.o(.ARM.Collect$$libinit$$0000000A)
    .ARM.Collect$$libinit$$0000000C          0x08000296   Section        0  libinit2.o(.ARM.Collect$$libinit$$0000000C)
    .ARM.Collect$$libinit$$0000000E          0x08000296   Section        0  libinit2.o(.ARM.Collect$$libinit$$0000000E)
    .ARM.Collect$$libinit$$0000000F          0x08000296   Section        6  libinit2.o(.ARM.Collect$$libinit$$0000000F)
    .ARM.Collect$$libinit$$00000011          0x0800029c   Section        0  libinit2.o(.ARM.Collect$$libinit$$00000011)
    .ARM.Collect$$libinit$$00000013          0x0800029c   Section        0  libinit2.o(.ARM.Collect$$libinit$$00000013)
    .ARM.Collect$$libinit$$00000015          0x0800029c   Section        0  libinit2.o(.ARM.Collect$$libinit$$00000015)
    .ARM.Collect$$libinit$$00000016          0x0800029c   Section       10  libinit2.o(.ARM.Collect$$libinit$$00000016)
    .ARM.Collect$$libinit$$00000017          0x080002a6   Section        0  libinit2.o(.ARM.Collect$$libinit$$00000017)
    .ARM.Collect$$libinit$$00000019          0x080002a6   Section        0  libinit2.o(.ARM.Collect$$libinit$$00000019)
    .ARM.Collect$$libinit$$0000001B          0x080002a6   Section        0  libinit2.o(.ARM.Collect$$libinit$$0000001B)
    .ARM.Collect$$libinit$$0000001D          0x080002a6   Section        0  libinit2.o(.ARM.Collect$$libinit$$0000001D)
    .ARM.Collect$$libinit$$0000001F          0x080002a6   Section        0  libinit2.o(.ARM.Collect$$libinit$$0000001F)
    .ARM.Collect$$libinit$$00000021          0x080002a6   Section        0  libinit2.o(.ARM.Collect$$libinit$$00000021)
    .ARM.Collect$$libinit$$00000023          0x080002a6   Section        0  libinit2.o(.ARM.Collect$$libinit$$00000023)
    .ARM.Collect$$libinit$$00000025          0x080002a6   Section        0  libinit2.o(.ARM.Collect$$libinit$$00000025)
    .ARM.Collect$$libinit$$0000002C          0x080002a6   Section        0  libinit2.o(.ARM.Collect$$libinit$$0000002C)
    .ARM.Collect$$libinit$$0000002E          0x080002a6   Section        0  libinit2.o(.ARM.Collect$$libinit$$0000002E)
    .ARM.Collect$$libinit$$00000030          0x080002a6   Section        0  libinit2.o(.ARM.Collect$$libinit$$00000030)
    .ARM.Collect$$libinit$$00000031          0x080002a6   Section        4  libinit2.o(.ARM.Collect$$libinit$$00000031)
    .ARM.Collect$$libinit$$00000032          0x080002aa   Section        0  libinit2.o(.ARM.Collect$$libinit$$00000032)
    .ARM.Collect$$libinit$$00000033          0x080002aa   Section        2  libinit2.o(.ARM.Collect$$libinit$$00000033)
    .ARM.Collect$$libshutdown$$00000000      0x080002ac   Section        2  libshutdown.o(.ARM.Collect$$libshutdown$$00000000)
    .ARM.Collect$$libshutdown$$00000002      0x080002ae   Section        0  libshutdown2.o(.ARM.Collect$$libshutdown$$00000002)
    .ARM.Collect$$libshutdown$$00000004      0x080002ae   Section        0  libshutdown2.o(.ARM.Collect$$libshutdown$$00000004)
    .ARM.Collect$$libshutdown$$00000007      0x080002ae   Section        0  libshutdown2.o(.ARM.Collect$$libshutdown$$00000007)
    .ARM.Collect$$libshutdown$$0000000A      0x080002ae   Section        0  libshutdown2.o(.ARM.Collect$$libshutdown$$0000000A)
    .ARM.Collect$$libshutdown$$0000000C      0x080002ae   Section        0  libshutdown2.o(.ARM.Collect$$libshutdown$$0000000C)
    .ARM.Collect$$libshutdown$$0000000F      0x080002ae   Section        0  libshutdown2.o(.ARM.Collect$$libshutdown$$0000000F)
    .ARM.Collect$$libshutdown$$00000010      0x080002ae   Section        2  libshutdown2.o(.ARM.Collect$$libshutdown$$00000010)
    .ARM.Collect$$rtentry$$00000000          0x080002b0   Section        0  __rtentry.o(.ARM.Collect$$rtentry$$00000000)
    .ARM.Collect$$rtentry$$00000002          0x080002b0   Section        0  __rtentry2.o(.ARM.Collect$$rtentry$$00000002)
    .ARM.Collect$$rtentry$$00000004          0x080002b0   Section        6  __rtentry4.o(.ARM.Collect$$rtentry$$00000004)
    .ARM.Collect$$rtentry$$00000009          0x080002b6   Section        0  __rtentry2.o(.ARM.Collect$$rtentry$$00000009)
    .ARM.Collect$$rtentry$$0000000A          0x080002b6   Section        4  __rtentry2.o(.ARM.Collect$$rtentry$$0000000A)
    .ARM.Collect$$rtentry$$0000000C          0x080002ba   Section        0  __rtentry2.o(.ARM.Collect$$rtentry$$0000000C)
    .ARM.Collect$$rtentry$$0000000D          0x080002ba   Section        8  __rtentry2.o(.ARM.Collect$$rtentry$$0000000D)
    .ARM.Collect$$rtexit$$00000000           0x080002c2   Section        2  rtexit.o(.ARM.Collect$$rtexit$$00000000)
    .ARM.Collect$$rtexit$$00000002           0x080002c4   Section        0  rtexit2.o(.ARM.Collect$$rtexit$$00000002)
    .ARM.Collect$$rtexit$$00000003           0x080002c4   Section        4  rtexit2.o(.ARM.Collect$$rtexit$$00000003)
    .ARM.Collect$$rtexit$$00000004           0x080002c8   Section        6  rtexit2.o(.ARM.Collect$$rtexit$$00000004)
    $v0                                      0x080002d0   Number         0  startup_at32f435_437.o(.text)
    .text                                    0x080002d0   Section       64  startup_at32f435_437.o(.text)
    .text                                    0x08000310   Section        0  noretval__2sprintf.o(.text)
    .text                                    0x08000338   Section        0  _printf_dec.o(.text)
    .text                                    0x080003b0   Section        0  __printf_wp.o(.text)
    .text                                    0x080004be   Section        0  heapauxi.o(.text)
    .text                                    0x080004c4   Section        0  init_aeabi.o(.text)
    .text                                    0x080004e8   Section        0  _printf_intcommon.o(.text)
    _fp_digits                               0x0800059b   Thumb Code   432  _printf_fp_dec.o(.text)
    .text                                    0x0800059a   Section        0  _printf_fp_dec.o(.text)
    _printf_input_char                       0x080009b9   Thumb Code    10  _printf_char_common.o(.text)
    .text                                    0x080009b8   Section        0  _printf_char_common.o(.text)
    .text                                    0x080009e8   Section        0  _sputc.o(.text)
    .text                                    0x080009f4   Section        8  rt_locale_intlibspace.o(.text)
    .text                                    0x080009fc   Section      138  lludiv10.o(.text)
    .text                                    0x08000a88   Section        0  _printf_fp_infnan.o(.text)
    .text                                    0x08000b08   Section        0  bigflt0.o(.text)
    .text                                    0x08000bec   Section        8  libspace.o(.text)
    .text                                    0x08000bf4   Section       74  sys_stackheap_outer.o(.text)
    .text                                    0x08000c3e   Section        0  exit.o(.text)
    .text                                    0x08000c50   Section      124  strcmpv7em.o(.text)
    .text                                    0x08000ccc   Section        2  use_no_semi.o(.text)
    .text                                    0x08000cce   Section        0  indicate_semi.o(.text)
    .text                                    0x08000cd0   Section        0  sys_exit.o(.text)
    [Anonymous Symbol]                       0x08000cdc   Section        0  at32f435_437_int.o(.text.BusFault_Handler)
    [Anonymous Symbol]                       0x08000ce0   Section        0  at32f435_437_int.o(.text.DebugMon_Handler)
    [Anonymous Symbol]                       0x08000ce4   Section        0  at32f435_437_int.o(.text.HardFault_Handler)
    [Anonymous Symbol]                       0x08000ce8   Section        0  at32f435_437_int.o(.text.MemManage_Handler)
    [Anonymous Symbol]                       0x08000cec   Section        0  at32f435_437_int.o(.text.NMI_Handler)
    [Anonymous Symbol]                       0x08000cf0   Section        0  at32f435_437_int.o(.text.PendSV_Handler)
    [Anonymous Symbol]                       0x08000cf4   Section        0  at32f435_437_int.o(.text.SVC_Handler)
    [Anonymous Symbol]                       0x08000cf8   Section        0  system_at32f435_437.o(.text.SystemInit)
    [Anonymous Symbol]                       0x08000d60   Section        0  at32f435_437_int.o(.text.UsageFault_Handler)
    _GLOBAL__sub_I_main.c                    0x08000d65   Thumb Code     8  main.o(.text._GLOBAL__sub_I_main.c)
    [Anonymous Symbol]                       0x08000d64   Section        0  main.o(.text._GLOBAL__sub_I_main.c)
    [Anonymous Symbol]                       0x08000d6c   Section        0  xtp_delay.o(.text._Z10delay_initv)
    [Anonymous Symbol]                       0x08000d98   Section        0  xtp_delay.o(.text._Z8delay_mst)
    [Anonymous Symbol]                       0x08000db4   Section        0  xtp_delay.o(.text._Z8delay_ust)
    [Anonymous Symbol]                       0x08000df0   Section        0  buzzer.o(.text._ZN6Buzzer2onEii)
    [Anonymous Symbol]                       0x08000e14   Section        0  buzzer.o(.text._ZN6BuzzerC2EP9gpio_typet)
    [Anonymous Symbol]                       0x08000e1c   Section        0  st7789.o(.text._ZN6St778910writeFloatEttfh7FontDeftt)
    [Anonymous Symbol]                       0x08000e80   Section        0  st7789.o(.text._ZN6St778911writeStringEttPKc7FontDeftt)
    [Anonymous Symbol]                       0x08000efc   Section        0  st7789.o(.text._ZN6St778913drawRectangleEttttt)
    [Anonymous Symbol]                       0x08000f58   Section        0  st7789.o(.text._ZN6St77898drawLineEttttt)
    [Anonymous Symbol]                       0x0800100c   Section        0  st7789.o(.text._ZN6St77898writeNumEttjh7FontDeftt)
    [Anonymous Symbol]                       0x08001060   Section        0  st7789.o(.text._ZN6St77899drawPixelEttt)
    [Anonymous Symbol]                       0x0800108c   Section        0  st7789.o(.text._ZN6St77899writeCharEttc7FontDeftt)
    [Anonymous Symbol]                       0x08001150   Section        0  st7789.o(.text._ZN6St7789C2EP9gpio_typetS1_tS1_t)
    [Anonymous Symbol]                       0x08001180   Section        0  xtp_gpio.o(.text._ZN7XTPGPioC2EP9gpio_typet)
    [Anonymous Symbol]                       0x08001188   Section        0  st7789.o(.text._ZNK6St778911sendCommandEh)
    [Anonymous Symbol]                       0x080011d0   Section        0  st7789.o(.text._ZNK6St778912setBacklightE8BlkState)
    [Anonymous Symbol]                       0x080011f8   Section        0  st7789.o(.text._ZNK6St778913setLcdAddressEtttt)
    [Anonymous Symbol]                       0x08001260   Section        0  st7789.o(.text._ZNK6St778919writeSingleByteDataEh)
    [Anonymous Symbol]                       0x080012a8   Section        0  st7789.o(.text._ZNK6St77895clearEt)
    [Anonymous Symbol]                       0x08001308   Section        0  st7789.o(.text._ZNK6St77895resetEv)
    [Anonymous Symbol]                       0x0800133c   Section        0  st7789.o(.text._ZNK6St77897lcdInitEv)
    [Anonymous Symbol]                       0x08001554   Section        0  st7789.o(.text._ZNK6St77898sendDataEPhj)
    [Anonymous Symbol]                       0x080015a4   Section        0  st7789.o(.text._ZNK6St77898setCSLowEv)
    [Anonymous Symbol]                       0x080015b0   Section        0  st7789.o(.text._ZNK6St77898setDCLowEv)
    [Anonymous Symbol]                       0x080015bc   Section        0  st7789.o(.text._ZNK6St77899displayOnEv)
    [Anonymous Symbol]                       0x080015d0   Section        0  st7789.o(.text._ZNK6St77899setCSHighEv)
    [Anonymous Symbol]                       0x080015dc   Section        0  st7789.o(.text._ZNK6St77899setDCHighEv)
    [Anonymous Symbol]                       0x080015e8   Section        0  xtp_gpio.o(.text._ZNK7XTPGPio8setLevelE13confirm_state)
    __NVIC_SetPriorityGrouping               0x080015fd   Thumb Code    32  at32f435_437_misc.o(.text.__NVIC_SetPriorityGrouping)
    [Anonymous Symbol]                       0x080015fc   Section        0  at32f435_437_misc.o(.text.__NVIC_SetPriorityGrouping)
    __cxx_global_var_init                    0x0800161d   Thumb Code    50  main.o(.text.__cxx_global_var_init)
    [Anonymous Symbol]                       0x0800161c   Section        0  main.o(.text.__cxx_global_var_init)
    [Anonymous Symbol]                       0x08001650   Section        0  at32f435_437_crm.o(.text.crm_ahb_div_set)
    [Anonymous Symbol]                       0x0800166c   Section        0  at32f435_437_crm.o(.text.crm_apb1_div_set)
    [Anonymous Symbol]                       0x08001688   Section        0  at32f435_437_crm.o(.text.crm_apb2_div_set)
    [Anonymous Symbol]                       0x080016a4   Section        0  at32f435_437_crm.o(.text.crm_auto_step_mode_enable)
    [Anonymous Symbol]                       0x080016bc   Section        0  at32f435_437_crm.o(.text.crm_clock_source_enable)
    [Anonymous Symbol]                       0x08001738   Section        0  at32f435_437_crm.o(.text.crm_flag_get)
    [Anonymous Symbol]                       0x08001754   Section        0  at32f435_437_crm.o(.text.crm_hext_stable_wait)
    [Anonymous Symbol]                       0x0800177c   Section        0  at32f435_437_crm.o(.text.crm_periph_clock_enable)
    [Anonymous Symbol]                       0x080017a4   Section        0  at32f435_437_crm.o(.text.crm_pll_config)
    [Anonymous Symbol]                       0x08001800   Section        0  at32f435_437_crm.o(.text.crm_reset)
    [Anonymous Symbol]                       0x08001850   Section        0  at32f435_437_crm.o(.text.crm_sysclk_switch)
    [Anonymous Symbol]                       0x0800188c   Section        0  at32f435_437_crm.o(.text.crm_sysclk_switch_status_get)
    [Anonymous Symbol]                       0x0800189c   Section        0  at32f435_437_dma.o(.text.dma_channel_enable)
    [Anonymous Symbol]                       0x080018a8   Section        0  at32f435_437_dma.o(.text.dma_default_para_init)
    [Anonymous Symbol]                       0x080018b8   Section        0  at32f435_437_dma.o(.text.dma_init)
    [Anonymous Symbol]                       0x08001944   Section        0  at32f435_437_dma.o(.text.dma_reset)
    [Anonymous Symbol]                       0x080019a4   Section        0  at32f435_437_dma.o(.text.dmamux_enable)
    [Anonymous Symbol]                       0x080019b4   Section        0  at32f435_437_dma.o(.text.dmamux_init)
    [Anonymous Symbol]                       0x080019c0   Section        0  at32f435_437_gpio.o(.text.gpio_bits_reset)
    [Anonymous Symbol]                       0x080019c4   Section        0  at32f435_437_gpio.o(.text.gpio_bits_set)
    [Anonymous Symbol]                       0x080019c8   Section        0  at32f435_437_gpio.o(.text.gpio_bits_write)
    [Anonymous Symbol]                       0x080019d4   Section        0  at32f435_437_gpio.o(.text.gpio_default_para_init)
    [Anonymous Symbol]                       0x080019e4   Section        0  at32f435_437_gpio.o(.text.gpio_init)
    [Anonymous Symbol]                       0x08001a68   Section        0  at32f435_437_gpio.o(.text.gpio_pin_mux_config)
    [Anonymous Symbol]                       0x08001a98   Section        0  main.o(.text.main)
    [Anonymous Symbol]                       0x08001be4   Section        0  at32f435_437_misc.o(.text.nvic_priority_group_config)
    [Anonymous Symbol]                       0x08001bec   Section        0  at32f435_437_spi.o(.text.spi_default_para_init)
    [Anonymous Symbol]                       0x08001bfc   Section        0  at32f435_437_spi.o(.text.spi_enable)
    [Anonymous Symbol]                       0x08001c10   Section        0  at32f435_437_spi.o(.text.spi_i2s_data_transmit)
    [Anonymous Symbol]                       0x08001c14   Section        0  at32f435_437_spi.o(.text.spi_i2s_dma_transmitter_enable)
    [Anonymous Symbol]                       0x08001c28   Section        0  at32f435_437_spi.o(.text.spi_i2s_flag_get)
    [Anonymous Symbol]                       0x08001c34   Section        0  at32f435_437_spi.o(.text.spi_init)
    [Anonymous Symbol]                       0x08001d58   Section        0  system_at32f435_437.o(.text.system_core_clock_update)
    system_core_clock_update.pll_fr_table    0x08001dcc   Number         0  system_at32f435_437.o(.text.system_core_clock_update)
    system_core_clock_update.sys_ahb_div_table 0x08001dd4   Number         0  system_at32f435_437.o(.text.system_core_clock_update)
    [Anonymous Symbol]                       0x08001de4   Section        0  at32f435_437_misc.o(.text.systick_clock_source_config)
    [Anonymous Symbol]                       0x08001dfc   Section        0  at32f435_437_wk_config.o(.text.wk_dma1_channel1_init)
    [Anonymous Symbol]                       0x08001e48   Section        0  at32f435_437_wk_config.o(.text.wk_dma_channel_config)
    [Anonymous Symbol]                       0x08001e50   Section        0  at32f435_437_wk_config.o(.text.wk_gpio_config)
    [Anonymous Symbol]                       0x08001ef4   Section        0  at32f435_437_wk_config.o(.text.wk_nvic_config)
    [Anonymous Symbol]                       0x08001f00   Section        0  at32f435_437_wk_config.o(.text.wk_periph_clock_config)
    [Anonymous Symbol]                       0x08001f4c   Section        0  at32f435_437_wk_config.o(.text.wk_spi1_init)
    [Anonymous Symbol]                       0x08001fdc   Section        0  at32f435_437_wk_config.o(.text.wk_system_clock_config)
    CL$$btod_d2e                             0x080020a0   Section       62  btod.o(CL$$btod_d2e)
    CL$$btod_d2e_denorm_low                  0x080020de   Section       70  btod.o(CL$$btod_d2e_denorm_low)
    CL$$btod_d2e_norm_op1                    0x08002124   Section       96  btod.o(CL$$btod_d2e_norm_op1)
    CL$$btod_div_common                      0x08002184   Section      824  btod.o(CL$$btod_div_common)
    CL$$btod_e2e                             0x080024bc   Section      220  btod.o(CL$$btod_e2e)
    CL$$btod_ediv                            0x08002598   Section       42  btod.o(CL$$btod_ediv)
    CL$$btod_emul                            0x080025c2   Section       42  btod.o(CL$$btod_emul)
    CL$$btod_mult_common                     0x080025ec   Section      580  btod.o(CL$$btod_mult_common)
    i.__ARM_fpclassify                       0x08002830   Section        0  fpclassify.o(i.__ARM_fpclassify)
    i._is_digit                              0x08002860   Section        0  __printf_wp.o(i._is_digit)
    locale$$code                             0x08002870   Section       44  lc_numeric_c.o(locale$$code)
    $v0                                      0x0800289c   Number         0  d2f.o(x$fpl$d2f)
    x$fpl$d2f                                0x0800289c   Section       98  d2f.o(x$fpl$d2f)
    $v0                                      0x08002900   Number         0  daddsub_clz.o(x$fpl$dadd)
    x$fpl$dadd                               0x08002900   Section      336  daddsub_clz.o(x$fpl$dadd)
    _dadd1                                   0x08002911   Thumb Code     0  daddsub_clz.o(x$fpl$dadd)
    $v0                                      0x08002a50   Number         0  dnaninf.o(x$fpl$dnaninf)
    x$fpl$dnaninf                            0x08002a50   Section      156  dnaninf.o(x$fpl$dnaninf)
    $v0                                      0x08002aec   Number         0  dretinf.o(x$fpl$dretinf)
    x$fpl$dretinf                            0x08002aec   Section       12  dretinf.o(x$fpl$dretinf)
    $v0                                      0x08002af8   Number         0  daddsub_clz.o(x$fpl$dsub)
    x$fpl$dsub                               0x08002af8   Section      476  daddsub_clz.o(x$fpl$dsub)
    _dsub1                                   0x08002b09   Thumb Code     0  daddsub_clz.o(x$fpl$dsub)
    $v0                                      0x08002cd4   Number         0  f2d.o(x$fpl$f2d)
    x$fpl$f2d                                0x08002cd4   Section       86  f2d.o(x$fpl$f2d)
    $v0                                      0x08002d2a   Number         0  fnaninf.o(x$fpl$fnaninf)
    x$fpl$fnaninf                            0x08002d2a   Section      140  fnaninf.o(x$fpl$fnaninf)
    $v0                                      0x08002db6   Number         0  fpinit.o(x$fpl$fpinit)
    x$fpl$fpinit                             0x08002db6   Section       26  fpinit.o(x$fpl$fpinit)
    $v0                                      0x08002dd0   Number         0  fretinf.o(x$fpl$fretinf)
    x$fpl$fretinf                            0x08002dd0   Section       10  fretinf.o(x$fpl$fretinf)
    $v0                                      0x08002dda   Number         0  printf1.o(x$fpl$printf1)
    x$fpl$printf1                            0x08002dda   Section        4  printf1.o(x$fpl$printf1)
    x$fpl$usenofp                            0x08002dde   Section        0  usenofp.o(x$fpl$usenofp)
    tenpwrs_x                                0x08002de0   Data          60  bigflt0.o(.constdata)
    .constdata                               0x08002de0   Section      148  bigflt0.o(.constdata)
    tenpwrs_i                                0x08002e1c   Data          64  bigflt0.o(.constdata)
    Font11x18                                0x08002e74   Data        3420  fonts.o(.rodata.Font11x18)
    [Anonymous Symbol]                       0x08002e74   Section        0  fonts.o(.rodata.Font11x18)
    locale$$data                             0x08003bf0   Section       28  lc_numeric_c.o(locale$$data)
    __lcnum_c_name                           0x08003bf4   Data           2  lc_numeric_c.o(locale$$data)
    __lcnum_c_start                          0x08003bfc   Data           0  lc_numeric_c.o(locale$$data)
    __lcnum_c_point                          0x08003c08   Data           0  lc_numeric_c.o(locale$$data)
    __lcnum_c_thousands                      0x08003c0a   Data           0  lc_numeric_c.o(locale$$data)
    __lcnum_c_grouping                       0x08003c0b   Data           0  lc_numeric_c.o(locale$$data)
    __lcnum_c_end                            0x08003c0c   Data           0  lc_numeric_c.o(locale$$data)
    .init_array                              0x08003c10   Section        0  init_aeabi.o(.init_array)
    .bss                                     0x20000010   Section       96  libspace.o(.bss)
    Heap_Mem                                 0x20000090   Data         512  startup_at32f435_437.o(HEAP)
    HEAP                                     0x20000090   Section      512  startup_at32f435_437.o(HEAP)
    Stack_Mem                                0x20000290   Data        1024  startup_at32f435_437.o(STACK)
    STACK                                    0x20000290   Section     1024  startup_at32f435_437.o(STACK)
    __initial_sp                             0x20000690   Data           0  startup_at32f435_437.o(STACK)

    Global Symbols

    Symbol Name                              Value     Ov Type        Size  Object(Section)

    BuildAttributes$$THM_ISAv4$E$P$D$K$B$S$7EM$VFPi3$EXTD16$VFPS$VFMA$PE$A:L22UL41UL21$X:L11$S22US41US21$IEEE1$IW$~IW$USESV6$~STKCKD$USESV7$~SHL$OTIME$ROPI$IEEEJ$EBA8$UX$STANDARDLIB$REQ8$PRES8$EABIv2 0x00000000   Number         0  anon$$obj.o ABSOLUTE
    _printf_flags                            0x00000000   Number         0  printf_stubs.o ABSOLUTE
    _printf_return_value                     0x00000000   Number         0  printf_stubs.o ABSOLUTE
    _printf_sizespec                         0x00000000   Number         0  printf_stubs.o ABSOLUTE
    _printf_widthprec                        0x00000000   Number         0  printf_stubs.o ABSOLUTE
    __ARM_exceptions_init                     - Undefined Weak Reference
    __alloca_initialize                       - Undefined Weak Reference
    __arm_preinit_                            - Undefined Weak Reference
    __cxa_finalize                            - Undefined Weak Reference
    __sigvec_lookup                           - Undefined Weak Reference
    _atexit_init                              - Undefined Weak Reference
    _call_atexit_fns                          - Undefined Weak Reference
    _clock_init                               - Undefined Weak Reference
    _fp_trap_init                             - Undefined Weak Reference
    _fp_trap_shutdown                         - Undefined Weak Reference
    _get_lc_collate                           - Undefined Weak Reference
    _get_lc_ctype                             - Undefined Weak Reference
    _get_lc_monetary                          - Undefined Weak Reference
    _get_lc_time                              - Undefined Weak Reference
    _getenv_init                              - Undefined Weak Reference
    _handle_redirection                       - Undefined Weak Reference
    _init_alloc                               - Undefined Weak Reference
    _init_user_alloc                          - Undefined Weak Reference
    _initio                                   - Undefined Weak Reference
    _printf_post_padding                      - Undefined Weak Reference
    _printf_pre_padding                       - Undefined Weak Reference
    _printf_truncate_signed                   - Undefined Weak Reference
    _printf_truncate_unsigned                 - Undefined Weak Reference
    _rand_init                                - Undefined Weak Reference
    _signal_finish                            - Undefined Weak Reference
    _signal_init                              - Undefined Weak Reference
    _terminate_alloc                          - Undefined Weak Reference
    _terminate_user_alloc                     - Undefined Weak Reference
    _terminateio                              - Undefined Weak Reference
    __Vectors_Size                           0x0000020c   Number         0  startup_at32f435_437.o ABSOLUTE
    __Vectors                                0x08000000   Data           4  startup_at32f435_437.o(RESET)
    __Vectors_End                            0x0800020c   Data           0  startup_at32f435_437.o(RESET)
    __main                                   0x0800020d   Thumb Code     8  __main.o(!!!main)
    __scatterload                            0x08000215   Thumb Code     0  __scatter.o(!!!scatter)
    __scatterload_rt2                        0x08000215   Thumb Code    44  __scatter.o(!!!scatter)
    __scatterload_rt2_thumb_only             0x08000215   Thumb Code     0  __scatter.o(!!!scatter)
    __scatterload_null                       0x08000223   Thumb Code     0  __scatter.o(!!!scatter)
    __scatterload_copy                       0x08000249   Thumb Code    26  __scatter_copy.o(!!handler_copy)
    __scatterload_zeroinit                   0x08000265   Thumb Code    28  __scatter_zi.o(!!handler_zi)
    _printf_f                                0x08000281   Thumb Code     0  _printf_f.o(.ARM.Collect$$_printf_percent$$00000003)
    _printf_percent                          0x08000281   Thumb Code     0  _printf_percent.o(.ARM.Collect$$_printf_percent$$00000000)
    _printf_d                                0x08000287   Thumb Code     0  _printf_d.o(.ARM.Collect$$_printf_percent$$00000009)
    _printf_percent_end                      0x0800028d   Thumb Code     0  _printf_percent_end.o(.ARM.Collect$$_printf_percent$$00000017)
    __rt_lib_init                            0x08000291   Thumb Code     0  libinit.o(.ARM.Collect$$libinit$$00000000)
    __rt_lib_init_fp_1                       0x08000293   Thumb Code     0  libinit2.o(.ARM.Collect$$libinit$$00000001)
    __rt_lib_init_heap_1                     0x08000297   Thumb Code     0  libinit2.o(.ARM.Collect$$libinit$$0000000A)
    __rt_lib_init_lc_common                  0x08000297   Thumb Code     0  libinit2.o(.ARM.Collect$$libinit$$0000000F)
    __rt_lib_init_preinit_1                  0x08000297   Thumb Code     0  libinit2.o(.ARM.Collect$$libinit$$00000004)
    __rt_lib_init_rand_1                     0x08000297   Thumb Code     0  libinit2.o(.ARM.Collect$$libinit$$0000000E)
    __rt_lib_init_user_alloc_1               0x08000297   Thumb Code     0  libinit2.o(.ARM.Collect$$libinit$$0000000C)
    __rt_lib_init_lc_collate_1               0x0800029d   Thumb Code     0  libinit2.o(.ARM.Collect$$libinit$$00000011)
    __rt_lib_init_lc_ctype_1                 0x0800029d   Thumb Code     0  libinit2.o(.ARM.Collect$$libinit$$00000013)
    __rt_lib_init_lc_monetary_1              0x0800029d   Thumb Code     0  libinit2.o(.ARM.Collect$$libinit$$00000015)
    __rt_lib_init_lc_numeric_2               0x0800029d   Thumb Code     0  libinit2.o(.ARM.Collect$$libinit$$00000016)
    __rt_lib_init_alloca_1                   0x080002a7   Thumb Code     0  libinit2.o(.ARM.Collect$$libinit$$0000002E)
    __rt_lib_init_argv_1                     0x080002a7   Thumb Code     0  libinit2.o(.ARM.Collect$$libinit$$0000002C)
    __rt_lib_init_atexit_1                   0x080002a7   Thumb Code     0  libinit2.o(.ARM.Collect$$libinit$$0000001B)
    __rt_lib_init_clock_1                    0x080002a7   Thumb Code     0  libinit2.o(.ARM.Collect$$libinit$$00000021)
    __rt_lib_init_cpp_2                      0x080002a7   Thumb Code     0  libinit2.o(.ARM.Collect$$libinit$$00000031)
    __rt_lib_init_exceptions_1               0x080002a7   Thumb Code     0  libinit2.o(.ARM.Collect$$libinit$$00000030)
    __rt_lib_init_fp_trap_1                  0x080002a7   Thumb Code     0  libinit2.o(.ARM.Collect$$libinit$$0000001F)
    __rt_lib_init_getenv_1                   0x080002a7   Thumb Code     0  libinit2.o(.ARM.Collect$$libinit$$00000023)
    __rt_lib_init_lc_numeric_1               0x080002a7   Thumb Code     0  libinit2.o(.ARM.Collect$$libinit$$00000017)
    __rt_lib_init_lc_time_1                  0x080002a7   Thumb Code     0  libinit2.o(.ARM.Collect$$libinit$$00000019)
    __rt_lib_init_signal_1                   0x080002a7   Thumb Code     0  libinit2.o(.ARM.Collect$$libinit$$0000001D)
    __rt_lib_init_stdio_1                    0x080002a7   Thumb Code     0  libinit2.o(.ARM.Collect$$libinit$$00000025)
    __rt_lib_init_cpp_1                      0x080002ab   Thumb Code     0  libinit2.o(.ARM.Collect$$libinit$$00000032)
    __rt_lib_init_return                     0x080002ab   Thumb Code     0  libinit2.o(.ARM.Collect$$libinit$$00000033)
    __rt_lib_shutdown                        0x080002ad   Thumb Code     0  libshutdown.o(.ARM.Collect$$libshutdown$$00000000)
    __rt_lib_shutdown_cpp_1                  0x080002af   Thumb Code     0  libshutdown2.o(.ARM.Collect$$libshutdown$$00000002)
    __rt_lib_shutdown_fp_trap_1              0x080002af   Thumb Code     0  libshutdown2.o(.ARM.Collect$$libshutdown$$00000007)
    __rt_lib_shutdown_heap_1                 0x080002af   Thumb Code     0  libshutdown2.o(.ARM.Collect$$libshutdown$$0000000F)
    __rt_lib_shutdown_return                 0x080002af   Thumb Code     0  libshutdown2.o(.ARM.Collect$$libshutdown$$00000010)
    __rt_lib_shutdown_signal_1               0x080002af   Thumb Code     0  libshutdown2.o(.ARM.Collect$$libshutdown$$0000000A)
    __rt_lib_shutdown_stdio_1                0x080002af   Thumb Code     0  libshutdown2.o(.ARM.Collect$$libshutdown$$00000004)
    __rt_lib_shutdown_user_alloc_1           0x080002af   Thumb Code     0  libshutdown2.o(.ARM.Collect$$libshutdown$$0000000C)
    __rt_entry                               0x080002b1   Thumb Code     0  __rtentry.o(.ARM.Collect$$rtentry$$00000000)
    __rt_entry_presh_1                       0x080002b1   Thumb Code     0  __rtentry2.o(.ARM.Collect$$rtentry$$00000002)
    __rt_entry_sh                            0x080002b1   Thumb Code     0  __rtentry4.o(.ARM.Collect$$rtentry$$00000004)
    __rt_entry_li                            0x080002b7   Thumb Code     0  __rtentry2.o(.ARM.Collect$$rtentry$$0000000A)
    __rt_entry_postsh_1                      0x080002b7   Thumb Code     0  __rtentry2.o(.ARM.Collect$$rtentry$$00000009)
    __rt_entry_main                          0x080002bb   Thumb Code     0  __rtentry2.o(.ARM.Collect$$rtentry$$0000000D)
    __rt_entry_postli_1                      0x080002bb   Thumb Code     0  __rtentry2.o(.ARM.Collect$$rtentry$$0000000C)
    __rt_exit                                0x080002c3   Thumb Code     0  rtexit.o(.ARM.Collect$$rtexit$$00000000)
    __rt_exit_ls                             0x080002c5   Thumb Code     0  rtexit2.o(.ARM.Collect$$rtexit$$00000003)
    __rt_exit_prels_1                        0x080002c5   Thumb Code     0  rtexit2.o(.ARM.Collect$$rtexit$$00000002)
    __rt_exit_exit                           0x080002c9   Thumb Code     0  rtexit2.o(.ARM.Collect$$rtexit$$00000004)
    Reset_Handler                            0x080002d1   Thumb Code     8  startup_at32f435_437.o(.text)
    SysTick_Handler                          0x080002e9   Thumb Code     2  startup_at32f435_437.o(.text)
    ACC_IRQHandler                           0x080002eb   Thumb Code     0  startup_at32f435_437.o(.text)
    ADC1_2_3_IRQHandler                      0x080002eb   Thumb Code     0  startup_at32f435_437.o(.text)
    CAN1_RX0_IRQHandler                      0x080002eb   Thumb Code     0  startup_at32f435_437.o(.text)
    CAN1_RX1_IRQHandler                      0x080002eb   Thumb Code     0  startup_at32f435_437.o(.text)
    CAN1_SE_IRQHandler                       0x080002eb   Thumb Code     0  startup_at32f435_437.o(.text)
    CAN1_TX_IRQHandler                       0x080002eb   Thumb Code     0  startup_at32f435_437.o(.text)
    CAN2_RX0_IRQHandler                      0x080002eb   Thumb Code     0  startup_at32f435_437.o(.text)
    CAN2_RX1_IRQHandler                      0x080002eb   Thumb Code     0  startup_at32f435_437.o(.text)
    CAN2_SE_IRQHandler                       0x080002eb   Thumb Code     0  startup_at32f435_437.o(.text)
    CAN2_TX_IRQHandler                       0x080002eb   Thumb Code     0  startup_at32f435_437.o(.text)
    CRM_IRQHandler                           0x080002eb   Thumb Code     0  startup_at32f435_437.o(.text)
    DMA1_Channel1_IRQHandler                 0x080002eb   Thumb Code     0  startup_at32f435_437.o(.text)
    DMA1_Channel2_IRQHandler                 0x080002eb   Thumb Code     0  startup_at32f435_437.o(.text)
    DMA1_Channel3_IRQHandler                 0x080002eb   Thumb Code     0  startup_at32f435_437.o(.text)
    DMA1_Channel4_IRQHandler                 0x080002eb   Thumb Code     0  startup_at32f435_437.o(.text)
    DMA1_Channel5_IRQHandler                 0x080002eb   Thumb Code     0  startup_at32f435_437.o(.text)
    DMA1_Channel6_IRQHandler                 0x080002eb   Thumb Code     0  startup_at32f435_437.o(.text)
    DMA1_Channel7_IRQHandler                 0x080002eb   Thumb Code     0  startup_at32f435_437.o(.text)
    DMA2_Channel1_IRQHandler                 0x080002eb   Thumb Code     0  startup_at32f435_437.o(.text)
    DMA2_Channel2_IRQHandler                 0x080002eb   Thumb Code     0  startup_at32f435_437.o(.text)
    DMA2_Channel3_IRQHandler                 0x080002eb   Thumb Code     0  startup_at32f435_437.o(.text)
    DMA2_Channel4_IRQHandler                 0x080002eb   Thumb Code     0  startup_at32f435_437.o(.text)
    DMA2_Channel5_IRQHandler                 0x080002eb   Thumb Code     0  startup_at32f435_437.o(.text)
    DMA2_Channel6_IRQHandler                 0x080002eb   Thumb Code     0  startup_at32f435_437.o(.text)
    DMA2_Channel7_IRQHandler                 0x080002eb   Thumb Code     0  startup_at32f435_437.o(.text)
    DMAMUX_IRQHandler                        0x080002eb   Thumb Code     0  startup_at32f435_437.o(.text)
    DVP_IRQHandler                           0x080002eb   Thumb Code     0  startup_at32f435_437.o(.text)
    EDMA_Stream1_IRQHandler                  0x080002eb   Thumb Code     0  startup_at32f435_437.o(.text)
    EDMA_Stream2_IRQHandler                  0x080002eb   Thumb Code     0  startup_at32f435_437.o(.text)
    EDMA_Stream3_IRQHandler                  0x080002eb   Thumb Code     0  startup_at32f435_437.o(.text)
    EDMA_Stream4_IRQHandler                  0x080002eb   Thumb Code     0  startup_at32f435_437.o(.text)
    EDMA_Stream5_IRQHandler                  0x080002eb   Thumb Code     0  startup_at32f435_437.o(.text)
    EDMA_Stream6_IRQHandler                  0x080002eb   Thumb Code     0  startup_at32f435_437.o(.text)
    EDMA_Stream7_IRQHandler                  0x080002eb   Thumb Code     0  startup_at32f435_437.o(.text)
    EDMA_Stream8_IRQHandler                  0x080002eb   Thumb Code     0  startup_at32f435_437.o(.text)
    EMAC_IRQHandler                          0x080002eb   Thumb Code     0  startup_at32f435_437.o(.text)
    EMAC_WKUP_IRQHandler                     0x080002eb   Thumb Code     0  startup_at32f435_437.o(.text)
    ERTCAlarm_IRQHandler                     0x080002eb   Thumb Code     0  startup_at32f435_437.o(.text)
    ERTC_WKUP_IRQHandler                     0x080002eb   Thumb Code     0  startup_at32f435_437.o(.text)
    EXINT0_IRQHandler                        0x080002eb   Thumb Code     0  startup_at32f435_437.o(.text)
    EXINT15_10_IRQHandler                    0x080002eb   Thumb Code     0  startup_at32f435_437.o(.text)
    EXINT1_IRQHandler                        0x080002eb   Thumb Code     0  startup_at32f435_437.o(.text)
    EXINT2_IRQHandler                        0x080002eb   Thumb Code     0  startup_at32f435_437.o(.text)
    EXINT3_IRQHandler                        0x080002eb   Thumb Code     0  startup_at32f435_437.o(.text)
    EXINT4_IRQHandler                        0x080002eb   Thumb Code     0  startup_at32f435_437.o(.text)
    EXINT9_5_IRQHandler                      0x080002eb   Thumb Code     0  startup_at32f435_437.o(.text)
    FLASH_IRQHandler                         0x080002eb   Thumb Code     0  startup_at32f435_437.o(.text)
    FPU_IRQHandler                           0x080002eb   Thumb Code     0  startup_at32f435_437.o(.text)
    I2C1_ERR_IRQHandler                      0x080002eb   Thumb Code     0  startup_at32f435_437.o(.text)
    I2C1_EVT_IRQHandler                      0x080002eb   Thumb Code     0  startup_at32f435_437.o(.text)
    I2C2_ERR_IRQHandler                      0x080002eb   Thumb Code     0  startup_at32f435_437.o(.text)
    I2C2_EVT_IRQHandler                      0x080002eb   Thumb Code     0  startup_at32f435_437.o(.text)
    I2C3_ERR_IRQHandler                      0x080002eb   Thumb Code     0  startup_at32f435_437.o(.text)
    I2C3_EVT_IRQHandler                      0x080002eb   Thumb Code     0  startup_at32f435_437.o(.text)
    OTGFS1_IRQHandler                        0x080002eb   Thumb Code     0  startup_at32f435_437.o(.text)
    OTGFS1_WKUP_IRQHandler                   0x080002eb   Thumb Code     0  startup_at32f435_437.o(.text)
    OTGFS2_IRQHandler                        0x080002eb   Thumb Code     0  startup_at32f435_437.o(.text)
    OTGFS2_WKUP_IRQHandler                   0x080002eb   Thumb Code     0  startup_at32f435_437.o(.text)
    PVM_IRQHandler                           0x080002eb   Thumb Code     0  startup_at32f435_437.o(.text)
    QSPI1_IRQHandler                         0x080002eb   Thumb Code     0  startup_at32f435_437.o(.text)
    QSPI2_IRQHandler                         0x080002eb   Thumb Code     0  startup_at32f435_437.o(.text)
    SDIO1_IRQHandler                         0x080002eb   Thumb Code     0  startup_at32f435_437.o(.text)
    SDIO2_IRQHandler                         0x080002eb   Thumb Code     0  startup_at32f435_437.o(.text)
    SPI1_IRQHandler                          0x080002eb   Thumb Code     0  startup_at32f435_437.o(.text)
    SPI2_I2S2EXT_IRQHandler                  0x080002eb   Thumb Code     0  startup_at32f435_437.o(.text)
    SPI3_I2S3EXT_IRQHandler                  0x080002eb   Thumb Code     0  startup_at32f435_437.o(.text)
    SPI4_IRQHandler                          0x080002eb   Thumb Code     0  startup_at32f435_437.o(.text)
    TAMP_STAMP_IRQHandler                    0x080002eb   Thumb Code     0  startup_at32f435_437.o(.text)
    TMR1_BRK_TMR9_IRQHandler                 0x080002eb   Thumb Code     0  startup_at32f435_437.o(.text)
    TMR1_CH_IRQHandler                       0x080002eb   Thumb Code     0  startup_at32f435_437.o(.text)
    TMR1_OVF_TMR10_IRQHandler                0x080002eb   Thumb Code     0  startup_at32f435_437.o(.text)
    TMR1_TRG_HALL_TMR11_IRQHandler           0x080002eb   Thumb Code     0  startup_at32f435_437.o(.text)
    TMR20_BRK_IRQHandler                     0x080002eb   Thumb Code     0  startup_at32f435_437.o(.text)
    TMR20_CH_IRQHandler                      0x080002eb   Thumb Code     0  startup_at32f435_437.o(.text)
    TMR20_OVF_IRQHandler                     0x080002eb   Thumb Code     0  startup_at32f435_437.o(.text)
    TMR20_TRG_HALL_IRQHandler                0x080002eb   Thumb Code     0  startup_at32f435_437.o(.text)
    TMR2_GLOBAL_IRQHandler                   0x080002eb   Thumb Code     0  startup_at32f435_437.o(.text)
    TMR3_GLOBAL_IRQHandler                   0x080002eb   Thumb Code     0  startup_at32f435_437.o(.text)
    TMR4_GLOBAL_IRQHandler                   0x080002eb   Thumb Code     0  startup_at32f435_437.o(.text)
    TMR5_GLOBAL_IRQHandler                   0x080002eb   Thumb Code     0  startup_at32f435_437.o(.text)
    TMR6_DAC_GLOBAL_IRQHandler               0x080002eb   Thumb Code     0  startup_at32f435_437.o(.text)
    TMR7_GLOBAL_IRQHandler                   0x080002eb   Thumb Code     0  startup_at32f435_437.o(.text)
    TMR8_BRK_TMR12_IRQHandler                0x080002eb   Thumb Code     0  startup_at32f435_437.o(.text)
    TMR8_CH_IRQHandler                       0x080002eb   Thumb Code     0  startup_at32f435_437.o(.text)
    TMR8_OVF_TMR13_IRQHandler                0x080002eb   Thumb Code     0  startup_at32f435_437.o(.text)
    TMR8_TRG_HALL_TMR14_IRQHandler           0x080002eb   Thumb Code     0  startup_at32f435_437.o(.text)
    UART4_IRQHandler                         0x080002eb   Thumb Code     0  startup_at32f435_437.o(.text)
    UART5_IRQHandler                         0x080002eb   Thumb Code     0  startup_at32f435_437.o(.text)
    UART7_IRQHandler                         0x080002eb   Thumb Code     0  startup_at32f435_437.o(.text)
    UART8_IRQHandler                         0x080002eb   Thumb Code     0  startup_at32f435_437.o(.text)
    USART1_IRQHandler                        0x080002eb   Thumb Code     0  startup_at32f435_437.o(.text)
    USART2_IRQHandler                        0x080002eb   Thumb Code     0  startup_at32f435_437.o(.text)
    USART3_IRQHandler                        0x080002eb   Thumb Code     0  startup_at32f435_437.o(.text)
    USART6_IRQHandler                        0x080002eb   Thumb Code     0  startup_at32f435_437.o(.text)
    WWDT_IRQHandler                          0x080002eb   Thumb Code     0  startup_at32f435_437.o(.text)
    XMC_IRQHandler                           0x080002eb   Thumb Code     0  startup_at32f435_437.o(.text)
    __user_initial_stackheap                 0x080002ed   Thumb Code     0  startup_at32f435_437.o(.text)
    __2sprintf                               0x08000311   Thumb Code    34  noretval__2sprintf.o(.text)
    _printf_int_dec                          0x08000339   Thumb Code   104  _printf_dec.o(.text)
    __printf                                 0x080003b1   Thumb Code   270  __printf_wp.o(.text)
    __use_two_region_memory                  0x080004bf   Thumb Code     2  heapauxi.o(.text)
    __rt_heap_escrow$2region                 0x080004c1   Thumb Code     2  heapauxi.o(.text)
    __rt_heap_expand$2region                 0x080004c3   Thumb Code     2  heapauxi.o(.text)
    __cpp_initialize__aeabi_                 0x080004c5   Thumb Code    28  init_aeabi.o(.text)
    _printf_int_common                       0x080004e9   Thumb Code   178  _printf_intcommon.o(.text)
    _printf_fp_dec_real                      0x0800074b   Thumb Code   620  _printf_fp_dec.o(.text)
    _printf_char_common                      0x080009c3   Thumb Code    32  _printf_char_common.o(.text)
    _sputc                                   0x080009e9   Thumb Code    10  _sputc.o(.text)
    __rt_locale                              0x080009f5   Thumb Code     8  rt_locale_intlibspace.o(.text)
    _ll_udiv10                               0x080009fd   Thumb Code   138  lludiv10.o(.text)
    _printf_fp_infnan                        0x08000a89   Thumb Code   112  _printf_fp_infnan.o(.text)
    _btod_etento                             0x08000b09   Thumb Code   224  bigflt0.o(.text)
    __user_libspace                          0x08000bed   Thumb Code     8  libspace.o(.text)
    __user_perproc_libspace                  0x08000bed   Thumb Code     0  libspace.o(.text)
    __user_perthread_libspace                0x08000bed   Thumb Code     0  libspace.o(.text)
    __user_setup_stackheap                   0x08000bf5   Thumb Code    74  sys_stackheap_outer.o(.text)
    exit                                     0x08000c3f   Thumb Code    18  exit.o(.text)
    strcmp                                   0x08000c51   Thumb Code   124  strcmpv7em.o(.text)
    __I$use$semihosting                      0x08000ccd   Thumb Code     0  use_no_semi.o(.text)
    __use_no_semihosting_swi                 0x08000ccd   Thumb Code     2  use_no_semi.o(.text)
    __semihosting_library_function           0x08000ccf   Thumb Code     0  indicate_semi.o(.text)
    _sys_exit                                0x08000cd1   Thumb Code     8  sys_exit.o(.text)
    BusFault_Handler                         0x08000cdd   Thumb Code     2  at32f435_437_int.o(.text.BusFault_Handler)
    DebugMon_Handler                         0x08000ce1   Thumb Code     2  at32f435_437_int.o(.text.DebugMon_Handler)
    HardFault_Handler                        0x08000ce5   Thumb Code     2  at32f435_437_int.o(.text.HardFault_Handler)
    MemManage_Handler                        0x08000ce9   Thumb Code     2  at32f435_437_int.o(.text.MemManage_Handler)
    NMI_Handler                              0x08000ced   Thumb Code     2  at32f435_437_int.o(.text.NMI_Handler)
    PendSV_Handler                           0x08000cf1   Thumb Code     2  at32f435_437_int.o(.text.PendSV_Handler)
    SVC_Handler                              0x08000cf5   Thumb Code     2  at32f435_437_int.o(.text.SVC_Handler)
    SystemInit                               0x08000cf9   Thumb Code   104  system_at32f435_437.o(.text.SystemInit)
    UsageFault_Handler                       0x08000d61   Thumb Code     2  at32f435_437_int.o(.text.UsageFault_Handler)
    delay_init()                             0x08000d6d   Thumb Code    44  xtp_delay.o(.text._Z10delay_initv)
    delay_ms(unsigned short)                 0x08000d99   Thumb Code    28  xtp_delay.o(.text._Z8delay_mst)
    delay_us(unsigned short)                 0x08000db5   Thumb Code    60  xtp_delay.o(.text._Z8delay_ust)
    Buzzer::on(int, int)                     0x08000df1   Thumb Code    36  buzzer.o(.text._ZN6Buzzer2onEii)
    Buzzer::Buzzer(gpio_type*, unsigned short) 0x08000e15   Thumb Code     8  buzzer.o(.text._ZN6BuzzerC2EP9gpio_typet)
    Buzzer::Buzzer__sub_object(gpio_type*, unsigned short) 0x08000e15   Thumb Code     8  buzzer.o(.text._ZN6BuzzerC2EP9gpio_typet)
    St7789::writeFloat(unsigned short, unsigned short, float, unsigned char, FontDef, unsigned short, unsigned short) 0x08000e1d   Thumb Code    92  st7789.o(.text._ZN6St778910writeFloatEttfh7FontDeftt)
    St7789::writeString(unsigned short, unsigned short, char const*, FontDef, unsigned short, unsigned short) 0x08000e81   Thumb Code   122  st7789.o(.text._ZN6St778911writeStringEttPKc7FontDeftt)
    St7789::drawRectangle(unsigned short, unsigned short, unsigned short, unsigned short, unsigned short) 0x08000efd   Thumb Code    92  st7789.o(.text._ZN6St778913drawRectangleEttttt)
    St7789::drawLine(unsigned short, unsigned short, unsigned short, unsigned short, unsigned short) 0x08000f59   Thumb Code   178  st7789.o(.text._ZN6St77898drawLineEttttt)
    St7789::writeNum(unsigned short, unsigned short, unsigned int, unsigned char, FontDef, unsigned short, unsigned short) 0x0800100d   Thumb Code    80  st7789.o(.text._ZN6St77898writeNumEttjh7FontDeftt)
    St7789::drawPixel(unsigned short, unsigned short, unsigned short) 0x08001061   Thumb Code    42  st7789.o(.text._ZN6St77899drawPixelEttt)
    St7789::writeChar(unsigned short, unsigned short, char, FontDef, unsigned short, unsigned short) 0x0800108d   Thumb Code   194  st7789.o(.text._ZN6St77899writeCharEttc7FontDeftt)
    St7789::St7789(gpio_type*, unsigned short, gpio_type*, unsigned short, gpio_type*, unsigned short) 0x08001151   Thumb Code    46  st7789.o(.text._ZN6St7789C2EP9gpio_typetS1_tS1_t)
    St7789::St7789__sub_object(gpio_type*, unsigned short, gpio_type*, unsigned short, gpio_type*, unsigned short) 0x08001151   Thumb Code    46  st7789.o(.text._ZN6St7789C2EP9gpio_typetS1_tS1_t)
    XTPGPio::XTPGPio(gpio_type*, unsigned short) 0x08001181   Thumb Code     6  xtp_gpio.o(.text._ZN7XTPGPioC2EP9gpio_typet)
    XTPGPio::XTPGPio__sub_object(gpio_type*, unsigned short) 0x08001181   Thumb Code     6  xtp_gpio.o(.text._ZN7XTPGPioC2EP9gpio_typet)
    St7789::sendCommand(unsigned char) const 0x08001189   Thumb Code    70  st7789.o(.text._ZNK6St778911sendCommandEh)
    St7789::setBacklight(BlkState) const     0x080011d1   Thumb Code    38  st7789.o(.text._ZNK6St778912setBacklightE8BlkState)
    St7789::setLcdAddress(unsigned short, unsigned short, unsigned short, unsigned short) const 0x080011f9   Thumb Code   104  st7789.o(.text._ZNK6St778913setLcdAddressEtttt)
    St7789::writeSingleByteData(unsigned char) const 0x08001261   Thumb Code    70  st7789.o(.text._ZNK6St778919writeSingleByteDataEh)
    St7789::clear(unsigned short) const      0x080012a9   Thumb Code    96  st7789.o(.text._ZNK6St77895clearEt)
    St7789::reset() const                    0x08001309   Thumb Code    50  st7789.o(.text._ZNK6St77895resetEv)
    St7789::lcdInit() const                  0x0800133d   Thumb Code   534  st7789.o(.text._ZNK6St77897lcdInitEv)
    St7789::sendData(unsigned char*, unsigned int) const 0x08001555   Thumb Code    78  st7789.o(.text._ZNK6St77898sendDataEPhj)
    St7789::setCSLow() const                 0x080015a5   Thumb Code    10  st7789.o(.text._ZNK6St77898setCSLowEv)
    St7789::setDCLow() const                 0x080015b1   Thumb Code    12  st7789.o(.text._ZNK6St77898setDCLowEv)
    St7789::displayOn() const                0x080015bd   Thumb Code    20  st7789.o(.text._ZNK6St77899displayOnEv)
    St7789::setCSHigh() const                0x080015d1   Thumb Code    10  st7789.o(.text._ZNK6St77899setCSHighEv)
    St7789::setDCHigh() const                0x080015dd   Thumb Code    12  st7789.o(.text._ZNK6St77899setDCHighEv)
    XTPGPio::setLevel(confirm_state) const   0x080015e9   Thumb Code    20  xtp_gpio.o(.text._ZNK7XTPGPio8setLevelE13confirm_state)
    crm_ahb_div_set                          0x08001651   Thumb Code    26  at32f435_437_crm.o(.text.crm_ahb_div_set)
    crm_apb1_div_set                         0x0800166d   Thumb Code    26  at32f435_437_crm.o(.text.crm_apb1_div_set)
    crm_apb2_div_set                         0x08001689   Thumb Code    26  at32f435_437_crm.o(.text.crm_apb2_div_set)
    crm_auto_step_mode_enable                0x080016a5   Thumb Code    24  at32f435_437_crm.o(.text.crm_auto_step_mode_enable)
    crm_clock_source_enable                  0x080016bd   Thumb Code   122  at32f435_437_crm.o(.text.crm_clock_source_enable)
    crm_flag_get                             0x08001739   Thumb Code    26  at32f435_437_crm.o(.text.crm_flag_get)
    crm_hext_stable_wait                     0x08001755   Thumb Code    40  at32f435_437_crm.o(.text.crm_hext_stable_wait)
    crm_periph_clock_enable                  0x0800177d   Thumb Code    40  at32f435_437_crm.o(.text.crm_periph_clock_enable)
    crm_pll_config                           0x080017a5   Thumb Code    90  at32f435_437_crm.o(.text.crm_pll_config)
    crm_reset                                0x08001801   Thumb Code    80  at32f435_437_crm.o(.text.crm_reset)
    crm_sysclk_switch                        0x08001851   Thumb Code    58  at32f435_437_crm.o(.text.crm_sysclk_switch)
    crm_sysclk_switch_status_get             0x0800188d   Thumb Code    16  at32f435_437_crm.o(.text.crm_sysclk_switch_status_get)
    dma_channel_enable                       0x0800189d   Thumb Code    10  at32f435_437_dma.o(.text.dma_channel_enable)
    dma_default_para_init                    0x080018a9   Thumb Code    14  at32f435_437_dma.o(.text.dma_default_para_init)
    dma_init                                 0x080018b9   Thumb Code   138  at32f435_437_dma.o(.text.dma_init)
    dma_reset                                0x08001945   Thumb Code    94  at32f435_437_dma.o(.text.dma_reset)
    dmamux_enable                            0x080019a5   Thumb Code    14  at32f435_437_dma.o(.text.dmamux_enable)
    dmamux_init                              0x080019b5   Thumb Code    10  at32f435_437_dma.o(.text.dmamux_init)
    gpio_bits_reset                          0x080019c1   Thumb Code     4  at32f435_437_gpio.o(.text.gpio_bits_reset)
    gpio_bits_set                            0x080019c5   Thumb Code     4  at32f435_437_gpio.o(.text.gpio_bits_set)
    gpio_bits_write                          0x080019c9   Thumb Code    12  at32f435_437_gpio.o(.text.gpio_bits_write)
    gpio_default_para_init                   0x080019d5   Thumb Code    14  at32f435_437_gpio.o(.text.gpio_default_para_init)
    gpio_init                                0x080019e5   Thumb Code   132  at32f435_437_gpio.o(.text.gpio_init)
    gpio_pin_mux_config                      0x08001a69   Thumb Code    46  at32f435_437_gpio.o(.text.gpio_pin_mux_config)
    main                                     0x08001a99   Thumb Code   304  main.o(.text.main)
    nvic_priority_group_config               0x08001be5   Thumb Code     8  at32f435_437_misc.o(.text.nvic_priority_group_config)
    spi_default_para_init                    0x08001bed   Thumb Code    14  at32f435_437_spi.o(.text.spi_default_para_init)
    spi_enable                               0x08001bfd   Thumb Code    18  at32f435_437_spi.o(.text.spi_enable)
    spi_i2s_data_transmit                    0x08001c11   Thumb Code     4  at32f435_437_spi.o(.text.spi_i2s_data_transmit)
    spi_i2s_dma_transmitter_enable           0x08001c15   Thumb Code    18  at32f435_437_spi.o(.text.spi_i2s_dma_transmitter_enable)
    spi_i2s_flag_get                         0x08001c29   Thumb Code    10  at32f435_437_spi.o(.text.spi_i2s_flag_get)
    spi_init                                 0x08001c35   Thumb Code   292  at32f435_437_spi.o(.text.spi_init)
    system_core_clock_update                 0x08001d59   Thumb Code   116  system_at32f435_437.o(.text.system_core_clock_update)
    systick_clock_source_config              0x08001de5   Thumb Code    24  at32f435_437_misc.o(.text.systick_clock_source_config)
    wk_dma1_channel1_init                    0x08001dfd   Thumb Code    76  at32f435_437_wk_config.o(.text.wk_dma1_channel1_init)
    wk_dma_channel_config                    0x08001e49   Thumb Code     8  at32f435_437_wk_config.o(.text.wk_dma_channel_config)
    wk_gpio_config                           0x08001e51   Thumb Code   162  at32f435_437_wk_config.o(.text.wk_gpio_config)
    wk_nvic_config                           0x08001ef5   Thumb Code    10  at32f435_437_wk_config.o(.text.wk_nvic_config)
    wk_periph_clock_config                   0x08001f01   Thumb Code    74  at32f435_437_wk_config.o(.text.wk_periph_clock_config)
    wk_spi1_init                             0x08001f4d   Thumb Code   144  at32f435_437_wk_config.o(.text.wk_spi1_init)
    wk_system_clock_config                   0x08001fdd   Thumb Code   196  at32f435_437_wk_config.o(.text.wk_system_clock_config)
    _btod_d2e                                0x080020a1   Thumb Code    62  btod.o(CL$$btod_d2e)
    _d2e_denorm_low                          0x080020df   Thumb Code    70  btod.o(CL$$btod_d2e_denorm_low)
    _d2e_norm_op1                            0x08002125   Thumb Code    96  btod.o(CL$$btod_d2e_norm_op1)
    __btod_div_common                        0x08002185   Thumb Code   696  btod.o(CL$$btod_div_common)
    _e2e                                     0x080024bd   Thumb Code   220  btod.o(CL$$btod_e2e)
    _btod_ediv                               0x08002599   Thumb Code    42  btod.o(CL$$btod_ediv)
    _btod_emul                               0x080025c3   Thumb Code    42  btod.o(CL$$btod_emul)
    __btod_mult_common                       0x080025ed   Thumb Code   580  btod.o(CL$$btod_mult_common)
    __ARM_fpclassify                         0x08002831   Thumb Code    48  fpclassify.o(i.__ARM_fpclassify)
    _is_digit                                0x08002861   Thumb Code    14  __printf_wp.o(i._is_digit)
    _get_lc_numeric                          0x08002871   Thumb Code    44  lc_numeric_c.o(locale$$code)
    __aeabi_d2f                              0x0800289d   Thumb Code     0  d2f.o(x$fpl$d2f)
    _d2f                                     0x0800289d   Thumb Code    98  d2f.o(x$fpl$d2f)
    __aeabi_dadd                             0x08002901   Thumb Code     0  daddsub_clz.o(x$fpl$dadd)
    _dadd                                    0x08002901   Thumb Code   332  daddsub_clz.o(x$fpl$dadd)
    __fpl_dnaninf                            0x08002a51   Thumb Code   156  dnaninf.o(x$fpl$dnaninf)
    __fpl_dretinf                            0x08002aed   Thumb Code    12  dretinf.o(x$fpl$dretinf)
    __aeabi_dsub                             0x08002af9   Thumb Code     0  daddsub_clz.o(x$fpl$dsub)
    _dsub                                    0x08002af9   Thumb Code   472  daddsub_clz.o(x$fpl$dsub)
    __aeabi_f2d                              0x08002cd5   Thumb Code     0  f2d.o(x$fpl$f2d)
    _f2d                                     0x08002cd5   Thumb Code    86  f2d.o(x$fpl$f2d)
    __fpl_fnaninf                            0x08002d2b   Thumb Code   140  fnaninf.o(x$fpl$fnaninf)
    _fp_init                                 0x08002db7   Thumb Code    26  fpinit.o(x$fpl$fpinit)
    __fplib_config_fpu_vfp                   0x08002dcf   Thumb Code     0  fpinit.o(x$fpl$fpinit)
    __fplib_config_pureend_doubles           0x08002dcf   Thumb Code     0  fpinit.o(x$fpl$fpinit)
    __fpl_fretinf                            0x08002dd1   Thumb Code    10  fretinf.o(x$fpl$fretinf)
    _printf_fp_dec                           0x08002ddb   Thumb Code     4  printf1.o(x$fpl$printf1)
    __I$use$fp                               0x08002dde   Number         0  usenofp.o(x$fpl$usenofp)
    Region$$Table$$Base                      0x08003bd0   Number         0  anon$$obj.o(Region$$Table)
    Region$$Table$$Limit                     0x08003bf0   Number         0  anon$$obj.o(Region$$Table)
    SHT$$INIT_ARRAY$$Base                    0x08003c0c   Number         0  main.o(.init_array)
    SHT$$INIT_ARRAY$$Limit                   0x08003c10   Number         0  init_aeabi.o(.init_array)
    Font_11x18                               0x20000000   Data           8  fonts.o(.data.Font_11x18)
    num                                      0x20000008   Data           4  main.o(.data.num)
    system_core_clock                        0x2000000c   Data           4  system_at32f435_437.o(.data.system_core_clock)
    __libspace_start                         0x20000010   Data          96  libspace.o(.bss)
    __temporary_stack_top$libspace           0x20000070   Data           0  libspace.o(.bss)
    fac_us                                   0x20000070   Data           2  xtp_delay.o(.bss.fac_us)
    fnum                                     0x20000074   Data           4  main.o(.bss.fnum)
    st7789                                   0x20000078   Data          24  main.o(.bss.st7789)



==============================================================================

Memory Map of the image

  Image Entry point : 0x0800020d

  Load Region LR_IROM1 (Base: 0x08000000, Size: 0x00003c20, Max: 0x00100000, ABSOLUTE)

    Execution Region ER_IROM1 (Exec base: 0x08000000, Load base: 0x08000000, Size: 0x00003c10, Max: 0x00100000, ABSOLUTE)

    Exec Addr    Load Addr    Size         Type   Attr      Idx    E Section Name        Object

    0x08000000   0x08000000   0x0000020c   Data   RO          471    RESET               startup_at32f435_437.o
    0x0800020c   0x0800020c   0x00000008   Code   RO          637  * !!!main             c_w.l(__main.o)
    0x08000214   0x08000214   0x00000034   Code   RO          893    !!!scatter          c_w.l(__scatter.o)
    0x08000248   0x08000248   0x0000001a   Code   RO          895    !!handler_copy      c_w.l(__scatter_copy.o)
    0x08000262   0x08000262   0x00000002   PAD
    0x08000264   0x08000264   0x0000001c   Code   RO          897    !!handler_zi        c_w.l(__scatter_zi.o)
    0x08000280   0x08000280   0x00000000   Code   RO          634    .ARM.Collect$$_printf_percent$$00000000  c_w.l(_printf_percent.o)
    0x08000280   0x08000280   0x00000006   Code   RO          633    .ARM.Collect$$_printf_percent$$00000003  c_w.l(_printf_f.o)
    0x08000286   0x08000286   0x00000006   Code   RO          632    .ARM.Collect$$_printf_percent$$00000009  c_w.l(_printf_d.o)
    0x0800028c   0x0800028c   0x00000004   Code   RO          668    .ARM.Collect$$_printf_percent$$00000017  c_w.l(_printf_percent_end.o)
    0x08000290   0x08000290   0x00000002   Code   RO          811    .ARM.Collect$$libinit$$00000000  c_w.l(libinit.o)
    0x08000292   0x08000292   0x00000004   Code   RO          669    .ARM.Collect$$libinit$$00000001  c_w.l(libinit2.o)
    0x08000296   0x08000296   0x00000000   Code   RO          672    .ARM.Collect$$libinit$$00000004  c_w.l(libinit2.o)
    0x08000296   0x08000296   0x00000000   Code   RO          675    .ARM.Collect$$libinit$$0000000A  c_w.l(libinit2.o)
    0x08000296   0x08000296   0x00000000   Code   RO          677    .ARM.Collect$$libinit$$0000000C  c_w.l(libinit2.o)
    0x08000296   0x08000296   0x00000000   Code   RO          679    .ARM.Collect$$libinit$$0000000E  c_w.l(libinit2.o)
    0x08000296   0x08000296   0x00000006   Code   RO          680    .ARM.Collect$$libinit$$0000000F  c_w.l(libinit2.o)
    0x0800029c   0x0800029c   0x00000000   Code   RO          682    .ARM.Collect$$libinit$$00000011  c_w.l(libinit2.o)
    0x0800029c   0x0800029c   0x00000000   Code   RO          684    .ARM.Collect$$libinit$$00000013  c_w.l(libinit2.o)
    0x0800029c   0x0800029c   0x00000000   Code   RO          686    .ARM.Collect$$libinit$$00000015  c_w.l(libinit2.o)
    0x0800029c   0x0800029c   0x0000000a   Code   RO          687    .ARM.Collect$$libinit$$00000016  c_w.l(libinit2.o)
    0x080002a6   0x080002a6   0x00000000   Code   RO          688    .ARM.Collect$$libinit$$00000017  c_w.l(libinit2.o)
    0x080002a6   0x080002a6   0x00000000   Code   RO          690    .ARM.Collect$$libinit$$00000019  c_w.l(libinit2.o)
    0x080002a6   0x080002a6   0x00000000   Code   RO          692    .ARM.Collect$$libinit$$0000001B  c_w.l(libinit2.o)
    0x080002a6   0x080002a6   0x00000000   Code   RO          694    .ARM.Collect$$libinit$$0000001D  c_w.l(libinit2.o)
    0x080002a6   0x080002a6   0x00000000   Code   RO          696    .ARM.Collect$$libinit$$0000001F  c_w.l(libinit2.o)
    0x080002a6   0x080002a6   0x00000000   Code   RO          698    .ARM.Collect$$libinit$$00000021  c_w.l(libinit2.o)
    0x080002a6   0x080002a6   0x00000000   Code   RO          700    .ARM.Collect$$libinit$$00000023  c_w.l(libinit2.o)
    0x080002a6   0x080002a6   0x00000000   Code   RO          702    .ARM.Collect$$libinit$$00000025  c_w.l(libinit2.o)
    0x080002a6   0x080002a6   0x00000000   Code   RO          706    .ARM.Collect$$libinit$$0000002C  c_w.l(libinit2.o)
    0x080002a6   0x080002a6   0x00000000   Code   RO          708    .ARM.Collect$$libinit$$0000002E  c_w.l(libinit2.o)
    0x080002a6   0x080002a6   0x00000000   Code   RO          710    .ARM.Collect$$libinit$$00000030  c_w.l(libinit2.o)
    0x080002a6   0x080002a6   0x00000004   Code   RO          711    .ARM.Collect$$libinit$$00000031  c_w.l(libinit2.o)
    0x080002aa   0x080002aa   0x00000000   Code   RO          712    .ARM.Collect$$libinit$$00000032  c_w.l(libinit2.o)
    0x080002aa   0x080002aa   0x00000002   Code   RO          713    .ARM.Collect$$libinit$$00000033  c_w.l(libinit2.o)
    0x080002ac   0x080002ac   0x00000002   Code   RO          852    .ARM.Collect$$libshutdown$$00000000  c_w.l(libshutdown.o)
    0x080002ae   0x080002ae   0x00000000   Code   RO          860    .ARM.Collect$$libshutdown$$00000002  c_w.l(libshutdown2.o)
    0x080002ae   0x080002ae   0x00000000   Code   RO          862    .ARM.Collect$$libshutdown$$00000004  c_w.l(libshutdown2.o)
    0x080002ae   0x080002ae   0x00000000   Code   RO          865    .ARM.Collect$$libshutdown$$00000007  c_w.l(libshutdown2.o)
    0x080002ae   0x080002ae   0x00000000   Code   RO          868    .ARM.Collect$$libshutdown$$0000000A  c_w.l(libshutdown2.o)
    0x080002ae   0x080002ae   0x00000000   Code   RO          870    .ARM.Collect$$libshutdown$$0000000C  c_w.l(libshutdown2.o)
    0x080002ae   0x080002ae   0x00000000   Code   RO          873    .ARM.Collect$$libshutdown$$0000000F  c_w.l(libshutdown2.o)
    0x080002ae   0x080002ae   0x00000002   Code   RO          874    .ARM.Collect$$libshutdown$$00000010  c_w.l(libshutdown2.o)
    0x080002b0   0x080002b0   0x00000000   Code   RO          657    .ARM.Collect$$rtentry$$00000000  c_w.l(__rtentry.o)
    0x080002b0   0x080002b0   0x00000000   Code   RO          728    .ARM.Collect$$rtentry$$00000002  c_w.l(__rtentry2.o)
    0x080002b0   0x080002b0   0x00000006   Code   RO          740    .ARM.Collect$$rtentry$$00000004  c_w.l(__rtentry4.o)
    0x080002b6   0x080002b6   0x00000000   Code   RO          730    .ARM.Collect$$rtentry$$00000009  c_w.l(__rtentry2.o)
    0x080002b6   0x080002b6   0x00000004   Code   RO          731    .ARM.Collect$$rtentry$$0000000A  c_w.l(__rtentry2.o)
    0x080002ba   0x080002ba   0x00000000   Code   RO          733    .ARM.Collect$$rtentry$$0000000C  c_w.l(__rtentry2.o)
    0x080002ba   0x080002ba   0x00000008   Code   RO          734    .ARM.Collect$$rtentry$$0000000D  c_w.l(__rtentry2.o)
    0x080002c2   0x080002c2   0x00000002   Code   RO          816    .ARM.Collect$$rtexit$$00000000  c_w.l(rtexit.o)
    0x080002c4   0x080002c4   0x00000000   Code   RO          830    .ARM.Collect$$rtexit$$00000002  c_w.l(rtexit2.o)
    0x080002c4   0x080002c4   0x00000004   Code   RO          831    .ARM.Collect$$rtexit$$00000003  c_w.l(rtexit2.o)
    0x080002c8   0x080002c8   0x00000006   Code   RO          832    .ARM.Collect$$rtexit$$00000004  c_w.l(rtexit2.o)
    0x080002ce   0x080002ce   0x00000002   PAD
    0x080002d0   0x080002d0   0x00000040   Code   RO          472    .text               startup_at32f435_437.o
    0x08000310   0x08000310   0x00000028   Code   RO          606    .text               c_w.l(noretval__2sprintf.o)
    0x08000338   0x08000338   0x00000078   Code   RO          610    .text               c_w.l(_printf_dec.o)
    0x080003b0   0x080003b0   0x0000010e   Code   RO          620    .text               c_w.l(__printf_wp.o)
    0x080004be   0x080004be   0x00000006   Code   RO          635    .text               c_w.l(heapauxi.o)
    0x080004c4   0x080004c4   0x00000024   Code   RO          642    .text               c_w.l(init_aeabi.o)
    0x080004e8   0x080004e8   0x000000b2   Code   RO          658    .text               c_w.l(_printf_intcommon.o)
    0x0800059a   0x0800059a   0x0000041c   Code   RO          660    .text               c_w.l(_printf_fp_dec.o)
    0x080009b6   0x080009b6   0x00000002   PAD
    0x080009b8   0x080009b8   0x00000030   Code   RO          664    .text               c_w.l(_printf_char_common.o)
    0x080009e8   0x080009e8   0x0000000a   Code   RO          666    .text               c_w.l(_sputc.o)
    0x080009f2   0x080009f2   0x00000002   PAD
    0x080009f4   0x080009f4   0x00000008   Code   RO          745    .text               c_w.l(rt_locale_intlibspace.o)
    0x080009fc   0x080009fc   0x0000008a   Code   RO          747    .text               c_w.l(lludiv10.o)
    0x08000a86   0x08000a86   0x00000002   PAD
    0x08000a88   0x08000a88   0x00000080   Code   RO          749    .text               c_w.l(_printf_fp_infnan.o)
    0x08000b08   0x08000b08   0x000000e4   Code   RO          753    .text               c_w.l(bigflt0.o)
    0x08000bec   0x08000bec   0x00000008   Code   RO          791    .text               c_w.l(libspace.o)
    0x08000bf4   0x08000bf4   0x0000004a   Code   RO          794    .text               c_w.l(sys_stackheap_outer.o)
    0x08000c3e   0x08000c3e   0x00000012   Code   RO          798    .text               c_w.l(exit.o)
    0x08000c50   0x08000c50   0x0000007c   Code   RO          800    .text               c_w.l(strcmpv7em.o)
    0x08000ccc   0x08000ccc   0x00000002   Code   RO          826    .text               c_w.l(use_no_semi.o)
    0x08000cce   0x08000cce   0x00000000   Code   RO          828    .text               c_w.l(indicate_semi.o)
    0x08000cce   0x08000cce   0x00000002   PAD
    0x08000cd0   0x08000cd0   0x0000000c   Code   RO          842    .text               c_w.l(sys_exit.o)
    0x08000cdc   0x08000cdc   0x00000002   Code   RO            8    .text.BusFault_Handler  at32f435_437_int.o
    0x08000cde   0x08000cde   0x00000002   PAD
    0x08000ce0   0x08000ce0   0x00000002   Code   RO           14    .text.DebugMon_Handler  at32f435_437_int.o
    0x08000ce2   0x08000ce2   0x00000002   PAD
    0x08000ce4   0x08000ce4   0x00000002   Code   RO            4    .text.HardFault_Handler  at32f435_437_int.o
    0x08000ce6   0x08000ce6   0x00000002   PAD
    0x08000ce8   0x08000ce8   0x00000002   Code   RO            6    .text.MemManage_Handler  at32f435_437_int.o
    0x08000cea   0x08000cea   0x00000002   PAD
    0x08000cec   0x08000cec   0x00000002   Code   RO            2    .text.NMI_Handler   at32f435_437_int.o
    0x08000cee   0x08000cee   0x00000002   PAD
    0x08000cf0   0x08000cf0   0x00000002   Code   RO           16    .text.PendSV_Handler  at32f435_437_int.o
    0x08000cf2   0x08000cf2   0x00000002   PAD
    0x08000cf4   0x08000cf4   0x00000002   Code   RO           12    .text.SVC_Handler   at32f435_437_int.o
    0x08000cf6   0x08000cf6   0x00000002   PAD
    0x08000cf8   0x08000cf8   0x00000068   Code   RO          479    .text.SystemInit    system_at32f435_437.o
    0x08000d60   0x08000d60   0x00000002   Code   RO           10    .text.UsageFault_Handler  at32f435_437_int.o
    0x08000d62   0x08000d62   0x00000002   PAD
    0x08000d64   0x08000d64   0x00000008   Code   RO           50    .text._GLOBAL__sub_I_main.c  main.o
    0x08000d6c   0x08000d6c   0x0000002c   Code   RO          558    .text._Z10delay_initv  xtp_delay.o
    0x08000d98   0x08000d98   0x0000001c   Code   RO          562    .text._Z8delay_mst  xtp_delay.o
    0x08000db4   0x08000db4   0x0000003c   Code   RO          560    .text._Z8delay_ust  xtp_delay.o
    0x08000df0   0x08000df0   0x00000024   Code   RO          581    .text._ZN6Buzzer2onEii  buzzer.o
    0x08000e14   0x08000e14   0x00000008   Code   RO          573    .text._ZN6BuzzerC2EP9gpio_typet  buzzer.o
    0x08000e1c   0x08000e1c   0x00000064   Code   RO          536    .text._ZN6St778910writeFloatEttfh7FontDeftt  st7789.o
    0x08000e80   0x08000e80   0x0000007a   Code   RO          532    .text._ZN6St778911writeStringEttPKc7FontDeftt  st7789.o
    0x08000efa   0x08000efa   0x00000002   PAD
    0x08000efc   0x08000efc   0x0000005c   Code   RO          526    .text._ZN6St778913drawRectangleEttttt  st7789.o
    0x08000f58   0x08000f58   0x000000b2   Code   RO          524    .text._ZN6St77898drawLineEttttt  st7789.o
    0x0800100a   0x0800100a   0x00000002   PAD
    0x0800100c   0x0800100c   0x00000054   Code   RO          534    .text._ZN6St77898writeNumEttjh7FontDeftt  st7789.o
    0x08001060   0x08001060   0x0000002a   Code   RO          522    .text._ZN6St77899drawPixelEttt  st7789.o
    0x0800108a   0x0800108a   0x00000002   PAD
    0x0800108c   0x0800108c   0x000000c2   Code   RO          530    .text._ZN6St77899writeCharEttc7FontDeftt  st7789.o
    0x0800114e   0x0800114e   0x00000002   PAD
    0x08001150   0x08001150   0x0000002e   Code   RO          492    .text._ZN6St7789C2EP9gpio_typetS1_tS1_t  st7789.o
    0x0800117e   0x0800117e   0x00000002   PAD
    0x08001180   0x08001180   0x00000006   Code   RO          591    .text._ZN7XTPGPioC2EP9gpio_typet  xtp_gpio.o
    0x08001186   0x08001186   0x00000002   PAD
    0x08001188   0x08001188   0x00000046   Code   RO          506    .text._ZNK6St778911sendCommandEh  st7789.o
    0x080011ce   0x080011ce   0x00000002   PAD
    0x080011d0   0x080011d0   0x00000026   Code   RO          494    .text._ZNK6St778912setBacklightE8BlkState  st7789.o
    0x080011f6   0x080011f6   0x00000002   PAD
    0x080011f8   0x080011f8   0x00000068   Code   RO          514    .text._ZNK6St778913setLcdAddressEtttt  st7789.o
    0x08001260   0x08001260   0x00000046   Code   RO          510    .text._ZNK6St778919writeSingleByteDataEh  st7789.o
    0x080012a6   0x080012a6   0x00000002   PAD
    0x080012a8   0x080012a8   0x00000060   Code   RO          518    .text._ZNK6St77895clearEt  st7789.o
    0x08001308   0x08001308   0x00000032   Code   RO          496    .text._ZNK6St77895resetEv  st7789.o
    0x0800133a   0x0800133a   0x00000002   PAD
    0x0800133c   0x0800133c   0x00000216   Code   RO          516    .text._ZNK6St77897lcdInitEv  st7789.o
    0x08001552   0x08001552   0x00000002   PAD
    0x08001554   0x08001554   0x0000004e   Code   RO          508    .text._ZNK6St77898sendDataEPhj  st7789.o
    0x080015a2   0x080015a2   0x00000002   PAD
    0x080015a4   0x080015a4   0x0000000a   Code   RO          500    .text._ZNK6St77898setCSLowEv  st7789.o
    0x080015ae   0x080015ae   0x00000002   PAD
    0x080015b0   0x080015b0   0x0000000c   Code   RO          504    .text._ZNK6St77898setDCLowEv  st7789.o
    0x080015bc   0x080015bc   0x00000014   Code   RO          520    .text._ZNK6St77899displayOnEv  st7789.o
    0x080015d0   0x080015d0   0x0000000a   Code   RO          498    .text._ZNK6St77899setCSHighEv  st7789.o
    0x080015da   0x080015da   0x00000002   PAD
    0x080015dc   0x080015dc   0x0000000c   Code   RO          502    .text._ZNK6St77899setDCHighEv  st7789.o
    0x080015e8   0x080015e8   0x00000014   Code   RO          593    .text._ZNK7XTPGPio8setLevelE13confirm_state  xtp_gpio.o
    0x080015fc   0x080015fc   0x00000020   Code   RO          308    .text.__NVIC_SetPriorityGrouping  at32f435_437_misc.o
    0x0800161c   0x0800161c   0x00000032   Code   RO           46    .text.__cxx_global_var_init  main.o
    0x0800164e   0x0800164e   0x00000002   PAD
    0x08001650   0x08001650   0x0000001a   Code   RO           94    .text.crm_ahb_div_set  at32f435_437_crm.o
    0x0800166a   0x0800166a   0x00000002   PAD
    0x0800166c   0x0800166c   0x0000001a   Code   RO           96    .text.crm_apb1_div_set  at32f435_437_crm.o
    0x08001686   0x08001686   0x00000002   PAD
    0x08001688   0x08001688   0x0000001a   Code   RO           98    .text.crm_apb2_div_set  at32f435_437_crm.o
    0x080016a2   0x080016a2   0x00000002   PAD
    0x080016a4   0x080016a4   0x00000018   Code   RO          106    .text.crm_auto_step_mode_enable  at32f435_437_crm.o
    0x080016bc   0x080016bc   0x0000007a   Code   RO           86    .text.crm_clock_source_enable  at32f435_437_crm.o
    0x08001736   0x08001736   0x00000002   PAD
    0x08001738   0x08001738   0x0000001a   Code   RO           70    .text.crm_flag_get  at32f435_437_crm.o
    0x08001752   0x08001752   0x00000002   PAD
    0x08001754   0x08001754   0x00000028   Code   RO           74    .text.crm_hext_stable_wait  at32f435_437_crm.o
    0x0800177c   0x0800177c   0x00000028   Code   RO           80    .text.crm_periph_clock_enable  at32f435_437_crm.o
    0x080017a4   0x080017a4   0x0000005a   Code   RO          116    .text.crm_pll_config  at32f435_437_crm.o
    0x080017fe   0x080017fe   0x00000002   PAD
    0x08001800   0x08001800   0x00000050   Code   RO           64    .text.crm_reset     at32f435_437_crm.o
    0x08001850   0x08001850   0x0000003a   Code   RO          118    .text.crm_sysclk_switch  at32f435_437_crm.o
    0x0800188a   0x0800188a   0x00000002   PAD
    0x0800188c   0x0800188c   0x00000010   Code   RO          120    .text.crm_sysclk_switch_status_get  at32f435_437_crm.o
    0x0800189c   0x0800189c   0x0000000a   Code   RO          420    .text.dma_channel_enable  at32f435_437_dma.o
    0x080018a6   0x080018a6   0x00000002   PAD
    0x080018a8   0x080018a8   0x0000000e   Code   RO          428    .text.dma_default_para_init  at32f435_437_dma.o
    0x080018b6   0x080018b6   0x00000002   PAD
    0x080018b8   0x080018b8   0x0000008a   Code   RO          430    .text.dma_init      at32f435_437_dma.o
    0x08001942   0x08001942   0x00000002   PAD
    0x08001944   0x08001944   0x0000005e   Code   RO          412    .text.dma_reset     at32f435_437_dma.o
    0x080019a2   0x080019a2   0x00000002   PAD
    0x080019a4   0x080019a4   0x0000000e   Code   RO          434    .text.dmamux_enable  at32f435_437_dma.o
    0x080019b2   0x080019b2   0x00000002   PAD
    0x080019b4   0x080019b4   0x0000000a   Code   RO          436    .text.dmamux_init   at32f435_437_dma.o
    0x080019be   0x080019be   0x00000002   PAD
    0x080019c0   0x080019c0   0x00000004   Code   RO          268    .text.gpio_bits_reset  at32f435_437_gpio.o
    0x080019c4   0x080019c4   0x00000004   Code   RO          266    .text.gpio_bits_set  at32f435_437_gpio.o
    0x080019c8   0x080019c8   0x0000000c   Code   RO          270    .text.gpio_bits_write  at32f435_437_gpio.o
    0x080019d4   0x080019d4   0x0000000e   Code   RO          256    .text.gpio_default_para_init  at32f435_437_gpio.o
    0x080019e2   0x080019e2   0x00000002   PAD
    0x080019e4   0x080019e4   0x00000084   Code   RO          254    .text.gpio_init     at32f435_437_gpio.o
    0x08001a68   0x08001a68   0x0000002e   Code   RO          278    .text.gpio_pin_mux_config  at32f435_437_gpio.o
    0x08001a96   0x08001a96   0x00000002   PAD
    0x08001a98   0x08001a98   0x0000014c   Code   RO           48    .text.main          main.o
    0x08001be4   0x08001be4   0x00000008   Code   RO          306    .text.nvic_priority_group_config  at32f435_437_misc.o
    0x08001bec   0x08001bec   0x0000000e   Code   RO          356    .text.spi_default_para_init  at32f435_437_spi.o
    0x08001bfa   0x08001bfa   0x00000002   PAD
    0x08001bfc   0x08001bfc   0x00000012   Code   RO          380    .text.spi_enable    at32f435_437_spi.o
    0x08001c0e   0x08001c0e   0x00000002   PAD
    0x08001c10   0x08001c10   0x00000004   Code   RO          394    .text.spi_i2s_data_transmit  at32f435_437_spi.o
    0x08001c14   0x08001c14   0x00000012   Code   RO          390    .text.spi_i2s_dma_transmitter_enable  at32f435_437_spi.o
    0x08001c26   0x08001c26   0x00000002   PAD
    0x08001c28   0x08001c28   0x0000000a   Code   RO          398    .text.spi_i2s_flag_get  at32f435_437_spi.o
    0x08001c32   0x08001c32   0x00000002   PAD
    0x08001c34   0x08001c34   0x00000124   Code   RO          358    .text.spi_init      at32f435_437_spi.o
    0x08001d58   0x08001d58   0x0000008c   Code   RO          481    .text.system_core_clock_update  system_at32f435_437.o
    0x08001de4   0x08001de4   0x00000018   Code   RO          314    .text.systick_clock_source_config  at32f435_437_misc.o
    0x08001dfc   0x08001dfc   0x0000004c   Code   RO           35    .text.wk_dma1_channel1_init  at32f435_437_wk_config.o
    0x08001e48   0x08001e48   0x00000008   Code   RO           37    .text.wk_dma_channel_config  at32f435_437_wk_config.o
    0x08001e50   0x08001e50   0x000000a2   Code   RO           31    .text.wk_gpio_config  at32f435_437_wk_config.o
    0x08001ef2   0x08001ef2   0x00000002   PAD
    0x08001ef4   0x08001ef4   0x0000000a   Code   RO           29    .text.wk_nvic_config  at32f435_437_wk_config.o
    0x08001efe   0x08001efe   0x00000002   PAD
    0x08001f00   0x08001f00   0x0000004a   Code   RO           27    .text.wk_periph_clock_config  at32f435_437_wk_config.o
    0x08001f4a   0x08001f4a   0x00000002   PAD
    0x08001f4c   0x08001f4c   0x00000090   Code   RO           33    .text.wk_spi1_init  at32f435_437_wk_config.o
    0x08001fdc   0x08001fdc   0x000000c4   Code   RO           25    .text.wk_system_clock_config  at32f435_437_wk_config.o
    0x080020a0   0x080020a0   0x0000003e   Code   RO          756    CL$$btod_d2e        c_w.l(btod.o)
    0x080020de   0x080020de   0x00000046   Code   RO          758    CL$$btod_d2e_denorm_low  c_w.l(btod.o)
    0x08002124   0x08002124   0x00000060   Code   RO          757    CL$$btod_d2e_norm_op1  c_w.l(btod.o)
    0x08002184   0x08002184   0x00000338   Code   RO          766    CL$$btod_div_common  c_w.l(btod.o)
    0x080024bc   0x080024bc   0x000000dc   Code   RO          763    CL$$btod_e2e        c_w.l(btod.o)
    0x08002598   0x08002598   0x0000002a   Code   RO          760    CL$$btod_ediv       c_w.l(btod.o)
    0x080025c2   0x080025c2   0x0000002a   Code   RO          759    CL$$btod_emul       c_w.l(btod.o)
    0x080025ec   0x080025ec   0x00000244   Code   RO          765    CL$$btod_mult_common  c_w.l(btod.o)
    0x08002830   0x08002830   0x00000030   Code   RO          789    i.__ARM_fpclassify  m_wm.l(fpclassify.o)
    0x08002860   0x08002860   0x0000000e   Code   RO          622    i._is_digit         c_w.l(__printf_wp.o)
    0x0800286e   0x0800286e   0x00000002   PAD
    0x08002870   0x08002870   0x0000002c   Code   RO          781    locale$$code        c_w.l(lc_numeric_c.o)
    0x0800289c   0x0800289c   0x00000062   Code   RO          645    x$fpl$d2f           fz_wm.l(d2f.o)
    0x080028fe   0x080028fe   0x00000002   PAD
    0x08002900   0x08002900   0x00000150   Code   RO          647    x$fpl$dadd          fz_wm.l(daddsub_clz.o)
    0x08002a50   0x08002a50   0x0000009c   Code   RO          718    x$fpl$dnaninf       fz_wm.l(dnaninf.o)
    0x08002aec   0x08002aec   0x0000000c   Code   RO          720    x$fpl$dretinf       fz_wm.l(dretinf.o)
    0x08002af8   0x08002af8   0x000001dc   Code   RO          649    x$fpl$dsub          fz_wm.l(daddsub_clz.o)
    0x08002cd4   0x08002cd4   0x00000056   Code   RO          653    x$fpl$f2d           fz_wm.l(f2d.o)
    0x08002d2a   0x08002d2a   0x0000008c   Code   RO          722    x$fpl$fnaninf       fz_wm.l(fnaninf.o)
    0x08002db6   0x08002db6   0x0000001a   Code   RO          785    x$fpl$fpinit        fz_wm.l(fpinit.o)
    0x08002dd0   0x08002dd0   0x0000000a   Code   RO          724    x$fpl$fretinf       fz_wm.l(fretinf.o)
    0x08002dda   0x08002dda   0x00000004   Code   RO          655    x$fpl$printf1       fz_wm.l(printf1.o)
    0x08002dde   0x08002dde   0x00000000   Code   RO          726    x$fpl$usenofp       fz_wm.l(usenofp.o)
    0x08002dde   0x08002dde   0x00000002   PAD
    0x08002de0   0x08002de0   0x00000094   Data   RO          754    .constdata          c_w.l(bigflt0.o)
    0x08002e74   0x08002e74   0x00000d5c   Data   RO          551    .rodata.Font11x18   fonts.o
    0x08003bd0   0x08003bd0   0x00000020   Data   RO          892    Region$$Table       anon$$obj.o
    0x08003bf0   0x08003bf0   0x0000001c   Data   RO          780    locale$$data        c_w.l(lc_numeric_c.o)
    0x08003c0c   0x08003c0c   0x00000004   Data   RO           55    .init_array         main.o
    0x08003c10   0x08003c0c   0x00000000   Data   RO          640    .init_array         c_w.l(init_aeabi.o)


    Execution Region RW_IRAM1 (Exec base: 0x20000000, Load base: 0x08003c10, Size: 0x00000690, Max: 0x00060000, ABSOLUTE)

    Exec Addr    Load Addr    Size         Type   Attr      Idx    E Section Name        Object

    0x20000000   0x08003c10   0x00000008   Data   RW          549    .data.Font_11x18    fonts.o
    0x20000008   0x08003c18   0x00000004   Data   RW           52    .data.num           main.o
    0x2000000c   0x08003c1c   0x00000004   Data   RW          483    .data.system_core_clock  system_at32f435_437.o
    0x20000010        -       0x00000060   Zero   RW          792    .bss                c_w.l(libspace.o)
    0x20000070        -       0x00000002   Zero   RW          564    .bss.fac_us         xtp_delay.o
    0x20000072   0x08003c20   0x00000002   PAD
    0x20000074        -       0x00000004   Zero   RW           53    .bss.fnum           main.o
    0x20000078        -       0x00000018   Zero   RW           54    .bss.st7789         main.o
    0x20000090        -       0x00000200   Zero   RW          470    HEAP                startup_at32f435_437.o
    0x20000290        -       0x00000400   Zero   RW          469    STACK               startup_at32f435_437.o


==============================================================================

Image component sizes


      Code (inc. data)   RO Data    RW Data    ZI Data      Debug   Object Name

       574          6          0          0          0      29578   at32f435_437_crm.o
       280          0          0          0          0      15731   at32f435_437_dma.o
       212          0          0          0          0      12170   at32f435_437_gpio.o
        16          0          0          0          0        960   at32f435_437_int.o
        64          0          0          0          0       7815   at32f435_437_misc.o
       356          4          0          0          0      13377   at32f435_437_spi.o
       670          0          0          0          0      26406   at32f435_437_wk_config.o
        44          0          0          0          0       3312   buzzer.o
         0          0       3420          8          0        921   fonts.o
       390         28          4          4         28       7498   main.o
      1962         12          0          0          0      20321   st7789.o
        64         26        524          0       1536        872   startup_at32f435_437.o
       244         24          0          4          0      11973   system_at32f435_437.o
       132          0          0          0          2       2559   xtp_delay.o
        26          0          0          0          0       2407   xtp_gpio.o

    ----------------------------------------------------------------------
      5124        100       3980         16       1568     155900   Object Totals
         0          0         32          0          0          0   (incl. Generated)
        90          0          0          0          2          0   (incl. Padding)

    ----------------------------------------------------------------------

      Code (inc. data)   RO Data    RW Data    ZI Data      Debug   Library Member Name

         8          0          0          0          0         68   __main.o
       284          0          0          0          0        156   __printf_wp.o
         0          0          0          0          0          0   __rtentry.o
        12          0          0          0          0          0   __rtentry2.o
         6          0          0          0          0          0   __rtentry4.o
        52          8          0          0          0          0   __scatter.o
        26          0          0          0          0          0   __scatter_copy.o
        28          0          0          0          0          0   __scatter_zi.o
        48          6          0          0          0         96   _printf_char_common.o
         6          0          0          0          0          0   _printf_d.o
       120         16          0          0          0         92   _printf_dec.o
         6          0          0          0          0          0   _printf_f.o
      1052          0          0          0          0        148   _printf_fp_dec.o
       128         16          0          0          0         84   _printf_fp_infnan.o
       178          0          0          0          0         88   _printf_intcommon.o
         0          0          0          0          0          0   _printf_percent.o
         4          0          0          0          0          0   _printf_percent_end.o
        10          0          0          0          0         68   _sputc.o
       228          4        148          0          0         96   bigflt0.o
      1936        128          0          0          0        668   btod.o
        18          0          0          0          0         80   exit.o
         6          0          0          0          0        152   heapauxi.o
         0          0          0          0          0          0   indicate_semi.o
        36          8          0          0          0         80   init_aeabi.o
        44         10         28          0          0         76   lc_numeric_c.o
         2          0          0          0          0          0   libinit.o
        26          0          0          0          0          0   libinit2.o
         2          0          0          0          0          0   libshutdown.o
         2          0          0          0          0          0   libshutdown2.o
         8          4          0          0         96         68   libspace.o
       138          0          0          0          0         80   lludiv10.o
        40          6          0          0          0         84   noretval__2sprintf.o
         8          4          0          0          0         68   rt_locale_intlibspace.o
         2          0          0          0          0          0   rtexit.o
        10          0          0          0          0          0   rtexit2.o
       124          0          0          0          0         88   strcmpv7em.o
        12          4          0          0          0         68   sys_exit.o
        74          0          0          0          0         80   sys_stackheap_outer.o
         2          0          0          0          0         68   use_no_semi.o
        98          4          0          0          0        140   d2f.o
       812         16          0          0          0        392   daddsub_clz.o
       156          4          0          0          0        140   dnaninf.o
        12          0          0          0          0        116   dretinf.o
        86          4          0          0          0        132   f2d.o
       140          4          0          0          0        132   fnaninf.o
        26          0          0          0          0        116   fpinit.o
        10          0          0          0          0        116   fretinf.o
         4          0          0          0          0        116   printf1.o
         0          0          0          0          0          0   usenofp.o
        48          0          0          0          0        124   fpclassify.o

    ----------------------------------------------------------------------
      6096        246        176          0         96       4080   Library Totals
        18          0          0          0          0          0   (incl. Padding)

    ----------------------------------------------------------------------

      Code (inc. data)   RO Data    RW Data    ZI Data      Debug   Library Name

      4686        214        176          0         96       2556   c_w.l
      1344         32          0          0          0       1400   fz_wm.l
        48          0          0          0          0        124   m_wm.l

    ----------------------------------------------------------------------
      6096        246        176          0         96       4080   Library Totals

    ----------------------------------------------------------------------

==============================================================================


      Code (inc. data)   RO Data    RW Data    ZI Data      Debug   

     11220        346       4156         16       1664     157488   Grand Totals
     11220        346       4156         16       1664     157488   ELF Image Totals
     11220        346       4156         16          0          0   ROM Totals

==============================================================================

    Total RO  Size (Code + RO Data)                15376 (  15.02kB)
    Total RW  Size (RW Data + ZI Data)              1680 (   1.64kB)
    Total ROM Size (Code + RO Data + RW Data)      15392 (  15.03kB)

==============================================================================

