Component: ARM Compiler 6.16 Tool: armlink [5dfeaa00]

==============================================================================

Section Cross References

    at32f435_437_int.o(.ARM.exidx.text.NMI_Handler) refers to at32f435_437_int.o(.text.NMI_Handler) for [Anonymous Symbol]
    at32f435_437_int.o(.ARM.exidx.text.HardFault_Handler) refers to at32f435_437_int.o(.text.HardFault_Handler) for [Anonymous Symbol]
    at32f435_437_int.o(.ARM.exidx.text.MemManage_Handler) refers to at32f435_437_int.o(.text.MemManage_Handler) for [Anonymous Symbol]
    at32f435_437_int.o(.ARM.exidx.text.BusFault_Handler) refers to at32f435_437_int.o(.text.BusFault_Handler) for [Anonymous Symbol]
    at32f435_437_int.o(.ARM.exidx.text.UsageFault_Handler) refers to at32f435_437_int.o(.text.UsageFault_Handler) for [Anonymous Symbol]
    at32f435_437_int.o(.ARM.exidx.text.SVC_Handler) refers to at32f435_437_int.o(.text.SVC_Handler) for [Anonymous Symbol]
    at32f435_437_int.o(.ARM.exidx.text.DebugMon_Handler) refers to at32f435_437_int.o(.text.DebugMon_Handler) for [Anonymous Symbol]
    at32f435_437_int.o(.ARM.exidx.text.PendSV_Handler) refers to at32f435_437_int.o(.text.PendSV_Handler) for [Anonymous Symbol]
    at32f435_437_int.o(.text.SysTick_Handler) refers to wk_system.o(.text.wk_timebase_handler) for wk_timebase_handler
    at32f435_437_int.o(.ARM.exidx.text.SysTick_Handler) refers to at32f435_437_int.o(.text.SysTick_Handler) for [Anonymous Symbol]
    at32f435_437_wk_config.o(.text.wk_system_clock_config) refers to at32f435_437_crm.o(.text.crm_reset) for crm_reset
    at32f435_437_wk_config.o(.text.wk_system_clock_config) refers to at32f435_437_crm.o(.text.crm_periph_clock_enable) for crm_periph_clock_enable
    at32f435_437_wk_config.o(.text.wk_system_clock_config) refers to at32f435_437_wk_config.o(.text.OUTLINED_FUNCTION_0) for OUTLINED_FUNCTION_0
    at32f435_437_wk_config.o(.text.wk_system_clock_config) refers to at32f435_437_crm.o(.text.crm_flag_get) for crm_flag_get
    at32f435_437_wk_config.o(.text.wk_system_clock_config) refers to at32f435_437_crm.o(.text.crm_hext_stable_wait) for crm_hext_stable_wait
    at32f435_437_wk_config.o(.text.wk_system_clock_config) refers to at32f435_437_crm.o(.text.crm_pll_config) for crm_pll_config
    at32f435_437_wk_config.o(.text.wk_system_clock_config) refers to at32f435_437_crm.o(.text.crm_ahb_div_set) for crm_ahb_div_set
    at32f435_437_wk_config.o(.text.wk_system_clock_config) refers to at32f435_437_crm.o(.text.crm_apb2_div_set) for crm_apb2_div_set
    at32f435_437_wk_config.o(.text.wk_system_clock_config) refers to at32f435_437_crm.o(.text.crm_apb1_div_set) for crm_apb1_div_set
    at32f435_437_wk_config.o(.text.wk_system_clock_config) refers to at32f435_437_crm.o(.text.crm_auto_step_mode_enable) for crm_auto_step_mode_enable
    at32f435_437_wk_config.o(.text.wk_system_clock_config) refers to at32f435_437_crm.o(.text.crm_sysclk_switch) for crm_sysclk_switch
    at32f435_437_wk_config.o(.text.wk_system_clock_config) refers to at32f435_437_crm.o(.text.crm_sysclk_switch_status_get) for crm_sysclk_switch_status_get
    at32f435_437_wk_config.o(.text.wk_system_clock_config) refers to system_at32f435_437.o(.text.system_core_clock_update) for system_core_clock_update
    at32f435_437_wk_config.o(.ARM.exidx.text.wk_system_clock_config) refers to at32f435_437_wk_config.o(.text.wk_system_clock_config) for [Anonymous Symbol]
    at32f435_437_wk_config.o(.text.wk_periph_clock_config) refers to at32f435_437_crm.o(.text.crm_periph_clock_enable) for crm_periph_clock_enable
    at32f435_437_wk_config.o(.ARM.exidx.text.wk_periph_clock_config) refers to at32f435_437_wk_config.o(.text.wk_periph_clock_config) for [Anonymous Symbol]
    at32f435_437_wk_config.o(.text.wk_nvic_config) refers to at32f435_437_misc.o(.text.nvic_priority_group_config) for nvic_priority_group_config
    at32f435_437_wk_config.o(.ARM.exidx.text.wk_nvic_config) refers to at32f435_437_wk_config.o(.text.wk_nvic_config) for [Anonymous Symbol]
    at32f435_437_wk_config.o(.text.wk_gpio_config) refers to at32f435_437_gpio.o(.text.gpio_default_para_init) for gpio_default_para_init
    at32f435_437_wk_config.o(.text.wk_gpio_config) refers to at32f435_437_gpio.o(.text.gpio_bits_reset) for gpio_bits_reset
    at32f435_437_wk_config.o(.text.wk_gpio_config) refers to at32f435_437_gpio.o(.text.gpio_bits_set) for gpio_bits_set
    at32f435_437_wk_config.o(.text.wk_gpio_config) refers to at32f435_437_gpio.o(.text.gpio_init) for gpio_init
    at32f435_437_wk_config.o(.ARM.exidx.text.wk_gpio_config) refers to at32f435_437_wk_config.o(.text.wk_gpio_config) for [Anonymous Symbol]
    at32f435_437_wk_config.o(.text.wk_usart1_init) refers to at32f435_437_gpio.o(.text.gpio_default_para_init) for gpio_default_para_init
    at32f435_437_wk_config.o(.text.wk_usart1_init) refers to at32f435_437_gpio.o(.text.gpio_init) for gpio_init
[...]
    __arm_cp.1_6                             0x08002060   Number         4  main.o(.text.main)
    [Anonymous Symbol]                       0x08002064   Section        0  at32f435_437_misc.o(.text.nvic_priority_group_config)
    __arm_cp.4_0                             0x0800207c   Number         4  at32f435_437_misc.o(.text.nvic_priority_group_config)
    __arm_cp.4_1                             0x08002080   Number         4  at32f435_437_misc.o(.text.nvic_priority_group_config)
    [Anonymous Symbol]                       0x08002084   Section        0  at32f435_437_spi.o(.text.spi_default_para_init)
    [Anonymous Symbol]                       0x08002092   Section        0  at32f435_437_spi.o(.text.spi_enable)
    [Anonymous Symbol]                       0x080020a4   Section        0  at32f435_437_spi.o(.text.spi_i2s_data_transmit)
    [Anonymous Symbol]                       0x080020a8   Section        0  at32f435_437_spi.o(.text.spi_i2s_dma_transmitter_enable)
    [Anonymous Symbol]                       0x080020ba   Section        0  at32f435_437_spi.o(.text.spi_i2s_flag_get)
    [Anonymous Symbol]                       0x080020c4   Section        0  at32f435_437_spi.o(.text.spi_init)
    [Anonymous Symbol]                       0x080021e0   Section        0  system_at32f435_437.o(.text.system_core_clock_update)
    __arm_cp.1_0                             0x0800223c   Number         4  system_at32f435_437.o(.text.system_core_clock_update)
    __arm_cp.1_1                             0x08002240   Number         4  system_at32f435_437.o(.text.system_core_clock_update)
    system_core_clock_update.pll_fr_table    0x08002244   Number         0  system_at32f435_437.o(.text.system_core_clock_update)
    __arm_cp.1_3                             0x0800224c   Number         4  system_at32f435_437.o(.text.system_core_clock_update)
    __arm_cp.1_4                             0x08002250   Number         4  system_at32f435_437.o(.text.system_core_clock_update)
    system_core_clock_update.sys_ahb_div_table 0x08002254   Number         0  system_at32f435_437.o(.text.system_core_clock_update)
    [Anonymous Symbol]                       0x08002264   Section        0  at32f435_437_misc.o(.text.systick_clock_source_config)
    __arm_cp.7_0                             0x08002278   Number         4  at32f435_437_misc.o(.text.systick_clock_source_config)
    [Anonymous Symbol]                       0x0800227c   Section        0  at32f435_437_usart.o(.text.usart_enable)
    [Anonymous Symbol]                       0x08002290   Section        0  at32f435_437_usart.o(.text.usart_hardware_flow_control_set)
    [Anonymous Symbol]                       0x080022d0   Section        0  at32f435_437_usart.o(.text.usart_init)
    __arm_cp.1_0                             0x08002360   Number         4  at32f435_437_usart.o(.text.usart_init)
    [Anonymous Symbol]                       0x08002364   Section        0  at32f435_437_usart.o(.text.usart_parity_selection_config)
    [Anonymous Symbol]                       0x08002398   Section        0  at32f435_437_usart.o(.text.usart_receiver_enable)
    [Anonymous Symbol]                       0x080023aa   Section        0  at32f435_437_usart.o(.text.usart_transmitter_enable)
    [Anonymous Symbol]                       0x080023bc   Section        0  at32f435_437_wk_config.o(.text.wk_adc1_init)
    __arm_cp.6_0                             0x08002448   Number         4  at32f435_437_wk_config.o(.text.wk_adc1_init)
    [Anonymous Symbol]                       0x0800244c   Section        0  at32f435_437_wk_config.o(.text.wk_adc_common_init)
    [Anonymous Symbol]                       0x08002470   Section        0  at32f435_437_wk_config.o(.text.wk_dma1_channel1_init)
    __arm_cp.8_0                             0x080024b8   Number         4  at32f435_437_wk_config.o(.text.wk_dma1_channel1_init)
    [Anonymous Symbol]                       0x080024bc   Section        0  at32f435_437_wk_config.o(.text.wk_dma_channel_config)
    [Anonymous Symbol]                       0x080024c4   Section        0  at32f435_437_wk_config.o(.text.wk_gpio_config)
    __arm_cp.3_1                             0x08002558   Number         4  at32f435_437_wk_config.o(.text.wk_gpio_config)
    __arm_cp.3_2                             0x0800255c   Number         4  at32f435_437_wk_config.o(.text.wk_gpio_config)
    [Anonymous Symbol]                       0x08002560   Section        0  at32f435_437_wk_config.o(.text.wk_nvic_config)
    [Anonymous Symbol]                       0x08002568   Section        0  at32f435_437_wk_config.o(.text.wk_periph_clock_config)
    __arm_cp.1_0                             0x080025b8   Number         4  at32f435_437_wk_config.o(.text.wk_periph_clock_config)
    __arm_cp.1_1                             0x080025bc   Number         4  at32f435_437_wk_config.o(.text.wk_periph_clock_config)
    __arm_cp.1_2                             0x080025c0   Number         4  at32f435_437_wk_config.o(.text.wk_periph_clock_config)
    [Anonymous Symbol]                       0x080025c4   Section        0  at32f435_437_wk_config.o(.text.wk_spi1_init)
    __arm_cp.7_1                             0x08002644   Number         4  at32f435_437_wk_config.o(.text.wk_spi1_init)
    __arm_cp.7_2                             0x08002648   Number         4  at32f435_437_wk_config.o(.text.wk_spi1_init)
    [Anonymous Symbol]                       0x0800264c   Section        0  at32f435_437_wk_config.o(.text.wk_system_clock_config)
    __arm_cp.0_0                             0x080026f0   Number         4  at32f435_437_wk_config.o(.text.wk_system_clock_config)
    __arm_cp.0_1                             0x080026f4   Number         4  at32f435_437_wk_config.o(.text.wk_system_clock_config)
    __arm_cp.0_2                             0x080026f8   Number         4  at32f435_437_wk_config.o(.text.wk_system_clock_config)
    __arm_cp.0_3                             0x080026fc   Number         4  at32f435_437_wk_config.o(.text.wk_system_clock_config)
    [Anonymous Symbol]                       0x08002700   Section        0  wk_system.o(.text.wk_timebase_handler)
    __arm_cp.4_0                             0x0800270c   Number         4  wk_system.o(.text.wk_timebase_handler)
    [Anonymous Symbol]                       0x08002710   Section        0  wk_system.o(.text.wk_timebase_init)
    __arm_cp.3_0                             0x0800273c   Number         4  wk_system.o(.text.wk_timebase_init)
    [Anonymous Symbol]                       0x08002740   Section        0  at32f435_437_wk_config.o(.text.wk_usart1_init)
    __arm_cp.4_0                             0x080027c0   Number         4  at32f435_437_wk_config.o(.text.wk_usart1_init)
    __arm_cp.4_1                             0x080027c4   Number         4  at32f435_437_wk_config.o(.text.wk_usart1_init)
    CL$$btod_d2e                             0x080027c8   Section       62  btod.o(CL$$btod_d2e)
    CL$$btod_d2e_denorm_low                  0x08002806   Section       70  btod.o(CL$$btod_d2e_denorm_low)
    CL$$btod_d2e_norm_op1                    0x0800284c   Section       96  btod.o(CL$$btod_d2e_norm_op1)
    CL$$btod_div_common                      0x080028ac   Section      824  btod.o(CL$$btod_div_common)
    CL$$btod_e2e                             0x08002be4   Section      220  btod.o(CL$$btod_e2e)
    CL$$btod_ediv                            0x08002cc0   Section       42  btod.o(CL$$btod_ediv)
    CL$$btod_emul                            0x08002cea   Section       42  btod.o(CL$$btod_emul)
    CL$$btod_mult_common                     0x08002d14   Section      580  btod.o(CL$$btod_mult_common)
    i.__ARM_fpclassify                       0x08002f58   Section        0  fpclassify.o(i.__ARM_fpclassify)
    i._is_digit                              0x08002f88   Section        0  __printf_wp.o(i._is_digit)
    locale$$code                             0x08002f98   Section       44  lc_numeric_c.o(locale$$code)
    $v0                                      0x08002fc4   Number         0  d2f.o(x$fpl$d2f)
    x$fpl$d2f                                0x08002fc4   Section       98  d2f.o(x$fpl$d2f)
    $v0                                      0x08003028   Number         0  daddsub_clz.o(x$fpl$dadd)
    x$fpl$dadd                               0x08003028   Section      336  daddsub_clz.o(x$fpl$dadd)
    _dadd1                                   0x08003039   Thumb Code     0  daddsub_clz.o(x$fpl$dadd)
    $v0                                      0x08003178   Number         0  ddiv.o(x$fpl$ddiv)
    x$fpl$ddiv                               0x08003178   Section      692  ddiv.o(x$fpl$ddiv)
    ddiv_entry                               0x0800317f   Thumb Code     0  ddiv.o(x$fpl$ddiv)
    $v0                                      0x0800342c   Number         0  dfix.o(x$fpl$dfix)
    x$fpl$dfix                               0x0800342c   Section       94  dfix.o(x$fpl$dfix)
    $v0                                      0x0800348a   Number         0  dnaninf.o(x$fpl$dnaninf)
    x$fpl$dnaninf                            0x0800348a   Section      156  dnaninf.o(x$fpl$dnaninf)
    $v0                                      0x08003526   Number         0  dretinf.o(x$fpl$dretinf)
    x$fpl$dretinf                            0x08003526   Section       12  dretinf.o(x$fpl$dretinf)
    $v0                                      0x08003534   Number         0  daddsub_clz.o(x$fpl$dsub)
    x$fpl$dsub                               0x08003534   Section      476  daddsub_clz.o(x$fpl$dsub)
    _dsub1                                   0x08003545   Thumb Code     0  daddsub_clz.o(x$fpl$dsub)
    $v0                                      0x08003710   Number         0  f2d.o(x$fpl$f2d)
    x$fpl$f2d                                0x08003710   Section       86  f2d.o(x$fpl$f2d)
    $v0                                      0x08003766   Number         0  fnaninf.o(x$fpl$fnaninf)
    x$fpl$fnaninf                            0x08003766   Section      140  fnaninf.o(x$fpl$fnaninf)
    $v0                                      0x080037f2   Number         0  fpinit.o(x$fpl$fpinit)
    x$fpl$fpinit                             0x080037f2   Section       26  fpinit.o(x$fpl$fpinit)
    $v0                                      0x0800380c   Number         0  fretinf.o(x$fpl$fretinf)
    x$fpl$fretinf                            0x0800380c   Section       10  fretinf.o(x$fpl$fretinf)
    $v0                                      0x08003816   Number         0  printf1.o(x$fpl$printf1)
    x$fpl$printf1                            0x08003816   Section        4  printf1.o(x$fpl$printf1)
    x$fpl$usenofp                            0x0800381a   Section        0  usenofp.o(x$fpl$usenofp)
    tenpwrs_x                                0x0800381c   Data          60  bigflt0.o(.constdata)
    .constdata                               0x0800381c   Section      148  bigflt0.o(.constdata)
    tenpwrs_i                                0x08003858   Data          64  bigflt0.o(.constdata)
    Font11x18                                0x080038b0   Data        3420  fonts.o(.rodata.Font11x18)
    [Anonymous Symbol]                       0x080038b0   Section        0  fonts.o(.rodata.Font11x18)
    crm_clocks_freq_get.ahb_apb2_div_table   0x0800460c   Data           8  at32f435_437_crm.o(.rodata.cst8)
    [Anonymous Symbol]                       0x0800460c   Section        0  at32f435_437_crm.o(.rodata.cst8)
    locale$$data                             0x08004634   Section       28  lc_numeric_c.o(locale$$data)
    __lcnum_c_name                           0x08004638   Data           2  lc_numeric_c.o(locale$$data)
    __lcnum_c_start                          0x08004640   Data           0  lc_numeric_c.o(locale$$data)
    __lcnum_c_point                          0x0800464c   Data           0  lc_numeric_c.o(locale$$data)
    __lcnum_c_thousands                      0x0800464e   Data           0  lc_numeric_c.o(locale$$data)
    __lcnum_c_grouping                       0x0800464f   Data           0  lc_numeric_c.o(locale$$data)
    __lcnum_c_end                            0x08004650   Data           0  lc_numeric_c.o(locale$$data)
    .init_array                              0x08004658   Section        0  init_aeabi.o(.init_array)
    .bss                                     0x20000010   Section       96  libspace.o(.bss)
    [Anonymous Symbol]                       0x20000070   Section        0  main.o(.bss..L_MergedGlobals)
    [Anonymous Symbol]                       0x20000090   Section        0  acs712.o(.bss..L_MergedGlobals)
    Heap_Mem                                 0x20000120   Data         512  startup_at32f435_437.o(HEAP)
    HEAP                                     0x20000120   Section      512  startup_at32f435_437.o(HEAP)
    Stack_Mem                                0x20000320   Data        1024  startup_at32f435_437.o(STACK)
    STACK                                    0x20000320   Section     1024  startup_at32f435_437.o(STACK)
    __initial_sp                             0x20000720   Data           0  startup_at32f435_437.o(STACK)

    Global Symbols

    Symbol Name                              Value     Ov Type        Size  Object(Section)

    BuildAttributes$$THM_ISAv4$E$P$D$K$B$S$7EM$VFPi3$EXTD16$VFPS$VFMA$PE$A:L22UL41UL21$X:L11$S22US41US21$IEEE1$IW$~IW$USESV6$~STKCKD$USESV7$~SHL$OTIME$ROPI$IEEEJ$EBA8$UX$STANDARDLIB$REQ8$PRES8$EABIv2 0x00000000   Number         0  anon$$obj.o ABSOLUTE
    _printf_flags                            0x00000000   Number         0  printf_stubs.o ABSOLUTE
    _printf_return_value                     0x00000000   Number         0  printf_stubs.o ABSOLUTE
    _printf_sizespec                         0x00000000   Number         0  printf_stubs.o ABSOLUTE
    _printf_widthprec                        0x00000000   Number         0  printf_stubs.o ABSOLUTE
    __ARM_exceptions_init                     - Undefined Weak Reference
    __alloca_initialize                       - Undefined Weak Reference
    __arm_preinit_                            - Undefined Weak Reference
    __cxa_finalize                            - Undefined Weak Reference
    __sigvec_lookup                           - Undefined Weak Reference
    _atexit_init                              - Undefined Weak Reference
    _call_atexit_fns                          - Undefined Weak Reference
    _clock_init                               - Undefined Weak Reference
    _fp_trap_init                             - Undefined Weak Reference
    _fp_trap_shutdown                         - Undefined Weak Reference
    _get_lc_collate                           - Undefined Weak Reference
    _get_lc_ctype                             - Undefined Weak Reference
    _get_lc_monetary                          - Undefined Weak Reference
    _get_lc_time                              - Undefined Weak Reference
    _getenv_init                              - Undefined Weak Reference
    _handle_redirection                       - Undefined Weak Reference
    _init_alloc                               - Undefined Weak Reference
    _init_user_alloc                          - Undefined Weak Reference
    _initio                                   - Undefined Weak Reference
    _printf_post_padding                      - Undefined Weak Reference
    _printf_pre_padding                       - Undefined Weak Reference
    _printf_truncate_signed                   - Undefined Weak Reference
    _printf_truncate_unsigned                 - Undefined Weak Reference
    _rand_init                                - Undefined Weak Reference
    _signal_finish                            - Undefined Weak Reference
    _signal_init                              - Undefined Weak Reference
    _terminate_alloc                          - Undefined Weak Reference
    _terminate_user_alloc                     - Undefined Weak Reference
    _terminateio                              - Undefined Weak Reference
    __Vectors_Size                           0x0000020c   Number         0  startup_at32f435_437.o ABSOLUTE
    __Vectors                                0x08000000   Data           4  startup_at32f435_437.o(RESET)
    __Vectors_End                            0x0800020c   Data           0  startup_at32f435_437.o(RESET)
    __main                                   0x0800020d   Thumb Code     8  __main.o(!!!main)
    __scatterload                            0x08000215   Thumb Code     0  __scatter.o(!!!scatter)
    __scatterload_rt2                        0x08000215   Thumb Code    44  __scatter.o(!!!scatter)
    __scatterload_rt2_thumb_only             0x08000215   Thumb Code     0  __scatter.o(!!!scatter)
    __scatterload_null                       0x08000223   Thumb Code     0  __scatter.o(!!!scatter)
    __scatterload_copy                       0x08000249   Thumb Code    26  __scatter_copy.o(!!handler_copy)
    __scatterload_zeroinit                   0x08000265   Thumb Code    28  __scatter_zi.o(!!handler_zi)
    _printf_f                                0x08000281   Thumb Code     0  _printf_f.o(.ARM.Collect$$_printf_percent$$00000003)
    _printf_percent                          0x08000281   Thumb Code     0  _printf_percent.o(.ARM.Collect$$_printf_percent$$00000000)
    _printf_d                                0x08000287   Thumb Code     0  _printf_d.o(.ARM.Collect$$_printf_percent$$00000009)
    _printf_percent_end                      0x0800028d   Thumb Code     0  _printf_percent_end.o(.ARM.Collect$$_printf_percent$$00000017)
    __rt_lib_init                            0x08000291   Thumb Code     0  libinit.o(.ARM.Collect$$libinit$$00000000)
    __rt_lib_init_fp_1                       0x08000293   Thumb Code     0  libinit2.o(.ARM.Collect$$libinit$$00000001)
    __rt_lib_init_heap_1                     0x08000297   Thumb Code     0  libinit2.o(.ARM.Collect$$libinit$$0000000A)
    __rt_lib_init_lc_common                  0x08000297   Thumb Code     0  libinit2.o(.ARM.Collect$$libinit$$0000000F)
    __rt_lib_init_preinit_1                  0x08000297   Thumb Code     0  libinit2.o(.ARM.Collect$$libinit$$00000004)
    __rt_lib_init_rand_1                     0x08000297   Thumb Code     0  libinit2.o(.ARM.Collect$$libinit$$0000000E)
    __rt_lib_init_user_alloc_1               0x08000297   Thumb Code     0  libinit2.o(.ARM.Collect$$libinit$$0000000C)
    __rt_lib_init_lc_collate_1               0x0800029d   Thumb Code     0  libinit2.o(.ARM.Collect$$libinit$$00000011)
    __rt_lib_init_lc_ctype_1                 0x0800029d   Thumb Code     0  libinit2.o(.ARM.Collect$$libinit$$00000013)
    __rt_lib_init_lc_monetary_1              0x0800029d   Thumb Code     0  libinit2.o(.ARM.Collect$$libinit$$00000015)
    __rt_lib_init_lc_numeric_2               0x0800029d   Thumb Code     0  libinit2.o(.ARM.Collect$$libinit$$00000016)
    __rt_lib_init_alloca_1                   0x080002a7   Thumb Code     0  libinit2.o(.ARM.Collect$$libinit$$0000002E)
    __rt_lib_init_argv_1                     0x080002a7   Thumb Code     0  libinit2.o(.ARM.Collect$$libinit$$0000002C)
    __rt_lib_init_atexit_1                   0x080002a7   Thumb Code     0  libinit2.o(.ARM.Collect$$libinit$$0000001B)
    __rt_lib_init_clock_1                    0x080002a7   Thumb Code     0  libinit2.o(.ARM.Collect$$libinit$$00000021)
    __rt_lib_init_cpp_2                      0x080002a7   Thumb Code     0  libinit2.o(.ARM.Collect$$libinit$$00000031)
    __rt_lib_init_exceptions_1               0x080002a7   Thumb Code     0  libinit2.o(.ARM.Collect$$libinit$$00000030)
    __rt_lib_init_fp_trap_1                  0x080002a7   Thumb Code     0  libinit2.o(.ARM.Collect$$libinit$$0000001F)
    __rt_lib_init_getenv_1                   0x080002a7   Thumb Code     0  libinit2.o(.ARM.Collect$$libinit$$00000023)
    __rt_lib_init_lc_numeric_1               0x080002a7   Thumb Code     0  libinit2.o(.ARM.Collect$$libinit$$00000017)
    __rt_lib_init_lc_time_1                  0x080002a7   Thumb Code     0  libinit2.o(.ARM.Collect$$libinit$$00000019)
    __rt_lib_init_signal_1                   0x080002a7   Thumb Code     0  libinit2.o(.ARM.Collect$$libinit$$0000001D)
    __rt_lib_init_stdio_1                    0x080002a7   Thumb Code     0  libinit2.o(.ARM.Collect$$libinit$$00000025)
    __rt_lib_init_cpp_1                      0x080002ab   Thumb Code     0  libinit2.o(.ARM.Collect$$libinit$$00000032)
    __rt_lib_init_return                     0x080002ab   Thumb Code     0  libinit2.o(.ARM.Collect$$libinit$$00000033)
    __rt_lib_shutdown                        0x080002ad   Thumb Code     0  libshutdown.o(.ARM.Collect$$libshutdown$$00000000)
    __rt_lib_shutdown_cpp_1                  0x080002af   Thumb Code     0  libshutdown2.o(.ARM.Collect$$libshutdown$$00000002)
    __rt_lib_shutdown_fp_trap_1              0x080002af   Thumb Code     0  libshutdown2.o(.ARM.Collect$$libshutdown$$00000007)
    __rt_lib_shutdown_heap_1                 0x080002af   Thumb Code     0  libshutdown2.o(.ARM.Collect$$libshutdown$$0000000F)
    __rt_lib_shutdown_return                 0x080002af   Thumb Code     0  libshutdown2.o(.ARM.Collect$$libshutdown$$00000010)
    __rt_lib_shutdown_signal_1               0x080002af   Thumb Code     0  libshutdown2.o(.ARM.Collect$$libshutdown$$0000000A)
    __rt_lib_shutdown_stdio_1                0x080002af   Thumb Code     0  libshutdown2.o(.ARM.Collect$$libshutdown$$00000004)
    __rt_lib_shutdown_user_alloc_1           0x080002af   Thumb Code     0  libshutdown2.o(.ARM.Collect$$libshutdown$$0000000C)
    __rt_entry                               0x080002b1   Thumb Code     0  __rtentry.o(.ARM.Collect$$rtentry$$00000000)
    __rt_entry_presh_1                       0x080002b1   Thumb Code     0  __rtentry2.o(.ARM.Collect$$rtentry$$00000002)
    __rt_entry_sh                            0x080002b1   Thumb Code     0  __rtentry4.o(.ARM.Collect$$rtentry$$00000004)
    __rt_entry_li                            0x080002b7   Thumb Code     0  __rtentry2.o(.ARM.Collect$$rtentry$$0000000A)
    __rt_entry_postsh_1                      0x080002b7   Thumb Code     0  __rtentry2.o(.ARM.Collect$$rtentry$$00000009)
    __rt_entry_main                          0x080002bb   Thumb Code     0  __rtentry2.o(.ARM.Collect$$rtentry$$0000000D)
    __rt_entry_postli_1                      0x080002bb   Thumb Code     0  __rtentry2.o(.ARM.Collect$$rtentry$$0000000C)
    __rt_exit                                0x080002c3   Thumb Code     0  rtexit.o(.ARM.Collect$$rtexit$$00000000)
    __rt_exit_ls                             0x080002c5   Thumb Code     0  rtexit2.o(.ARM.Collect$$rtexit$$00000003)
    __rt_exit_prels_1                        0x080002c5   Thumb Code     0  rtexit2.o(.ARM.Collect$$rtexit$$00000002)
    __rt_exit_exit                           0x080002c9   Thumb Code     0  rtexit2.o(.ARM.Collect$$rtexit$$00000004)
    Reset_Handler                            0x080002d1   Thumb Code     8  startup_at32f435_437.o(.text)
    ACC_IRQHandler                           0x080002eb   Thumb Code     0  startup_at32f435_437.o(.text)
    ADC1_2_3_IRQHandler                      0x080002eb   Thumb Code     0  startup_at32f435_437.o(.text)
    CAN1_RX0_IRQHandler                      0x080002eb   Thumb Code     0  startup_at32f435_437.o(.text)
    CAN1_RX1_IRQHandler                      0x080002eb   Thumb Code     0  startup_at32f435_437.o(.text)
    CAN1_SE_IRQHandler                       0x080002eb   Thumb Code     0  startup_at32f435_437.o(.text)
    CAN1_TX_IRQHandler                       0x080002eb   Thumb Code     0  startup_at32f435_437.o(.text)
    CAN2_RX0_IRQHandler                      0x080002eb   Thumb Code     0  startup_at32f435_437.o(.text)
    CAN2_RX1_IRQHandler                      0x080002eb   Thumb Code     0  startup_at32f435_437.o(.text)
    CAN2_SE_IRQHandler                       0x080002eb   Thumb Code     0  startup_at32f435_437.o(.text)
    CAN2_TX_IRQHandler                       0x080002eb   Thumb Code     0  startup_at32f435_437.o(.text)
    CRM_IRQHandler                           0x080002eb   Thumb Code     0  startup_at32f435_437.o(.text)
    DMA1_Channel1_IRQHandler                 0x080002eb   Thumb Code     0  startup_at32f435_437.o(.text)
    DMA1_Channel2_IRQHandler                 0x080002eb   Thumb Code     0  startup_at32f435_437.o(.text)
    DMA1_Channel3_IRQHandler                 0x080002eb   Thumb Code     0  startup_at32f435_437.o(.text)
    DMA1_Channel4_IRQHandler                 0x080002eb   Thumb Code     0  startup_at32f435_437.o(.text)
    DMA1_Channel5_IRQHandler                 0x080002eb   Thumb Code     0  startup_at32f435_437.o(.text)
    DMA1_Channel6_IRQHandler                 0x080002eb   Thumb Code     0  startup_at32f435_437.o(.text)
    DMA1_Channel7_IRQHandler                 0x080002eb   Thumb Code     0  startup_at32f435_437.o(.text)
    DMA2_Channel1_IRQHandler                 0x080002eb   Thumb Code     0  startup_at32f435_437.o(.text)
    DMA2_Channel2_IRQHandler                 0x080002eb   Thumb Code     0  startup_at32f435_437.o(.text)
    DMA2_Channel3_IRQHandler                 0x080002eb   Thumb Code     0  startup_at32f435_437.o(.text)
    DMA2_Channel4_IRQHandler                 0x080002eb   Thumb Code     0  startup_at32f435_437.o(.text)
    DMA2_Channel5_IRQHandler                 0x080002eb   Thumb Code     0  startup_at32f435_437.o(.text)
    DMA2_Channel6_IRQHandler                 0x080002eb   Thumb Code     0  startup_at32f435_437.o(.text)
    DMA2_Channel7_IRQHandler                 0x080002eb   Thumb Code     0  startup_at32f435_437.o(.text)
    DMAMUX_IRQHandler                        0x080002eb   Thumb Code     0  startup_at32f435_437.o(.text)
    DVP_IRQHandler                           0x080002eb   Thumb Code     0  startup_at32f435_437.o(.text)
    EDMA_Stream1_IRQHandler                  0x080002eb   Thumb Code     0  startup_at32f435_437.o(.text)
    EDMA_Stream2_IRQHandler                  0x080002eb   Thumb Code     0  startup_at32f435_437.o(.text)
    EDMA_Stream3_IRQHandler                  0x080002eb   Thumb Code     0  startup_at32f435_437.o(.text)
    EDMA_Stream4_IRQHandler                  0x080002eb   Thumb Code     0  startup_at32f435_437.o(.text)
    EDMA_Stream5_IRQHandler                  0x080002eb   Thumb Code     0  startup_at32f435_437.o(.text)
    EDMA_Stream6_IRQHandler                  0x080002eb   Thumb Code     0  startup_at32f435_437.o(.text)
    EDMA_Stream7_IRQHandler                  0x080002eb   Thumb Code     0  startup_at32f435_437.o(.text)
    EDMA_Stream8_IRQHandler                  0x080002eb   Thumb Code     0  startup_at32f435_437.o(.text)
    EMAC_IRQHandler                          0x080002eb   Thumb Code     0  startup_at32f435_437.o(.text)
    EMAC_WKUP_IRQHandler                     0x080002eb   Thumb Code     0  startup_at32f435_437.o(.text)
    ERTCAlarm_IRQHandler                     0x080002eb   Thumb Code     0  startup_at32f435_437.o(.text)
    ERTC_WKUP_IRQHandler                     0x080002eb   Thumb Code     0  startup_at32f435_437.o(.text)
    EXINT0_IRQHandler                        0x080002eb   Thumb Code     0  startup_at32f435_437.o(.text)
    EXINT15_10_IRQHandler                    0x080002eb   Thumb Code     0  startup_at32f435_437.o(.text)
    EXINT1_IRQHandler                        0x080002eb   Thumb Code     0  startup_at32f435_437.o(.text)
    EXINT2_IRQHandler                        0x080002eb   Thumb Code     0  startup_at32f435_437.o(.text)
    EXINT3_IRQHandler                        0x080002eb   Thumb Code     0  startup_at32f435_437.o(.text)
    EXINT4_IRQHandler                        0x080002eb   Thumb Code     0  startup_at32f435_437.o(.text)
    EXINT9_5_IRQHandler                      0x080002eb   Thumb Code     0  startup_at32f435_437.o(.text)
    FLASH_IRQHandler                         0x080002eb   Thumb Code     0  startup_at32f435_437.o(.text)
    FPU_IRQHandler                           0x080002eb   Thumb Code     0  startup_at32f435_437.o(.text)
    I2C1_ERR_IRQHandler                      0x080002eb   Thumb Code     0  startup_at32f435_437.o(.text)
    I2C1_EVT_IRQHandler                      0x080002eb   Thumb Code     0  startup_at32f435_437.o(.text)
    I2C2_ERR_IRQHandler                      0x080002eb   Thumb Code     0  startup_at32f435_437.o(.text)
    I2C2_EVT_IRQHandler                      0x080002eb   Thumb Code     0  startup_at32f435_437.o(.text)
    I2C3_ERR_IRQHandler                      0x080002eb   Thumb Code     0  startup_at32f435_437.o(.text)
    I2C3_EVT_IRQHandler                      0x080002eb   Thumb Code     0  startup_at32f435_437.o(.text)
    OTGFS1_IRQHandler                        0x080002eb   Thumb Code     0  startup_at32f435_437.o(.text)
    OTGFS1_WKUP_IRQHandler                   0x080002eb   Thumb Code     0  startup_at32f435_437.o(.text)
    OTGFS2_IRQHandler                        0x080002eb   Thumb Code     0  startup_at32f435_437.o(.text)
    OTGFS2_WKUP_IRQHandler                   0x080002eb   Thumb Code     0  startup_at32f435_437.o(.text)
    PVM_IRQHandler                           0x080002eb   Thumb Code     0  startup_at32f435_437.o(.text)
    QSPI1_IRQHandler                         0x080002eb   Thumb Code     0  startup_at32f435_437.o(.text)
    QSPI2_IRQHandler                         0x080002eb   Thumb Code     0  startup_at32f435_437.o(.text)
    SDIO1_IRQHandler                         0x080002eb   Thumb Code     0  startup_at32f435_437.o(.text)
    SDIO2_IRQHandler                         0x080002eb   Thumb Code     0  startup_at32f435_437.o(.text)
    SPI1_IRQHandler                          0x080002eb   Thumb Code     0  startup_at32f435_437.o(.text)
    SPI2_I2S2EXT_IRQHandler                  0x080002eb   Thumb Code     0  startup_at32f435_437.o(.text)
    SPI3_I2S3EXT_IRQHandler                  0x080002eb   Thumb Code     0  startup_at32f435_437.o(.text)
    SPI4_IRQHandler                          0x080002eb   Thumb Code     0  startup_at32f435_437.o(.text)
    TAMP_STAMP_IRQHandler                    0x080002eb   Thumb Code     0  startup_at32f435_437.o(.text)
    TMR1_BRK_TMR9_IRQHandler                 0x080002eb   Thumb Code     0  startup_at32f435_437.o(.text)
    TMR1_CH_IRQHandler                       0x080002eb   Thumb Code     0  startup_at32f435_437.o(.text)
    TMR1_OVF_TMR10_IRQHandler                0x080002eb   Thumb Code     0  startup_at32f435_437.o(.text)
    TMR1_TRG_HALL_TMR11_IRQHandler           0x080002eb   Thumb Code     0  startup_at32f435_437.o(.text)
    TMR20_BRK_IRQHandler                     0x080002eb   Thumb Code     0  startup_at32f435_437.o(.text)
    TMR20_CH_IRQHandler                      0x080002eb   Thumb Code     0  startup_at32f435_437.o(.text)
    TMR20_OVF_IRQHandler                     0x080002eb   Thumb Code     0  startup_at32f435_437.o(.text)
    TMR20_TRG_HALL_IRQHandler                0x080002eb   Thumb Code     0  startup_at32f435_437.o(.text)
    TMR2_GLOBAL_IRQHandler                   0x080002eb   Thumb Code     0  startup_at32f435_437.o(.text)
    TMR3_GLOBAL_IRQHandler                   0x080002eb   Thumb Code     0  startup_at32f435_437.o(.text)
    TMR4_GLOBAL_IRQHandler                   0x080002eb   Thumb Code     0  startup_at32f435_437.o(.text)
    TMR5_GLOBAL_IRQHandler                   0x080002eb   Thumb Code     0  startup_at32f435_437.o(.text)
    TMR6_DAC_GLOBAL_IRQHandler               0x080002eb   Thumb Code     0  startup_at32f435_437.o(.text)
    TMR7_GLOBAL_IRQHandler                   0x080002eb   Thumb Code     0  startup_at32f435_437.o(.text)
    TMR8_BRK_TMR12_IRQHandler                0x080002eb   Thumb Code     0  startup_at32f435_437.o(.text)
    TMR8_CH_IRQHandler                       0x080002eb   Thumb Code     0  startup_at32f435_437.o(.text)
    TMR8_OVF_TMR13_IRQHandler                0x080002eb   Thumb Code     0  startup_at32f435_437.o(.text)
    TMR8_TRG_HALL_TMR14_IRQHandler           0x080002eb   Thumb Code     0  startup_at32f435_437.o(.text)
    UART4_IRQHandler                         0x080002eb   Thumb Code     0  startup_at32f435_437.o(.text)
    UART5_IRQHandler                         0x080002eb   Thumb Code     0  startup_at32f435_437.o(.text)
    UART7_IRQHandler                         0x080002eb   Thumb Code     0  startup_at32f435_437.o(.text)
    UART8_IRQHandler                         0x080002eb   Thumb Code     0  startup_at32f435_437.o(.text)
    USART1_IRQHandler                        0x080002eb   Thumb Code     0  startup_at32f435_437.o(.text)
    USART2_IRQHandler                        0x080002eb   Thumb Code     0  startup_at32f435_437.o(.text)
    USART3_IRQHandler                        0x080002eb   Thumb Code     0  startup_at32f435_437.o(.text)
    USART6_IRQHandler                        0x080002eb   Thumb Code     0  startup_at32f435_437.o(.text)
    WWDT_IRQHandler                          0x080002eb   Thumb Code     0  startup_at32f435_437.o(.text)
    XMC_IRQHandler                           0x080002eb   Thumb Code     0  startup_at32f435_437.o(.text)
    __user_initial_stackheap                 0x080002ed   Thumb Code     0  startup_at32f435_437.o(.text)
    __aeabi_uldivmod                         0x08000311   Thumb Code     0  lludivv7m.o(.text)
    _ll_udiv                                 0x08000311   Thumb Code   240  lludivv7m.o(.text)
    __2sprintf                               0x08000401   Thumb Code    34  noretval__2sprintf.o(.text)
    _printf_int_dec                          0x08000429   Thumb Code   104  _printf_dec.o(.text)
    __printf                                 0x080004a1   Thumb Code   270  __printf_wp.o(.text)
    __aeabi_memclr4                          0x080005af   Thumb Code     0  rt_memclr_w.o(.text)
    __aeabi_memclr8                          0x080005af   Thumb Code     0  rt_memclr_w.o(.text)
    __rt_memclr_w                            0x080005af   Thumb Code     0  rt_memclr_w.o(.text)
    _memset_w                                0x080005b3   Thumb Code    74  rt_memclr_w.o(.text)
    __use_two_region_memory                  0x080005fd   Thumb Code     2  heapauxi.o(.text)
    __rt_heap_escrow$2region                 0x080005ff   Thumb Code     2  heapauxi.o(.text)
    __rt_heap_expand$2region                 0x08000601   Thumb Code     2  heapauxi.o(.text)
    __cpp_initialize__aeabi_                 0x08000605   Thumb Code    28  init_aeabi.o(.text)
    _printf_int_common                       0x08000629   Thumb Code   178  _printf_intcommon.o(.text)
    _printf_fp_dec_real                      0x0800088b   Thumb Code   620  _printf_fp_dec.o(.text)
    _printf_char_common                      0x08000b03   Thumb Code    32  _printf_char_common.o(.text)
    _sputc                                   0x08000b29   Thumb Code    10  _sputc.o(.text)
    __rt_locale                              0x08000b35   Thumb Code     8  rt_locale_intlibspace.o(.text)
    _ll_udiv10                               0x08000b3d   Thumb Code   138  lludiv10.o(.text)
    _printf_fp_infnan                        0x08000bc9   Thumb Code   112  _printf_fp_infnan.o(.text)
    _btod_etento                             0x08000c49   Thumb Code   224  bigflt0.o(.text)
    __user_libspace                          0x08000d2d   Thumb Code     8  libspace.o(.text)
    __user_perproc_libspace                  0x08000d2d   Thumb Code     0  libspace.o(.text)
    __user_perthread_libspace                0x08000d2d   Thumb Code     0  libspace.o(.text)
    __user_setup_stackheap                   0x08000d35   Thumb Code    74  sys_stackheap_outer.o(.text)
    exit                                     0x08000d7f   Thumb Code    18  exit.o(.text)
    strcmp                                   0x08000d91   Thumb Code   124  strcmpv7em.o(.text)
    _sys_exit                                0x08000e0d   Thumb Code     8  sys_exit.o(.text)
    __I$use$semihosting                      0x08000e19   Thumb Code     0  use_no_semi.o(.text)
    __use_no_semihosting_swi                 0x08000e19   Thumb Code     2  use_no_semi.o(.text)
    BusFault_Handler                         0x08000e1b   Thumb Code     2  at32f435_437_int.o(.text.BusFault_Handler)
    __semihosting_library_function           0x08000e1b   Thumb Code     0  indicate_semi.o(.text)
    DebugMon_Handler                         0x08000e1d   Thumb Code     2  at32f435_437_int.o(.text.DebugMon_Handler)
    HardFault_Handler                        0x08000e1f   Thumb Code     2  at32f435_437_int.o(.text.HardFault_Handler)
    MemManage_Handler                        0x08000e21   Thumb Code     2  at32f435_437_int.o(.text.MemManage_Handler)
    NMI_Handler                              0x08000e23   Thumb Code     2  at32f435_437_int.o(.text.NMI_Handler)
    PendSV_Handler                           0x08000e73   Thumb Code     2  at32f435_437_int.o(.text.PendSV_Handler)
    SVC_Handler                              0x08000e75   Thumb Code     2  at32f435_437_int.o(.text.SVC_Handler)
    SysTick_Handler                          0x08000e77   Thumb Code     4  at32f435_437_int.o(.text.SysTick_Handler)
    SystemInit                               0x08000e7d   Thumb Code    80  system_at32f435_437.o(.text.SystemInit)
    UsageFault_Handler                       0x08000edd   Thumb Code     2  at32f435_437_int.o(.text.UsageFault_Handler)
    delay_init()                             0x08000f19   Thumb Code    24  xtp_delay.o(.text._Z10delay_initv)
    show_adc_value()                         0x08000f39   Thumb Code    88  main.o(.text._Z14show_adc_valuev)
    delay_ms(unsigned short)                 0x08000fa9   Thumb Code    22  xtp_delay.o(.text._Z8delay_mst)
    delay_us(unsigned short)                 0x08000fc1   Thumb Code    48  xtp_delay.o(.text._Z8delay_ust)
    XTP_Utility::u16_arr_sum(unsigned short*, unsigned int) 0x08000ff9   Thumb Code    18  xtp_utility.o(.text._ZN11XTP_Utility11u16_arr_sumEPtj)
    ACS712::getCurrent()                     0x0800100d   Thumb Code    52  acs712.o(.text._ZN6ACS71210getCurrentEv)
    ACS712::arithmetic_mean_filter()         0x08001041   Thumb Code    76  acs712.o(.text._ZN6ACS71222arithmetic_mean_filterEv)
    ACS712::setMax(float)                    0x08001099   Thumb Code   136  acs712.o(.text._ZN6ACS7126setMaxEf)
    ACS712::adc_read()                       0x0800114d   Thumb Code    36  acs712.o(.text._ZN6ACS7128adc_readEv)
    Buzzer::on(int, int)                     0x08001175   Thumb Code    38  buzzer.o(.text._ZN6Buzzer2onEii)
    Buzzer::Buzzer(gpio_type*, unsigned short) 0x0800119b   Thumb Code     4  buzzer.o(.text._ZN6BuzzerC2EP9gpio_typet)
    Buzzer::Buzzer__sub_object(gpio_type*, unsigned short) 0x0800119b   Thumb Code     4  buzzer.o(.text._ZN6BuzzerC2EP9gpio_typet)
    St7789::writeFloat(unsigned short, unsigned short, float, unsigned char, FontDef, unsigned short, unsigned short) 0x080011a1   Thumb Code    88  st7789.o(.text._ZN6St778910writeFloatEttfh7FontDeftt)
    St7789::writeString(unsigned short, unsigned short, char const*, FontDef, unsigned short, unsigned short) 0x08001201   Thumb Code   114  st7789.o(.text._ZN6St778911writeStringEttPKc7FontDeftt)
    St7789::drawRectangle(unsigned short, unsigned short, unsigned short, unsigned short, unsigned short) 0x08001275   Thumb Code    80  st7789.o(.text._ZN6St778913drawRectangleEttttt)
    St7789::drawLine(unsigned short, unsigned short, unsigned short, unsigned short, unsigned short) 0x080012c9   Thumb Code   188  st7789.o(.text._ZN6St77898drawLineEttttt)
    St7789::writeNum(unsigned short, unsigned short, unsigned int, unsigned char, FontDef, unsigned short, unsigned short) 0x08001385   Thumb Code   180  st7789.o(.text._ZN6St77898writeNumEttjh7FontDeftt)
    St7789::drawPixel(unsigned short, unsigned short, unsigned short) 0x0800143d   Thumb Code    40  st7789.o(.text._ZN6St77899drawPixelEttt)
    St7789::writeChar(unsigned short, unsigned short, char, FontDef, unsigned short, unsigned short) 0x08001465   Thumb Code   170  st7789.o(.text._ZN6St77899writeCharEttc7FontDeftt)
    St7789::St7789(gpio_type*, unsigned short, gpio_type*, unsigned short, gpio_type*, unsigned short) 0x08001511   Thumb Code    32  st7789.o(.text._ZN6St7789C2EP9gpio_typetS1_tS1_t)
    St7789::St7789__sub_object(gpio_type*, unsigned short, gpio_type*, unsigned short, gpio_type*, unsigned short) 0x08001511   Thumb Code    32  st7789.o(.text._ZN6St7789C2EP9gpio_typetS1_tS1_t)
    XTPGPio::XTPGPio(gpio_type*, unsigned short) 0x08001535   Thumb Code     6  xtp_gpio.o(.text._ZN7XTPGPioC2EP9gpio_typet)
    XTPGPio::XTPGPio__sub_object(gpio_type*, unsigned short) 0x08001535   Thumb Code     6  xtp_gpio.o(.text._ZN7XTPGPioC2EP9gpio_typet)
    St7789::sendCommand(unsigned char) const 0x0800153d   Thumb Code    60  st7789.o(.text._ZNK6St778911sendCommandEh)
    St7789::setBacklight(BlkState) const     0x08001579   Thumb Code    24  st7789.o(.text._ZNK6St778912setBacklightE8BlkState)
    St7789::setLcdAddress(unsigned short, unsigned short, unsigned short, unsigned short) const 0x08001595   Thumb Code    96  st7789.o(.text._ZNK6St778913setLcdAddressEtttt)
    St7789::writeSingleByteData(unsigned char) const 0x080015f5   Thumb Code    60  st7789.o(.text._ZNK6St778919writeSingleByteDataEh)
    St7789::clear(unsigned short) const      0x08001635   Thumb Code    90  st7789.o(.text._ZNK6St77895clearEt)
    St7789::reset() const                    0x08001691   Thumb Code    48  st7789.o(.text._ZNK6St77895resetEv)
    St7789::lcdInit() const                  0x080016c9   Thumb Code   412  st7789.o(.text._ZNK6St77897lcdInitEv)
    St7789::sendData(unsigned char*, unsigned int) const 0x0800186d   Thumb Code    60  st7789.o(.text._ZNK6St77898sendDataEPhj)
    St7789::setCSLow() const                 0x080018b1   Thumb Code     6  st7789.o(.text._ZNK6St77898setCSLowEv)
    St7789::setDCLow() const                 0x080018b7   Thumb Code     8  st7789.o(.text._ZNK6St77898setDCLowEv)
    St7789::displayOn() const                0x080018bf   Thumb Code    22  st7789.o(.text._ZNK6St77899displayOnEv)
    St7789::setCSHigh() const                0x080018d5   Thumb Code     6  st7789.o(.text._ZNK6St77899setCSHighEv)
    St7789::setDCHigh() const                0x080018db   Thumb Code     8  st7789.o(.text._ZNK6St77899setDCHighEv)
    XTPGPio::setLevel(confirm_state) const   0x080018e3   Thumb Code    10  xtp_gpio.o(.text._ZNK7XTPGPio8setLevelE13confirm_state)
    adc_base_config                          0x080018ed   Thumb Code    68  at32f435_437_adc.o(.text.adc_base_config)
    adc_base_default_para_init               0x08001931   Thumb Code     8  at32f435_437_adc.o(.text.adc_base_default_para_init)
    adc_calibration_init                     0x08001939   Thumb Code    10  at32f435_437_adc.o(.text.adc_calibration_init)
    adc_calibration_init_status_get          0x08001943   Thumb Code     8  at32f435_437_adc.o(.text.adc_calibration_init_status_get)
    adc_calibration_start                    0x0800194b   Thumb Code    10  at32f435_437_adc.o(.text.adc_calibration_start)
    adc_calibration_status_get               0x08001955   Thumb Code     8  at32f435_437_adc.o(.text.adc_calibration_status_get)
    adc_common_config                        0x0800195d   Thumb Code   132  at32f435_437_adc.o(.text.adc_common_config)
    adc_common_default_para_init             0x080019e5   Thumb Code    10  at32f435_437_adc.o(.text.adc_common_default_para_init)
    adc_enable                               0x080019ef   Thumb Code    10  at32f435_437_adc.o(.text.adc_enable)
    adc_flag_get                             0x080019f9   Thumb Code    10  at32f435_437_adc.o(.text.adc_flag_get)
    adc_ordinary_channel_set                 0x08001a03   Thumb Code    84  at32f435_437_adc.o(.text.adc_ordinary_channel_set)
    adc_ordinary_conversion_data_get         0x08001a57   Thumb Code     6  at32f435_437_adc.o(.text.adc_ordinary_conversion_data_get)
    adc_ordinary_conversion_trigger_set      0x08001a5d   Thumb Code    42  at32f435_437_adc.o(.text.adc_ordinary_conversion_trigger_set)
    adc_ordinary_software_trigger_enable     0x08001a87   Thumb Code    18  at32f435_437_adc.o(.text.adc_ordinary_software_trigger_enable)
    adc_resolution_set                       0x08001a99   Thumb Code    18  at32f435_437_adc.o(.text.adc_resolution_set)
    crm_ahb_div_set                          0x08001aad   Thumb Code    20  at32f435_437_crm.o(.text.crm_ahb_div_set)
    crm_apb1_div_set                         0x08001ac1   Thumb Code    20  at32f435_437_crm.o(.text.crm_apb1_div_set)
    crm_apb2_div_set                         0x08001ad5   Thumb Code    20  at32f435_437_crm.o(.text.crm_apb2_div_set)
    crm_auto_step_mode_enable                0x08001ae9   Thumb Code    20  at32f435_437_crm.o(.text.crm_auto_step_mode_enable)
    crm_clock_source_enable                  0x08001b01   Thumb Code    88  at32f435_437_crm.o(.text.crm_clock_source_enable)
    crm_clocks_freq_get                      0x08001b59   Thumb Code   120  at32f435_437_crm.o(.text.crm_clocks_freq_get)
    crm_flag_get                             0x08001bf9   Thumb Code    20  at32f435_437_crm.o(.text.crm_flag_get)
    crm_hext_stable_wait                     0x08001c0d   Thumb Code    28  at32f435_437_crm.o(.text.crm_hext_stable_wait)
    crm_periph_clock_enable                  0x08001c29   Thumb Code    28  at32f435_437_crm.o(.text.crm_periph_clock_enable)
    crm_pll_config                           0x08001c45   Thumb Code    68  at32f435_437_crm.o(.text.crm_pll_config)
    crm_reset                                0x08001c8d   Thumb Code    60  at32f435_437_crm.o(.text.crm_reset)
    crm_sysclk_switch                        0x08001cd5   Thumb Code    52  at32f435_437_crm.o(.text.crm_sysclk_switch)
    crm_sysclk_switch_status_get             0x08001d09   Thumb Code    12  at32f435_437_crm.o(.text.crm_sysclk_switch_status_get)
    dma_channel_enable                       0x08001d19   Thumb Code    10  at32f435_437_dma.o(.text.dma_channel_enable)
    dma_default_para_init                    0x08001d23   Thumb Code    10  at32f435_437_dma.o(.text.dma_default_para_init)
    dma_init                                 0x08001d2d   Thumb Code   136  at32f435_437_dma.o(.text.dma_init)
    dma_reset                                0x08001db5   Thumb Code    76  at32f435_437_dma.o(.text.dma_reset)
    dmamux_enable                            0x08001e05   Thumb Code    14  at32f435_437_dma.o(.text.dmamux_enable)
    dmamux_init                              0x08001e13   Thumb Code    10  at32f435_437_dma.o(.text.dmamux_init)
    gpio_bits_reset                          0x08001e1d   Thumb Code     4  at32f435_437_gpio.o(.text.gpio_bits_reset)
    gpio_bits_set                            0x08001e21   Thumb Code     4  at32f435_437_gpio.o(.text.gpio_bits_set)
    gpio_bits_write                          0x08001e25   Thumb Code    12  at32f435_437_gpio.o(.text.gpio_bits_write)
    gpio_default_para_init                   0x08001e31   Thumb Code    14  at32f435_437_gpio.o(.text.gpio_default_para_init)
    gpio_init                                0x08001e3f   Thumb Code   118  at32f435_437_gpio.o(.text.gpio_init)
    gpio_pin_mux_config                      0x08001eb5   Thumb Code    40  at32f435_437_gpio.o(.text.gpio_pin_mux_config)
    main                                     0x08001ee1   Thumb Code   336  main.o(.text.main)
    nvic_priority_group_config               0x08002065   Thumb Code    24  at32f435_437_misc.o(.text.nvic_priority_group_config)
    spi_default_para_init                    0x08002085   Thumb Code    14  at32f435_437_spi.o(.text.spi_default_para_init)
    spi_enable                               0x08002093   Thumb Code    18  at32f435_437_spi.o(.text.spi_enable)
    spi_i2s_data_transmit                    0x080020a5   Thumb Code     4  at32f435_437_spi.o(.text.spi_i2s_data_transmit)
    spi_i2s_dma_transmitter_enable           0x080020a9   Thumb Code    18  at32f435_437_spi.o(.text.spi_i2s_dma_transmitter_enable)
    spi_i2s_flag_get                         0x080020bb   Thumb Code    10  at32f435_437_spi.o(.text.spi_i2s_flag_get)
    spi_init                                 0x080020c5   Thumb Code   282  at32f435_437_spi.o(.text.spi_init)
    system_core_clock_update                 0x080021e1   Thumb Code    92  system_at32f435_437.o(.text.system_core_clock_update)
    systick_clock_source_config              0x08002265   Thumb Code    20  at32f435_437_misc.o(.text.systick_clock_source_config)
    usart_enable                             0x0800227d   Thumb Code    18  at32f435_437_usart.o(.text.usart_enable)
    usart_hardware_flow_control_set          0x08002291   Thumb Code    62  at32f435_437_usart.o(.text.usart_hardware_flow_control_set)
    usart_init                               0x080022d1   Thumb Code   144  at32f435_437_usart.o(.text.usart_init)
    usart_parity_selection_config            0x08002365   Thumb Code    52  at32f435_437_usart.o(.text.usart_parity_selection_config)
    usart_receiver_enable                    0x08002399   Thumb Code    18  at32f435_437_usart.o(.text.usart_receiver_enable)
    usart_transmitter_enable                 0x080023ab   Thumb Code    18  at32f435_437_usart.o(.text.usart_transmitter_enable)
    wk_adc1_init                             0x080023bd   Thumb Code   140  at32f435_437_wk_config.o(.text.wk_adc1_init)
    wk_adc_common_init                       0x0800244d   Thumb Code    36  at32f435_437_wk_config.o(.text.wk_adc_common_init)
    wk_dma1_channel1_init                    0x08002471   Thumb Code    72  at32f435_437_wk_config.o(.text.wk_dma1_channel1_init)
    wk_dma_channel_config                    0x080024bd   Thumb Code     8  at32f435_437_wk_config.o(.text.wk_dma_channel_config)
    wk_gpio_config                           0x080024c5   Thumb Code   148  at32f435_437_wk_config.o(.text.wk_gpio_config)
    wk_nvic_config                           0x08002561   Thumb Code     6  at32f435_437_wk_config.o(.text.wk_nvic_config)
    wk_periph_clock_config                   0x08002569   Thumb Code    80  at32f435_437_wk_config.o(.text.wk_periph_clock_config)
    wk_spi1_init                             0x080025c5   Thumb Code   128  at32f435_437_wk_config.o(.text.wk_spi1_init)
    wk_system_clock_config                   0x0800264d   Thumb Code   164  at32f435_437_wk_config.o(.text.wk_system_clock_config)
    wk_timebase_handler                      0x08002701   Thumb Code    12  wk_system.o(.text.wk_timebase_handler)
    wk_timebase_init                         0x08002711   Thumb Code    44  wk_system.o(.text.wk_timebase_init)
    wk_usart1_init                           0x08002741   Thumb Code   128  at32f435_437_wk_config.o(.text.wk_usart1_init)
    _btod_d2e                                0x080027c9   Thumb Code    62  btod.o(CL$$btod_d2e)
    _d2e_denorm_low                          0x08002807   Thumb Code    70  btod.o(CL$$btod_d2e_denorm_low)
    _d2e_norm_op1                            0x0800284d   Thumb Code    96  btod.o(CL$$btod_d2e_norm_op1)
    __btod_div_common                        0x080028ad   Thumb Code   696  btod.o(CL$$btod_div_common)
    _e2e                                     0x08002be5   Thumb Code   220  btod.o(CL$$btod_e2e)
    _btod_ediv                               0x08002cc1   Thumb Code    42  btod.o(CL$$btod_ediv)
    _btod_emul                               0x08002ceb   Thumb Code    42  btod.o(CL$$btod_emul)
    __btod_mult_common                       0x08002d15   Thumb Code   580  btod.o(CL$$btod_mult_common)
    __ARM_fpclassify                         0x08002f59   Thumb Code    48  fpclassify.o(i.__ARM_fpclassify)
    _is_digit                                0x08002f89   Thumb Code    14  __printf_wp.o(i._is_digit)
    _get_lc_numeric                          0x08002f99   Thumb Code    44  lc_numeric_c.o(locale$$code)
    __aeabi_d2f                              0x08002fc5   Thumb Code     0  d2f.o(x$fpl$d2f)
    _d2f                                     0x08002fc5   Thumb Code    98  d2f.o(x$fpl$d2f)
    __aeabi_dadd                             0x08003029   Thumb Code     0  daddsub_clz.o(x$fpl$dadd)
    _dadd                                    0x08003029   Thumb Code   332  daddsub_clz.o(x$fpl$dadd)
    __aeabi_ddiv                             0x08003179   Thumb Code     0  ddiv.o(x$fpl$ddiv)
    _ddiv                                    0x08003179   Thumb Code   556  ddiv.o(x$fpl$ddiv)
    __aeabi_d2iz                             0x0800342d   Thumb Code     0  dfix.o(x$fpl$dfix)
    _dfix                                    0x0800342d   Thumb Code    94  dfix.o(x$fpl$dfix)
    __fpl_dnaninf                            0x0800348b   Thumb Code   156  dnaninf.o(x$fpl$dnaninf)
    __fpl_dretinf                            0x08003527   Thumb Code    12  dretinf.o(x$fpl$dretinf)
    __aeabi_dsub                             0x08003535   Thumb Code     0  daddsub_clz.o(x$fpl$dsub)
    _dsub                                    0x08003535   Thumb Code   472  daddsub_clz.o(x$fpl$dsub)
    __aeabi_f2d                              0x08003711   Thumb Code     0  f2d.o(x$fpl$f2d)
    _f2d                                     0x08003711   Thumb Code    86  f2d.o(x$fpl$f2d)
    __fpl_fnaninf                            0x08003767   Thumb Code   140  fnaninf.o(x$fpl$fnaninf)
    _fp_init                                 0x080037f3   Thumb Code    26  fpinit.o(x$fpl$fpinit)
    __fplib_config_fpu_vfp                   0x0800380b   Thumb Code     0  fpinit.o(x$fpl$fpinit)
    __fplib_config_pureend_doubles           0x0800380b   Thumb Code     0  fpinit.o(x$fpl$fpinit)
    __fpl_fretinf                            0x0800380d   Thumb Code    10  fretinf.o(x$fpl$fretinf)
    _printf_fp_dec                           0x08003817   Thumb Code     4  printf1.o(x$fpl$printf1)
    __I$use$fp                               0x0800381a   Number         0  usenofp.o(x$fpl$usenofp)
    Region$$Table$$Base                      0x08004614   Number         0  anon$$obj.o(Region$$Table)
    Region$$Table$$Limit                     0x08004634   Number         0  anon$$obj.o(Region$$Table)
    SHT$$INIT_ARRAY$$Base                    0x08004650   Number         0  main.o(.init_array)
    SHT$$INIT_ARRAY$$Limit                   0x08004658   Number         0  init_aeabi.o(.init_array)
    Font_11x18                               0x20000000   Data           8  fonts.o(.data.Font_11x18)
    num                                      0x20000008   Data           4  main.o(.data.num)
    system_core_clock                        0x2000000c   Data           4  system_at32f435_437.o(.data.system_core_clock)
    __libspace_start                         0x20000010   Data          96  libspace.o(.bss)
    __temporary_stack_top$libspace           0x20000070   Data           0  libspace.o(.bss)
    acs712                                   0x20000070   Data           1  main.o(.bss..L_MergedGlobals)
    adc_ordinary_value                       0x20000072   Data           2  main.o(.bss..L_MergedGlobals)
    fnum                                     0x20000074   Data           4  main.o(.bss..L_MergedGlobals)
    st7789                                   0x20000078   Data          24  main.o(.bss..L_MergedGlobals)
    index                                    0x20000090   Data           1  acs712.o(.bss..L_MergedGlobals)
    sum                                      0x20000098   Data           8  acs712.o(.bss..L_MergedGlobals)
    temp_values                              0x200000a0   Data          52  acs712.o(.bss..L_MergedGlobals)
    adc_values                               0x200000d4   Data          60  acs712.o(.bss.adc_values)
    fac_us                                   0x20000110   Data           2  xtp_delay.o(.bss.fac_us)
    led2                                     0x20000114   Data           8  acs712.o(.bss.led2)
    timebase_ticks                           0x2000011c   Data           4  wk_system.o(.bss.timebase_ticks)



==============================================================================

Memory Map of the image

  Image Entry point : 0x0800020d

  Load Region LR_IROM1 (Base: 0x08000000, Size: 0x00004668, Max: 0x00100000, ABSOLUTE)

    Execution Region ER_IROM1 (Exec base: 0x08000000, Load base: 0x08000000, Size: 0x00004658, Max: 0x00100000, ABSOLUTE)

    Exec Addr    Load Addr    Size         Type   Attr      Idx    E Section Name        Object

    0x08000000   0x08000000   0x0000020c   Data   RO          703    RESET               startup_at32f435_437.o
    0x0800020c   0x0800020c   0x00000008   Code   RO          940  * !!!main             c_w.l(__main.o)
    0x08000214   0x08000214   0x00000034   Code   RO         1214    !!!scatter          c_w.l(__scatter.o)
    0x08000248   0x08000248   0x0000001a   Code   RO         1216    !!handler_copy      c_w.l(__scatter_copy.o)
    0x08000262   0x08000262   0x00000002   PAD
    0x08000264   0x08000264   0x0000001c   Code   RO         1218    !!handler_zi        c_w.l(__scatter_zi.o)
    0x08000280   0x08000280   0x00000000   Code   RO          933    .ARM.Collect$$_printf_percent$$00000000  c_w.l(_printf_percent.o)
    0x08000280   0x08000280   0x00000006   Code   RO          932    .ARM.Collect$$_printf_percent$$00000003  c_w.l(_printf_f.o)
    0x08000286   0x08000286   0x00000006   Code   RO          931    .ARM.Collect$$_printf_percent$$00000009  c_w.l(_printf_d.o)
    0x0800028c   0x0800028c   0x00000004   Code   RO          983    .ARM.Collect$$_printf_percent$$00000017  c_w.l(_printf_percent_end.o)
    0x08000290   0x08000290   0x00000002   Code   RO         1132    .ARM.Collect$$libinit$$00000000  c_w.l(libinit.o)
    0x08000292   0x08000292   0x00000004   Code   RO          984    .ARM.Collect$$libinit$$00000001  c_w.l(libinit2.o)
    0x08000296   0x08000296   0x00000000   Code   RO          987    .ARM.Collect$$libinit$$00000004  c_w.l(libinit2.o)
    0x08000296   0x08000296   0x00000000   Code   RO          990    .ARM.Collect$$libinit$$0000000A  c_w.l(libinit2.o)
    0x08000296   0x08000296   0x00000000   Code   RO          992    .ARM.Collect$$libinit$$0000000C  c_w.l(libinit2.o)
    0x08000296   0x08000296   0x00000000   Code   RO          994    .ARM.Collect$$libinit$$0000000E  c_w.l(libinit2.o)
    0x08000296   0x08000296   0x00000006   Code   RO          995    .ARM.Collect$$libinit$$0000000F  c_w.l(libinit2.o)
    0x0800029c   0x0800029c   0x00000000   Code   RO          997    .ARM.Collect$$libinit$$00000011  c_w.l(libinit2.o)
    0x0800029c   0x0800029c   0x00000000   Code   RO          999    .ARM.Collect$$libinit$$00000013  c_w.l(libinit2.o)
    0x0800029c   0x0800029c   0x00000000   Code   RO         1001    .ARM.Collect$$libinit$$00000015  c_w.l(libinit2.o)
    0x0800029c   0x0800029c   0x0000000a   Code   RO         1002    .ARM.Collect$$libinit$$00000016  c_w.l(libinit2.o)
    0x080002a6   0x080002a6   0x00000000   Code   RO         1003    .ARM.Collect$$libinit$$00000017  c_w.l(libinit2.o)
    0x080002a6   0x080002a6   0x00000000   Code   RO         1005    .ARM.Collect$$libinit$$00000019  c_w.l(libinit2.o)
    0x080002a6   0x080002a6   0x00000000   Code   RO         1007    .ARM.Collect$$libinit$$0000001B  c_w.l(libinit2.o)
    0x080002a6   0x080002a6   0x00000000   Code   RO         1009    .ARM.Collect$$libinit$$0000001D  c_w.l(libinit2.o)
    0x080002a6   0x080002a6   0x00000000   Code   RO         1011    .ARM.Collect$$libinit$$0000001F  c_w.l(libinit2.o)
    0x080002a6   0x080002a6   0x00000000   Code   RO         1013    .ARM.Collect$$libinit$$00000021  c_w.l(libinit2.o)
    0x080002a6   0x080002a6   0x00000000   Code   RO         1015    .ARM.Collect$$libinit$$00000023  c_w.l(libinit2.o)
    0x080002a6   0x080002a6   0x00000000   Code   RO         1017    .ARM.Collect$$libinit$$00000025  c_w.l(libinit2.o)
    0x080002a6   0x080002a6   0x00000000   Code   RO         1021    .ARM.Collect$$libinit$$0000002C  c_w.l(libinit2.o)
    0x080002a6   0x080002a6   0x00000000   Code   RO         1023    .ARM.Collect$$libinit$$0000002E  c_w.l(libinit2.o)
    0x080002a6   0x080002a6   0x00000000   Code   RO         1025    .ARM.Collect$$libinit$$00000030  c_w.l(libinit2.o)
    0x080002a6   0x080002a6   0x00000004   Code   RO         1026    .ARM.Collect$$libinit$$00000031  c_w.l(libinit2.o)
    0x080002aa   0x080002aa   0x00000000   Code   RO         1027    .ARM.Collect$$libinit$$00000032  c_w.l(libinit2.o)
    0x080002aa   0x080002aa   0x00000002   Code   RO         1028    .ARM.Collect$$libinit$$00000033  c_w.l(libinit2.o)
    0x080002ac   0x080002ac   0x00000002   Code   RO         1181    .ARM.Collect$$libshutdown$$00000000  c_w.l(libshutdown.o)
    0x080002ae   0x080002ae   0x00000000   Code   RO         1197    .ARM.Collect$$libshutdown$$00000002  c_w.l(libshutdown2.o)
    0x080002ae   0x080002ae   0x00000000   Code   RO         1199    .ARM.Collect$$libshutdown$$00000004  c_w.l(libshutdown2.o)
    0x080002ae   0x080002ae   0x00000000   Code   RO         1202    .ARM.Collect$$libshutdown$$00000007  c_w.l(libshutdown2.o)
    0x080002ae   0x080002ae   0x00000000   Code   RO         1205    .ARM.Collect$$libshutdown$$0000000A  c_w.l(libshutdown2.o)
    0x080002ae   0x080002ae   0x00000000   Code   RO         1207    .ARM.Collect$$libshutdown$$0000000C  c_w.l(libshutdown2.o)
    0x080002ae   0x080002ae   0x00000000   Code   RO         1210    .ARM.Collect$$libshutdown$$0000000F  c_w.l(libshutdown2.o)
    0x080002ae   0x080002ae   0x00000002   Code   RO         1211    .ARM.Collect$$libshutdown$$00000010  c_w.l(libshutdown2.o)
    0x080002b0   0x080002b0   0x00000000   Code   RO          968    .ARM.Collect$$rtentry$$00000000  c_w.l(__rtentry.o)
    0x080002b0   0x080002b0   0x00000000   Code   RO         1043    .ARM.Collect$$rtentry$$00000002  c_w.l(__rtentry2.o)
    0x080002b0   0x080002b0   0x00000006   Code   RO         1055    .ARM.Collect$$rtentry$$00000004  c_w.l(__rtentry4.o)
    0x080002b6   0x080002b6   0x00000000   Code   RO         1045    .ARM.Collect$$rtentry$$00000009  c_w.l(__rtentry2.o)
    0x080002b6   0x080002b6   0x00000004   Code   RO         1046    .ARM.Collect$$rtentry$$0000000A  c_w.l(__rtentry2.o)
    0x080002ba   0x080002ba   0x00000000   Code   RO         1048    .ARM.Collect$$rtentry$$0000000C  c_w.l(__rtentry2.o)
    0x080002ba   0x080002ba   0x00000008   Code   RO         1049    .ARM.Collect$$rtentry$$0000000D  c_w.l(__rtentry2.o)
    0x080002c2   0x080002c2   0x00000002   Code   RO         1137    .ARM.Collect$$rtexit$$00000000  c_w.l(rtexit.o)
    0x080002c4   0x080002c4   0x00000000   Code   RO         1161    .ARM.Collect$$rtexit$$00000002  c_w.l(rtexit2.o)
    0x080002c4   0x080002c4   0x00000004   Code   RO         1162    .ARM.Collect$$rtexit$$00000003  c_w.l(rtexit2.o)
    0x080002c8   0x080002c8   0x00000006   Code   RO         1163    .ARM.Collect$$rtexit$$00000004  c_w.l(rtexit2.o)
    0x080002ce   0x080002ce   0x00000002   PAD
    0x080002d0   0x080002d0   0x00000040   Code   RO          704    .text               startup_at32f435_437.o
    0x08000310   0x08000310   0x000000f0   Code   RO          901    .text               c_w.l(lludivv7m.o)
    0x08000400   0x08000400   0x00000028   Code   RO          905    .text               c_w.l(noretval__2sprintf.o)
    0x08000428   0x08000428   0x00000078   Code   RO          909    .text               c_w.l(_printf_dec.o)
    0x080004a0   0x080004a0   0x0000010e   Code   RO          919    .text               c_w.l(__printf_wp.o)
    0x080005ae   0x080005ae   0x0000004e   Code   RO          936    .text               c_w.l(rt_memclr_w.o)
    0x080005fc   0x080005fc   0x00000006   Code   RO          938    .text               c_w.l(heapauxi.o)
    0x08000602   0x08000602   0x00000002   PAD
    0x08000604   0x08000604   0x00000024   Code   RO          945    .text               c_w.l(init_aeabi.o)
    0x08000628   0x08000628   0x000000b2   Code   RO          973    .text               c_w.l(_printf_intcommon.o)
    0x080006da   0x080006da   0x0000041c   Code   RO          975    .text               c_w.l(_printf_fp_dec.o)
    0x08000af6   0x08000af6   0x00000002   PAD
    0x08000af8   0x08000af8   0x00000030   Code   RO          979    .text               c_w.l(_printf_char_common.o)
    0x08000b28   0x08000b28   0x0000000a   Code   RO          981    .text               c_w.l(_sputc.o)
    0x08000b32   0x08000b32   0x00000002   PAD
    0x08000b34   0x08000b34   0x00000008   Code   RO         1062    .text               c_w.l(rt_locale_intlibspace.o)
    0x08000b3c   0x08000b3c   0x0000008a   Code   RO         1064    .text               c_w.l(lludiv10.o)
    0x08000bc6   0x08000bc6   0x00000002   PAD
    0x08000bc8   0x08000bc8   0x00000080   Code   RO         1066    .text               c_w.l(_printf_fp_infnan.o)
    0x08000c48   0x08000c48   0x000000e4   Code   RO         1070    .text               c_w.l(bigflt0.o)
    0x08000d2c   0x08000d2c   0x00000008   Code   RO         1108    .text               c_w.l(libspace.o)
    0x08000d34   0x08000d34   0x0000004a   Code   RO         1111    .text               c_w.l(sys_stackheap_outer.o)
    0x08000d7e   0x08000d7e   0x00000012   Code   RO         1115    .text               c_w.l(exit.o)
    0x08000d90   0x08000d90   0x0000007c   Code   RO         1121    .text               c_w.l(strcmpv7em.o)
    0x08000e0c   0x08000e0c   0x0000000c   Code   RO         1153    .text               c_w.l(sys_exit.o)
    0x08000e18   0x08000e18   0x00000002   Code   RO         1157    .text               c_w.l(use_no_semi.o)
    0x08000e1a   0x08000e1a   0x00000000   Code   RO         1159    .text               c_w.l(indicate_semi.o)
    0x08000e1a   0x08000e1a   0x00000002   Code   RO            8    .text.BusFault_Handler  at32f435_437_int.o
    0x08000e1c   0x08000e1c   0x00000002   Code   RO           14    .text.DebugMon_Handler  at32f435_437_int.o
    0x08000e1e   0x08000e1e   0x00000002   Code   RO            4    .text.HardFault_Handler  at32f435_437_int.o
    0x08000e20   0x08000e20   0x00000002   Code   RO            6    .text.MemManage_Handler  at32f435_437_int.o
    0x08000e22   0x08000e22   0x00000002   Code   RO            2    .text.NMI_Handler   at32f435_437_int.o
    0x08000e24   0x08000e24   0x00000006   Code   RO           47    .text.OUTLINED_FUNCTION_0  at32f435_437_wk_config.o
    0x08000e2a   0x08000e2a   0x0000000c   Code   RO          412    .text.OUTLINED_FUNCTION_0  at32f435_437_adc.o
    0x08000e36   0x08000e36   0x00000008   Code   RO          770    .text.OUTLINED_FUNCTION_0  st7789.o
    0x08000e3e   0x08000e3e   0x00000008   Code   RO          772    .text.OUTLINED_FUNCTION_1  st7789.o
    0x08000e46   0x08000e46   0x0000000e   Code   RO          416    .text.OUTLINED_FUNCTION_2  at32f435_437_adc.o
    0x08000e54   0x08000e54   0x00000006   Code   RO          774    .text.OUTLINED_FUNCTION_2  st7789.o
    0x08000e5a   0x08000e5a   0x0000000e   Code   RO          776    .text.OUTLINED_FUNCTION_3  st7789.o
    0x08000e68   0x08000e68   0x0000000a   Code   RO          778    .text.OUTLINED_FUNCTION_4  st7789.o
    0x08000e72   0x08000e72   0x00000002   Code   RO           16    .text.PendSV_Handler  at32f435_437_int.o
    0x08000e74   0x08000e74   0x00000002   Code   RO           12    .text.SVC_Handler   at32f435_437_int.o
    0x08000e76   0x08000e76   0x00000004   Code   RO           18    .text.SysTick_Handler  at32f435_437_int.o
    0x08000e7a   0x08000e7a   0x00000002   PAD
    0x08000e7c   0x08000e7c   0x00000060   Code   RO          711    .text.SystemInit    system_at32f435_437.o
    0x08000edc   0x08000edc   0x00000002   Code   RO           10    .text.UsageFault_Handler  at32f435_437_int.o
    0x08000ede   0x08000ede   0x00000002   PAD
    0x08000ee0   0x08000ee0   0x00000010   Code   RO          884    .text._GLOBAL__sub_I_acs712.cpp  acs712.o
    0x08000ef0   0x08000ef0   0x00000028   Code   RO           60    .text._GLOBAL__sub_I_main.c  main.o
    0x08000f18   0x08000f18   0x00000020   Code   RO          818    .text._Z10delay_initv  xtp_delay.o
    0x08000f38   0x08000f38   0x00000070   Code   RO           56    .text._Z14show_adc_valuev  main.o
    0x08000fa8   0x08000fa8   0x00000016   Code   RO          822    .text._Z8delay_mst  xtp_delay.o
    0x08000fbe   0x08000fbe   0x00000002   PAD
    0x08000fc0   0x08000fc0   0x00000038   Code   RO          820    .text._Z8delay_ust  xtp_delay.o
    0x08000ff8   0x08000ff8   0x00000012   Code   RO          833    .text._ZN11XTP_Utility11u16_arr_sumEPtj  xtp_utility.o
    0x0800100a   0x0800100a   0x00000002   PAD
    0x0800100c   0x0800100c   0x00000034   Code   RO          880    .text._ZN6ACS71210getCurrentEv  acs712.o
    0x08001040   0x08001040   0x00000054   Code   RO          874    .text._ZN6ACS71222arithmetic_mean_filterEv  acs712.o
    0x08001094   0x08001094   0x00000004   PAD
    0x08001098   0x08001098   0x000000b4   Code   RO          876    .text._ZN6ACS7126setMaxEf  acs712.o
    0x0800114c   0x0800114c   0x00000028   Code   RO          872    .text._ZN6ACS7128adc_readEv  acs712.o
    0x08001174   0x08001174   0x00000026   Code   RO          850    .text._ZN6Buzzer2onEii  buzzer.o
    0x0800119a   0x0800119a   0x00000004   Code   RO          842    .text._ZN6BuzzerC2EP9gpio_typet  buzzer.o
    0x0800119e   0x0800119e   0x00000002   PAD
    0x080011a0   0x080011a0   0x00000060   Code   RO          768    .text._ZN6St778910writeFloatEttfh7FontDeftt  st7789.o
    0x08001200   0x08001200   0x00000072   Code   RO          764    .text._ZN6St778911writeStringEttPKc7FontDeftt  st7789.o
    0x08001272   0x08001272   0x00000002   PAD
    0x08001274   0x08001274   0x00000054   Code   RO          758    .text._ZN6St778913drawRectangleEttttt  st7789.o
    0x080012c8   0x080012c8   0x000000bc   Code   RO          756    .text._ZN6St77898drawLineEttttt  st7789.o
    0x08001384   0x08001384   0x000000b8   Code   RO          766    .text._ZN6St77898writeNumEttjh7FontDeftt  st7789.o
    0x0800143c   0x0800143c   0x00000028   Code   RO          754    .text._ZN6St77899drawPixelEttt  st7789.o
    0x08001464   0x08001464   0x000000aa   Code   RO          762    .text._ZN6St77899writeCharEttc7FontDeftt  st7789.o
    0x0800150e   0x0800150e   0x00000002   PAD
    0x08001510   0x08001510   0x00000024   Code   RO          724    .text._ZN6St7789C2EP9gpio_typetS1_tS1_t  st7789.o
    0x08001534   0x08001534   0x00000006   Code   RO          860    .text._ZN7XTPGPioC2EP9gpio_typet  xtp_gpio.o
    0x0800153a   0x0800153a   0x00000002   PAD
    0x0800153c   0x0800153c   0x0000003c   Code   RO          738    .text._ZNK6St778911sendCommandEh  st7789.o
    0x08001578   0x08001578   0x0000001c   Code   RO          726    .text._ZNK6St778912setBacklightE8BlkState  st7789.o
    0x08001594   0x08001594   0x00000060   Code   RO          746    .text._ZNK6St778913setLcdAddressEtttt  st7789.o
    0x080015f4   0x080015f4   0x00000040   Code   RO          742    .text._ZNK6St778919writeSingleByteDataEh  st7789.o
    0x08001634   0x08001634   0x0000005a   Code   RO          750    .text._ZNK6St77895clearEt  st7789.o
    0x0800168e   0x0800168e   0x00000002   PAD
    0x08001690   0x08001690   0x00000038   Code   RO          728    .text._ZNK6St77895resetEv  st7789.o
    0x080016c8   0x080016c8   0x000001a4   Code   RO          748    .text._ZNK6St77897lcdInitEv  st7789.o
    0x0800186c   0x0800186c   0x00000044   Code   RO          740    .text._ZNK6St77898sendDataEPhj  st7789.o
    0x080018b0   0x080018b0   0x00000006   Code   RO          732    .text._ZNK6St77898setCSLowEv  st7789.o
    0x080018b6   0x080018b6   0x00000008   Code   RO          736    .text._ZNK6St77898setDCLowEv  st7789.o
    0x080018be   0x080018be   0x00000016   Code   RO          752    .text._ZNK6St77899displayOnEv  st7789.o
    0x080018d4   0x080018d4   0x00000006   Code   RO          730    .text._ZNK6St77899setCSHighEv  st7789.o
    0x080018da   0x080018da   0x00000008   Code   RO          734    .text._ZNK6St77899setDCHighEv  st7789.o
    0x080018e2   0x080018e2   0x0000000a   Code   RO          862    .text._ZNK7XTPGPio8setLevelE13confirm_state  xtp_gpio.o
    0x080018ec   0x080018ec   0x00000044   Code   RO          324    .text.adc_base_config  at32f435_437_adc.o
    0x08001930   0x08001930   0x00000008   Code   RO          322    .text.adc_base_default_para_init  at32f435_437_adc.o
    0x08001938   0x08001938   0x0000000a   Code   RO          342    .text.adc_calibration_init  at32f435_437_adc.o
    0x08001942   0x08001942   0x00000008   Code   RO          344    .text.adc_calibration_init_status_get  at32f435_437_adc.o
    0x0800194a   0x0800194a   0x0000000a   Code   RO          346    .text.adc_calibration_start  at32f435_437_adc.o
    0x08001954   0x08001954   0x00000008   Code   RO          348    .text.adc_calibration_status_get  at32f435_437_adc.o
    0x0800195c   0x0800195c   0x00000088   Code   RO          328    .text.adc_common_config  at32f435_437_adc.o
    0x080019e4   0x080019e4   0x0000000a   Code   RO          326    .text.adc_common_default_para_init  at32f435_437_adc.o
    0x080019ee   0x080019ee   0x0000000a   Code   RO          320    .text.adc_enable    at32f435_437_adc.o
    0x080019f8   0x080019f8   0x0000000a   Code   RO          396    .text.adc_flag_get  at32f435_437_adc.o
    0x08001a02   0x08001a02   0x00000054   Code   RO          356    .text.adc_ordinary_channel_set  at32f435_437_adc.o
    0x08001a56   0x08001a56   0x00000006   Code   RO          390    .text.adc_ordinary_conversion_data_get  at32f435_437_adc.o
    0x08001a5c   0x08001a5c   0x0000002a   Code   RO          362    .text.adc_ordinary_conversion_trigger_set  at32f435_437_adc.o
    0x08001a86   0x08001a86   0x00000012   Code   RO          382    .text.adc_ordinary_software_trigger_enable  at32f435_437_adc.o
    0x08001a98   0x08001a98   0x00000012   Code   RO          330    .text.adc_resolution_set  at32f435_437_adc.o
    0x08001aaa   0x08001aaa   0x00000002   PAD
    0x08001aac   0x08001aac   0x00000014   Code   RO          123    .text.crm_ahb_div_set  at32f435_437_crm.o
    0x08001ac0   0x08001ac0   0x00000014   Code   RO          125    .text.crm_apb1_div_set  at32f435_437_crm.o
    0x08001ad4   0x08001ad4   0x00000014   Code   RO          127    .text.crm_apb2_div_set  at32f435_437_crm.o
    0x08001ae8   0x08001ae8   0x00000018   Code   RO          135    .text.crm_auto_step_mode_enable  at32f435_437_crm.o
    0x08001b00   0x08001b00   0x00000058   Code   RO          115    .text.crm_clock_source_enable  at32f435_437_crm.o
    0x08001b58   0x08001b58   0x000000a0   Code   RO          151    .text.crm_clocks_freq_get  at32f435_437_crm.o
    0x08001bf8   0x08001bf8   0x00000014   Code   RO           99    .text.crm_flag_get  at32f435_437_crm.o
    0x08001c0c   0x08001c0c   0x0000001c   Code   RO          103    .text.crm_hext_stable_wait  at32f435_437_crm.o
    0x08001c28   0x08001c28   0x0000001c   Code   RO          109    .text.crm_periph_clock_enable  at32f435_437_crm.o
    0x08001c44   0x08001c44   0x00000048   Code   RO          145    .text.crm_pll_config  at32f435_437_crm.o
    0x08001c8c   0x08001c8c   0x00000048   Code   RO           93    .text.crm_reset     at32f435_437_crm.o
    0x08001cd4   0x08001cd4   0x00000034   Code   RO          147    .text.crm_sysclk_switch  at32f435_437_crm.o
    0x08001d08   0x08001d08   0x00000010   Code   RO          149    .text.crm_sysclk_switch_status_get  at32f435_437_crm.o
    0x08001d18   0x08001d18   0x0000000a   Code   RO          492    .text.dma_channel_enable  at32f435_437_dma.o
    0x08001d22   0x08001d22   0x0000000a   Code   RO          500    .text.dma_default_para_init  at32f435_437_dma.o
    0x08001d2c   0x08001d2c   0x00000088   Code   RO          502    .text.dma_init      at32f435_437_dma.o
    0x08001db4   0x08001db4   0x00000050   Code   RO          484    .text.dma_reset     at32f435_437_dma.o
    0x08001e04   0x08001e04   0x0000000e   Code   RO          506    .text.dmamux_enable  at32f435_437_dma.o
    0x08001e12   0x08001e12   0x0000000a   Code   RO          508    .text.dmamux_init   at32f435_437_dma.o
    0x08001e1c   0x08001e1c   0x00000004   Code   RO          190    .text.gpio_bits_reset  at32f435_437_gpio.o
    0x08001e20   0x08001e20   0x00000004   Code   RO          188    .text.gpio_bits_set  at32f435_437_gpio.o
    0x08001e24   0x08001e24   0x0000000c   Code   RO          192    .text.gpio_bits_write  at32f435_437_gpio.o
    0x08001e30   0x08001e30   0x0000000e   Code   RO          178    .text.gpio_default_para_init  at32f435_437_gpio.o
    0x08001e3e   0x08001e3e   0x00000076   Code   RO          176    .text.gpio_init     at32f435_437_gpio.o
    0x08001eb4   0x08001eb4   0x00000028   Code   RO          200    .text.gpio_pin_mux_config  at32f435_437_gpio.o
    0x08001edc   0x08001edc   0x00000004   PAD
    0x08001ee0   0x08001ee0   0x00000184   Code   RO           58    .text.main          main.o
    0x08002064   0x08002064   0x00000020   Code   RO          686    .text.nvic_priority_group_config  at32f435_437_misc.o
    0x08002084   0x08002084   0x0000000e   Code   RO          428    .text.spi_default_para_init  at32f435_437_spi.o
    0x08002092   0x08002092   0x00000012   Code   RO          452    .text.spi_enable    at32f435_437_spi.o
    0x080020a4   0x080020a4   0x00000004   Code   RO          466    .text.spi_i2s_data_transmit  at32f435_437_spi.o
    0x080020a8   0x080020a8   0x00000012   Code   RO          462    .text.spi_i2s_dma_transmitter_enable  at32f435_437_spi.o
    0x080020ba   0x080020ba   0x0000000a   Code   RO          470    .text.spi_i2s_flag_get  at32f435_437_spi.o
    0x080020c4   0x080020c4   0x0000011a   Code   RO          430    .text.spi_init      at32f435_437_spi.o
    0x080021de   0x080021de   0x00000002   PAD
    0x080021e0   0x080021e0   0x00000084   Code   RO          713    .text.system_core_clock_update  system_at32f435_437.o
    0x08002264   0x08002264   0x00000018   Code   RO          692    .text.systick_clock_source_config  at32f435_437_misc.o
    0x0800227c   0x0800227c   0x00000012   Code   RO          216    .text.usart_enable  at32f435_437_usart.o
    0x0800228e   0x0800228e   0x00000002   PAD
    0x08002290   0x08002290   0x0000003e   Code   RO          262    .text.usart_hardware_flow_control_set  at32f435_437_usart.o
    0x080022ce   0x080022ce   0x00000002   PAD
    0x080022d0   0x080022d0   0x00000094   Code   RO          212    .text.usart_init    at32f435_437_usart.o
    0x08002364   0x08002364   0x00000034   Code   RO          214    .text.usart_parity_selection_config  at32f435_437_usart.o
    0x08002398   0x08002398   0x00000012   Code   RO          220    .text.usart_receiver_enable  at32f435_437_usart.o
    0x080023aa   0x080023aa   0x00000012   Code   RO          218    .text.usart_transmitter_enable  at32f435_437_usart.o
    0x080023bc   0x080023bc   0x00000090   Code   RO           39    .text.wk_adc1_init  at32f435_437_wk_config.o
    0x0800244c   0x0800244c   0x00000024   Code   RO           37    .text.wk_adc_common_init  at32f435_437_wk_config.o
    0x08002470   0x08002470   0x0000004c   Code   RO           43    .text.wk_dma1_channel1_init  at32f435_437_wk_config.o
    0x080024bc   0x080024bc   0x00000008   Code   RO           45    .text.wk_dma_channel_config  at32f435_437_wk_config.o
    0x080024c4   0x080024c4   0x0000009c   Code   RO           33    .text.wk_gpio_config  at32f435_437_wk_config.o
    0x08002560   0x08002560   0x00000006   Code   RO           31    .text.wk_nvic_config  at32f435_437_wk_config.o
    0x08002566   0x08002566   0x00000002   PAD
    0x08002568   0x08002568   0x0000005c   Code   RO           29    .text.wk_periph_clock_config  at32f435_437_wk_config.o
    0x080025c4   0x080025c4   0x00000088   Code   RO           41    .text.wk_spi1_init  at32f435_437_wk_config.o
    0x0800264c   0x0800264c   0x000000b4   Code   RO           27    .text.wk_system_clock_config  at32f435_437_wk_config.o
    0x08002700   0x08002700   0x00000010   Code   RO           82    .text.wk_timebase_handler  wk_system.o
    0x08002710   0x08002710   0x00000030   Code   RO           80    .text.wk_timebase_init  wk_system.o
    0x08002740   0x08002740   0x00000088   Code   RO           35    .text.wk_usart1_init  at32f435_437_wk_config.o
    0x080027c8   0x080027c8   0x0000003e   Code   RO         1073    CL$$btod_d2e        c_w.l(btod.o)
    0x08002806   0x08002806   0x00000046   Code   RO         1075    CL$$btod_d2e_denorm_low  c_w.l(btod.o)
    0x0800284c   0x0800284c   0x00000060   Code   RO         1074    CL$$btod_d2e_norm_op1  c_w.l(btod.o)
    0x080028ac   0x080028ac   0x00000338   Code   RO         1083    CL$$btod_div_common  c_w.l(btod.o)
    0x08002be4   0x08002be4   0x000000dc   Code   RO         1080    CL$$btod_e2e        c_w.l(btod.o)
    0x08002cc0   0x08002cc0   0x0000002a   Code   RO         1077    CL$$btod_ediv       c_w.l(btod.o)
    0x08002cea   0x08002cea   0x0000002a   Code   RO         1076    CL$$btod_emul       c_w.l(btod.o)
    0x08002d14   0x08002d14   0x00000244   Code   RO         1082    CL$$btod_mult_common  c_w.l(btod.o)
    0x08002f58   0x08002f58   0x00000030   Code   RO         1106    i.__ARM_fpclassify  m_wm.l(fpclassify.o)
    0x08002f88   0x08002f88   0x0000000e   Code   RO          921    i._is_digit         c_w.l(__printf_wp.o)
    0x08002f96   0x08002f96   0x00000002   PAD
    0x08002f98   0x08002f98   0x0000002c   Code   RO         1098    locale$$code        c_w.l(lc_numeric_c.o)
    0x08002fc4   0x08002fc4   0x00000062   Code   RO          948    x$fpl$d2f           fz_wm.l(d2f.o)
    0x08003026   0x08003026   0x00000002   PAD
    0x08003028   0x08003028   0x00000150   Code   RO          950    x$fpl$dadd          fz_wm.l(daddsub_clz.o)
    0x08003178   0x08003178   0x000002b4   Code   RO          957    x$fpl$ddiv          fz_wm.l(ddiv.o)
    0x0800342c   0x0800342c   0x0000005e   Code   RO          960    x$fpl$dfix          fz_wm.l(dfix.o)
    0x0800348a   0x0800348a   0x0000009c   Code   RO         1033    x$fpl$dnaninf       fz_wm.l(dnaninf.o)
    0x08003526   0x08003526   0x0000000c   Code   RO         1035    x$fpl$dretinf       fz_wm.l(dretinf.o)
    0x08003532   0x08003532   0x00000002   PAD
    0x08003534   0x08003534   0x000001dc   Code   RO          952    x$fpl$dsub          fz_wm.l(daddsub_clz.o)
    0x08003710   0x08003710   0x00000056   Code   RO          964    x$fpl$f2d           fz_wm.l(f2d.o)
    0x08003766   0x08003766   0x0000008c   Code   RO         1037    x$fpl$fnaninf       fz_wm.l(fnaninf.o)
    0x080037f2   0x080037f2   0x0000001a   Code   RO         1102    x$fpl$fpinit        fz_wm.l(fpinit.o)
    0x0800380c   0x0800380c   0x0000000a   Code   RO         1039    x$fpl$fretinf       fz_wm.l(fretinf.o)
    0x08003816   0x08003816   0x00000004   Code   RO          966    x$fpl$printf1       fz_wm.l(printf1.o)
    0x0800381a   0x0800381a   0x00000000   Code   RO         1041    x$fpl$usenofp       fz_wm.l(usenofp.o)
    0x0800381a   0x0800381a   0x00000002   PAD
    0x0800381c   0x0800381c   0x00000094   Data   RO         1071    .constdata          c_w.l(bigflt0.o)
    0x080038b0   0x080038b0   0x00000d5c   Data   RO          793    .rodata.Font11x18   fonts.o
    0x0800460c   0x0800460c   0x00000008   Data   RO          165    .rodata.cst8        at32f435_437_crm.o
    0x08004614   0x08004614   0x00000020   Data   RO         1213    Region$$Table       anon$$obj.o
    0x08004634   0x08004634   0x0000001c   Data   RO         1097    locale$$data        c_w.l(lc_numeric_c.o)
    0x08004650   0x08004650   0x00000004   Data   RO           64    .init_array         main.o
    0x08004654   0x08004650   0x00000004   Data   RO          888    .init_array         acs712.o
    0x08004658   0x08004650   0x00000000   Data   RO          943    .init_array         c_w.l(init_aeabi.o)


    Execution Region RW_IRAM1 (Exec base: 0x20000000, Load base: 0x08004658, Size: 0x00000720, Max: 0x00060000, ABSOLUTE)

    Exec Addr    Load Addr    Size         Type   Attr      Idx    E Section Name        Object

    0x20000000   0x08004658   0x00000008   Data   RW          791    .data.Font_11x18    fonts.o
    0x20000008   0x08004660   0x00000004   Data   RW           62    .data.num           main.o
    0x2000000c   0x08004664   0x00000004   Data   RW          715    .data.system_core_clock  system_at32f435_437.o
    0x20000010        -       0x00000060   Zero   RW         1109    .bss                c_w.l(libspace.o)
    0x20000070        -       0x00000020   Zero   RW           66    .bss..L_MergedGlobals  main.o
    0x20000090        -       0x00000044   Zero   RW          889    .bss..L_MergedGlobals  acs712.o
    0x200000d4        -       0x0000003c   Zero   RW          886    .bss.adc_values     acs712.o
    0x20000110        -       0x00000002   Zero   RW          824    .bss.fac_us         xtp_delay.o
    0x20000112   0x08004668   0x00000002   PAD
    0x20000114        -       0x00000008   Zero   RW          887    .bss.led2           acs712.o
    0x2000011c        -       0x00000004   Zero   RW           84    .bss.timebase_ticks  wk_system.o
    0x20000120        -       0x00000200   Zero   RW          702    HEAP                startup_at32f435_437.o
    0x20000320        -       0x00000400   Zero   RW          701    STACK               startup_at32f435_437.o


==============================================================================

Image component sizes


      Code (inc. data)   RO Data    RW Data    ZI Data      Debug   Object Name

       372         68          4          0        136       7609   acs712.o
       472          4          0          0          0      25237   at32f435_437_adc.o
       620         70          8          0          0      30215   at32f435_437_crm.o
       260          4          0          0          0      15762   at32f435_437_dma.o
       192          0          0          0          0      12295   at32f435_437_gpio.o
        20          0          0          0          0       1172   at32f435_437_int.o
        56         12          0          0          0       7688   at32f435_437_misc.o
       346          4          0          0          0      13417   at32f435_437_spi.o
       316          8          0          0          0      13744   at32f435_437_usart.o
       976         60          0          0          0      37510   at32f435_437_wk_config.o
        42          0          0          0          0       3480   buzzer.o
         0          0       3420          8          0        942   fonts.o
       540         80          4          4         32      10296   main.o
      1890         52          0          0          0      20830   st7789.o
        64         26        524          0       1536        896   startup_at32f435_437.o
       228         56          0          4          0      11986   system_at32f435_437.o
        64          8          0          0          4       2028   wk_system.o
       110         16          0          0          2       2812   xtp_delay.o
        16          0          0          0          0       2728   xtp_gpio.o
        18          0          0          0          0       2145   xtp_utility.o

    ----------------------------------------------------------------------
      6638        472       3992         16       1712     222792   Object Totals
         0          0         32          0          0          0   (incl. Generated)
        36          4          0          0          2          0   (incl. Padding)

    ----------------------------------------------------------------------

      Code (inc. data)   RO Data    RW Data    ZI Data      Debug   Library Member Name

         8          0          0          0          0         68   __main.o
       284          0          0          0          0        156   __printf_wp.o
         0          0          0          0          0          0   __rtentry.o
        12          0          0          0          0          0   __rtentry2.o
         6          0          0          0          0          0   __rtentry4.o
        52          8          0          0          0          0   __scatter.o
        26          0          0          0          0          0   __scatter_copy.o
        28          0          0          0          0          0   __scatter_zi.o
        48          6          0          0          0         96   _printf_char_common.o
         6          0          0          0          0          0   _printf_d.o
       120         16          0          0          0         92   _printf_dec.o
         6          0          0          0          0          0   _printf_f.o
      1052          0          0          0          0        148   _printf_fp_dec.o
       128         16          0          0          0         84   _printf_fp_infnan.o
       178          0          0          0          0         88   _printf_intcommon.o
         0          0          0          0          0          0   _printf_percent.o
         4          0          0          0          0          0   _printf_percent_end.o
        10          0          0          0          0         68   _sputc.o
       228          4        148          0          0         96   bigflt0.o
      1936        128          0          0          0        668   btod.o
        18          0          0          0          0         80   exit.o
         6          0          0          0          0        152   heapauxi.o
         0          0          0          0          0          0   indicate_semi.o
        36          8          0          0          0         80   init_aeabi.o
        44         10         28          0          0         76   lc_numeric_c.o
         2          0          0          0          0          0   libinit.o
        26          0          0          0          0          0   libinit2.o
         2          0          0          0          0          0   libshutdown.o
         2          0          0          0          0          0   libshutdown2.o
         8          4          0          0         96         68   libspace.o
       138          0          0          0          0         80   lludiv10.o
       240          0          0          0          0        100   lludivv7m.o
        40          6          0          0          0         84   noretval__2sprintf.o
         8          4          0          0          0         68   rt_locale_intlibspace.o
        78          0          0          0          0         80   rt_memclr_w.o
         2          0          0          0          0          0   rtexit.o
        10          0          0          0          0          0   rtexit2.o
       124          0          0          0          0         88   strcmpv7em.o
        12          4          0          0          0         68   sys_exit.o
        74          0          0          0          0         80   sys_stackheap_outer.o
         2          0          0          0          0         68   use_no_semi.o
        98          4          0          0          0        140   d2f.o
       812         16          0          0          0        392   daddsub_clz.o
       692        140          0          0          0        264   ddiv.o
        94          4          0          0          0        140   dfix.o
       156          4          0          0          0        140   dnaninf.o
        12          0          0          0          0        116   dretinf.o
        86          4          0          0          0        132   f2d.o
       140          4          0          0          0        132   fnaninf.o
        26          0          0          0          0        116   fpinit.o
        10          0          0          0          0        116   fretinf.o
         4          0          0          0          0        116   printf1.o
         0          0          0          0          0          0   usenofp.o
        48          0          0          0          0        124   fpclassify.o

    ----------------------------------------------------------------------
      7202        390        176          0         96       4664   Library Totals
        20          0          0          0          0          0   (incl. Padding)

    ----------------------------------------------------------------------

      Code (inc. data)   RO Data    RW Data    ZI Data      Debug   Library Name

      5004        214        176          0         96       2736   c_w.l
      2130        176          0          0          0       1804   fz_wm.l
        48          0          0          0          0        124   m_wm.l

    ----------------------------------------------------------------------
      7202        390        176          0         96       4664   Library Totals

    ----------------------------------------------------------------------

==============================================================================


      Code (inc. data)   RO Data    RW Data    ZI Data      Debug   

     13840        862       4168         16       1808     224560   Grand Totals
     13840        862       4168         16       1808     224560   ELF Image Totals
     13840        862       4168         16          0          0   ROM Totals

==============================================================================

    Total RO  Size (Code + RO Data)                18008 (  17.59kB)
    Total RW  Size (RW Data + ZI Data)              1824 (   1.78kB)
    Total ROM Size (Code + RO Data + RW Data)      18024 (  17.60kB)

==============================================================================

